BL51 BANKED LINKER/LOCATER V6.22.2.0                                                    09/28/2022  21:08:22  PAGE 1


BL51 BANKED LINKER/LOCATER V6.22.2.0, INVOKED BY:
D:\KEIL_V5\C51\BIN\BL51.EXE .\Objects\main.obj TO .\Objects\TEST1 PRINT (.\Listings\TEST1.m51) RAMSIZE (256)


MEMORY MODEL: SMALL


INPUT MODULES INCLUDED:
  .\Objects\main.obj (MAIN)
  D:\KEIL_V5\C51\LIB\C51S.LIB (?C_STARTUP)


LINK MAP OF MODULE:  .\Objects\TEST1 (MAIN)


            TYPE    BASE      LENGTH    RELOCATION   SEGMENT NAME
            -----------------------------------------------------

            * * * * * * *   D A T A   M E M O R Y   * * * * * * *
            REG     0000H     0008H     ABSOLUTE     "REG BANK 0"
            IDATA   0008H     0001H     UNIT         ?STACK

            * * * * * * *   C O D E   M E M O R Y   * * * * * * *
            CODE    0000H     0003H     ABSOLUTE     
            CODE    0003H     0032H     UNIT         ?PR?MAIN?MAIN
            CODE    0035H     001DH     UNIT         ?PR?_DELAY?MAIN
            CODE    0052H     000CH     UNIT         ?C_C51STARTUP



OVERLAY MAP OF MODULE:   .\Objects\TEST1 (MAIN)


SEGMENT
  +--> CALLED SEGMENT
---------------------
?C_C51STARTUP
  +--> ?PR?MAIN?MAIN

?PR?MAIN?MAIN
  +--> ?PR?_DELAY?MAIN



SYMBOL TABLE OF MODULE:  .\Objects\TEST1 (MAIN)

  VALUE           TYPE          NAME
  ----------------------------------

  -------         MODULE        MAIN
  C:0000H         SYMBOL        _ICE_DUMMY_
  D:00A0H         PUBLIC        P2
  C:0003H         PUBLIC        main
  C:0039H         PUBLIC        _Delay
  C:0035H         SYMBOL        L?0014
  -------         PROC          L?0013
  -------         ENDPROC       L?0013
  C:0035H         SYMBOL        L?0014
BL51 BANKED LINKER/LOCATER V6.22.2.0                                                  09/28/2022  21:08:22  PAGE 2


  -------         PROC          _DELAY
  D:0006H         SYMBOL        t
  -------         DO            
  D:0005H         SYMBOL        i
  D:0004H         SYMBOL        j
  -------         ENDDO         
  C:0039H         LINE#         4
  C:0039H         LINE#         5
  C:0039H         LINE#         7
  C:0042H         LINE#         8
  C:0042H         LINE#         9
  C:0044H         LINE#         10
  C:0046H         LINE#         12
  C:0046H         LINE#         13
  C:0048H         LINE#         14
  C:004AH         LINE#         15
  C:004FH         LINE#         16
  C:0051H         LINE#         17
  -------         ENDPROC       _DELAY
  -------         PROC          MAIN
  C:0003H         LINE#         20
  C:0003H         LINE#         21
  C:0003H         LINE#         23
  C:0003H         LINE#         24
  C:0003H         LINE#         25
  C:0006H         LINE#         26
  C:0009H         LINE#         27
  C:000CH         LINE#         28
  C:000FH         LINE#         29
  C:0012H         LINE#         30
  C:0015H         LINE#         31
  C:0018H         LINE#         32
  C:001BH         LINE#         33
  C:001EH         LINE#         34
  C:0021H         LINE#         35
  C:0024H         LINE#         36
  C:0027H         LINE#         37
  C:002AH         LINE#         38
  C:002DH         LINE#         39
  C:0030H         LINE#         40
  C:0033H         LINE#         41
  -------         ENDPROC       MAIN
  -------         ENDMOD        MAIN

Program Size: data=9.0 xdata=0 code=94
LINK/LOCATE RUN COMPLETE.  0 WARNING(S),  0 ERROR(S)
