C51 COMPILER V9.59.0.0   MAIN                                                              10/03/2022 12:32:05 PAGE 1   


C51 COMPILER V9.59.0.0, COMPILATION OF MODULE MAIN
OBJECT MODULE PLACED IN .\Objects\main.obj
COMPILER INVOKED BY: D:\Keil_v5\C51\BIN\C51.EXE main.c OPTIMIZE(8,SPEED) BROWSE DEBUG OBJECTEXTEND PRINT(.\Listings\main
                    -.lst) TABS(2) OBJECT(.\Objects\main.obj)

line level    source

   1          #include <REGX52.H>
   2          #include "LCD1602.h"
   3          #include "Delay.h"
   4          
   5          int a=0;
   6          
   7          void main(){
   8   1        LCD_Init();
   9   1      
  10   1      //  a=1+1l;
  11   1      //  LCD_ShowChar(1,1,'C');
  12   1      //  LCD_ShowString(1,3,"Hello World");
  13   1      //  LCD_ShowNum(2,1,a,1);
  14   1        while(1){
  15   2          a++;
  16   2          LCD_ShowNum(2,1,a,3);
  17   2          Delay(1000);
  18   2        }
  19   1      }


MODULE INFORMATION:   STATIC OVERLAYABLE
   CODE SIZE        =     33    ----
   CONSTANT SIZE    =   ----    ----
   XDATA SIZE       =   ----    ----
   PDATA SIZE       =   ----    ----
   DATA SIZE        =      2    ----
   IDATA SIZE       =   ----    ----
   BIT SIZE         =   ----    ----
END OF MODULE INFORMATION.


C51 COMPILATION COMPLETE.  0 WARNING(S),  0 ERROR(S)
