BL51 BANKED LINKER/LOCATER V6.22.2.0                                                    10/23/2022  19:58:53  PAGE 1


BL51 BANKED LINKER/LOCATER V6.22.2.0, INVOKED BY:
D:\KEIL_V5\C51\BIN\BL51.EXE .\Objects\main.obj TO .\Objects\test PRINT (.\Listings\test.m51) RAMSIZE (256)


MEMORY MODEL: SMALL


INPUT MODULES INCLUDED:
  .\Objects\main.obj (MAIN)
  D:\KEIL_V5\C51\LIB\C51S.LIB (?C_STARTUP)


LINK MAP OF MODULE:  .\Objects\test (MAIN)


            TYPE    BASE      LENGTH    RELOCATION   SEGMENT NAME
            -----------------------------------------------------

            * * * * * * *   D A T A   M E M O R Y   * * * * * * *
            REG     0000H     0008H     ABSOLUTE     "REG BANK 0"
            IDATA   0008H     0001H     UNIT         ?STACK

            * * * * * * *   C O D E   M E M O R Y   * * * * * * *
            CODE    0000H     0003H     ABSOLUTE     
            CODE    0003H     0042H     UNIT         ?PR?MAIN?MAIN
            CODE    0045H     0015H     UNIT         ?PR?_DELAY?MAIN
            CODE    005AH     000CH     UNIT         ?C_C51STARTUP



OVERLAY MAP OF MODULE:   .\Objects\test (MAIN)


SEGMENT
  +--> CALLED SEGMENT
---------------------
?C_C51STARTUP
  +--> ?PR?MAIN?MAIN

?PR?MAIN?MAIN
  +--> ?PR?_DELAY?MAIN



SYMBOL TABLE OF MODULE:  .\Objects\test (MAIN)

  VALUE           TYPE          NAME
  ----------------------------------

  -------         MODULE        MAIN
  C:0000H         SYMBOL        _ICE_DUMMY_
  D:00A0H         PUBLIC        P2
  C:0003H         PUBLIC        main
  B:00A0H.0       PUBLIC        LED
  C:0053H         PUBLIC        _Delay
  -------         PROC          L?0019
  -------         ENDPROC       L?0019
  -------         PROC          _DELAY
BL51 BANKED LINKER/LOCATER V6.22.2.0                                                  10/23/2022  19:58:53  PAGE 2


  D:0007H         SYMBOL        time
  C:0053H         LINE#         5
  C:0053H         LINE#         6
  C:0053H         LINE#         7
  C:0059H         LINE#         8
  -------         ENDPROC       _DELAY
  -------         PROC          MAIN
  -------         DO            
  D:0004H         SYMBOL        i
  D:0005H         SYMBOL        j
  -------         ENDDO         
  C:0003H         LINE#         10
  C:0003H         LINE#         12
  C:0003H         LINE#         13
  C:000FH         LINE#         14
  C:000FH         LINE#         15
  C:001BH         LINE#         16
  C:001BH         LINE#         17
  C:001BH         LINE#         18
  C:001BH         LINE#         19
  C:001BH         LINE#         20
  C:001EH         LINE#         21
  C:0021H         LINE#         23
  C:0024H         LINE#         24
  C:0030H         LINE#         25
  C:0030H         LINE#         26
  C:003CH         LINE#         27
  C:003CH         LINE#         28
  C:003CH         LINE#         29
  C:003CH         LINE#         30
  C:003CH         LINE#         31
  C:003FH         LINE#         32
  C:0042H         LINE#         34
  -------         ENDPROC       MAIN
  -------         ENDMOD        MAIN

Program Size: data=9.0 xdata=0 code=102
LINK/LOCATE RUN COMPLETE.  0 WARNING(S),  0 ERROR(S)
