BL51 BANKED LINKER/LOCATER V6.22.2.0                                                    10/03/2022  17:04:22  PAGE 1


BL51 BANKED LINKER/LOCATER V6.22.2.0, INVOKED BY:
D:\KEIL_V5\C51\BIN\BL51.EXE .\Objects\main.obj, .\Objects\Delay.obj, .\Objects\LCD1602.obj, .\Objects\MatrixKey.obj TO .
>> \Objects\test PRINT (.\Listings\test.m51) RAMSIZE (256)


MEMORY MODEL: SMALL


INPUT MODULES INCLUDED:
  .\Objects\main.obj (MAIN)
  .\Objects\Delay.obj (DELAY)
  .\Objects\LCD1602.obj (LCD1602)
  .\Objects\MatrixKey.obj (MATRIXKEY)
  D:\KEIL_V5\C51\LIB\C51S.LIB (?C_STARTUP)
  D:\KEIL_V5\C51\LIB\C51S.LIB (?C?CLDOPTR)
  D:\KEIL_V5\C51\LIB\C51S.LIB (?C?IMUL)
  D:\KEIL_V5\C51\LIB\C51S.LIB (?C?UIDIV)


LINK MAP OF MODULE:  .\Objects\test (MAIN)


            TYPE    BASE      LENGTH    RELOCATION   SEGMENT NAME
            -----------------------------------------------------

            * * * * * * *   D A T A   M E M O R Y   * * * * * * *
            REG     0000H     0008H     ABSOLUTE     "REG BANK 0"
            DATA    0008H     0009H     UNIT         _DATA_GROUP_
            DATA    0011H     0007H     UNIT         ?DT?_LCD_SHOWSIGNEDNUM?LCD1602
            DATA    0018H     0005H     UNIT         ?DT?MAIN
            DATA    001DH     0005H     UNIT         ?DT?_LCD_SHOWHEXNUM?LCD1602
            DATA    0022H     0005H     UNIT         ?DT?_LCD_SHOWBINNUM?LCD1602
            IDATA   0027H     0001H     UNIT         ?STACK

            * * * * * * *   C O D E   M E M O R Y   * * * * * * *
            CODE    0000H     0003H     ABSOLUTE     
            CODE    0003H     0189H     UNIT         ?PR?MATRIXKEY?MATRIXKEY
            CODE    018CH     00BFH     UNIT         ?PR?MAIN?MAIN
            CODE    024BH     0094H     UNIT         ?C?LIB_CODE
            CODE    02DFH     004BH     UNIT         ?PR?_LCD_SHOWHEXNUM?LCD1602
            CODE    032AH     004AH     UNIT         ?PR?_LCD_SHOWSIGNEDNUM?LCD1602
            CODE    0374H     003DH     UNIT         ?PR?_LCD_SHOWBINNUM?LCD1602
            CODE    03B1H     0031H     UNIT         ?PR?_LCD_POW?LCD1602
            CODE    03E2H     0024H     UNIT         ?PR?_LCD_SHOWNUM?LCD1602
            CODE    0406H     0023H     UNIT         ?PR?_LCD_SHOWSTRING?LCD1602
            CODE    0429H     001EH     UNIT         ?PR?_LCD_WRITEDATA?LCD1602
            CODE    0447H     001EH     UNIT         ?PR?_LCD_SETCURSOR?LCD1602
            CODE    0465H     0014H     UNIT         ?PR?_DELAY?DELAY
            CODE    0479H     0014H     UNIT         ?PR?LCD_INIT?LCD1602
            CODE    048DH     0012H     UNIT         ?CO?MAIN
            CODE    049FH     000FH     UNIT         ?PR?LCD_DELAY?LCD1602
            CODE    04AEH     000CH     UNIT         ?C_C51STARTUP
            CODE    04BAH     000AH     UNIT         ?PR?_LCD_WRITECOMMAND?LCD1602
            CODE    04C4H     000AH     UNIT         ?PR?_LCD_SHOWCHAR?LCD1602



OVERLAY MAP OF MODULE:   .\Objects\test (MAIN)
BL51 BANKED LINKER/LOCATER V6.22.2.0                                                  10/03/2022  17:04:22  PAGE 2




SEGMENT                                  DATA_GROUP 
  +--> CALLED SEGMENT                  START    LENGTH
------------------------------------------------------
?C_C51STARTUP                          -----    -----
  +--> ?PR?MAIN?MAIN

?PR?MAIN?MAIN                          -----    -----
  +--> ?PR?LCD_INIT?LCD1602
  +--> ?CO?MAIN
  +--> ?PR?_LCD_SHOWSTRING?LCD1602
  +--> ?PR?MATRIXKEY?MATRIXKEY
  +--> ?PR?_LCD_SHOWNUM?LCD1602

?PR?LCD_INIT?LCD1602                   -----    -----
  +--> ?PR?_LCD_WRITECOMMAND?LCD1602

?PR?_LCD_WRITECOMMAND?LCD1602          -----    -----
  +--> ?PR?LCD_DELAY?LCD1602

?PR?_LCD_SHOWSTRING?LCD1602            0008H    0003H
  +--> ?PR?_LCD_SETCURSOR?LCD1602
  +--> ?PR?_LCD_WRITEDATA?LCD1602

?PR?_LCD_SETCURSOR?LCD1602             -----    -----
  +--> ?PR?_LCD_WRITECOMMAND?LCD1602

?PR?_LCD_WRITEDATA?LCD1602             -----    -----
  +--> ?PR?LCD_DELAY?LCD1602

?PR?MATRIXKEY?MATRIXKEY                0008H    0001H
  +--> ?PR?_DELAY?DELAY

?PR?_LCD_SHOWNUM?LCD1602               0008H    0005H
  +--> ?PR?_LCD_SETCURSOR?LCD1602
  +--> ?PR?_LCD_POW?LCD1602
  +--> ?PR?_LCD_WRITEDATA?LCD1602

?PR?_LCD_POW?LCD1602                   000DH    0004H



SYMBOL TABLE OF MODULE:  .\Objects\test (MAIN)

  VALUE           TYPE          NAME
  ----------------------------------

  -------         MODULE        MAIN
  C:0000H         SYMBOL        _ICE_DUMMY_
  C:018CH         PUBLIC        main
  D:0018H         PUBLIC        count
  D:001AH         PUBLIC        PassWord
  D:001CH         PUBLIC        KeyNum
  -------         PROC          MAIN
  C:018CH         LINE#         9
  C:018CH         LINE#         10
BL51 BANKED LINKER/LOCATER V6.22.2.0                                                  10/03/2022  17:04:22  PAGE 3


  C:018FH         LINE#         11
  C:019CH         LINE#         12
  C:019CH         LINE#         13
  C:01A1H         LINE#         14
  C:01A4H         LINE#         15
  C:01B8H         LINE#         16
  C:01C7H         LINE#         17
  C:01D8H         LINE#         18
  C:01E5H         LINE#         19
  C:01EDH         LINE#         20
  C:01EDH         LINE#         21
  C:01F3H         LINE#         22
  C:01FDH         LINE#         23
  C:0203H         LINE#         25
  C:0203H         LINE#         26
  C:0203H         LINE#         27
  C:0203H         LINE#         28
  C:0205H         LINE#         29
  C:0212H         LINE#         30
  C:0217H         LINE#         31
  C:021BH         LINE#         32
  C:0229H         LINE#         33
  C:0229H         LINE#         34
  C:0229H         LINE#         35
  C:0232H         LINE#         37
  C:0236H         LINE#         38
  C:023AH         LINE#         39
  C:0248H         LINE#         40
  C:0248H         LINE#         41
  C:0248H         LINE#         42
  -------         ENDPROC       MAIN
  -------         ENDMOD        MAIN

  -------         MODULE        DELAY
  C:0000H         SYMBOL        _ICE_DUMMY_
  C:0465H         PUBLIC        _Delay
  -------         PROC          _DELAY
  D:0006H         SYMBOL        t
  -------         DO            
  D:0005H         SYMBOL        i
  D:0004H         SYMBOL        j
  -------         ENDDO         
  C:0465H         LINE#         2
  C:0465H         LINE#         3
  C:0465H         LINE#         6
  C:0469H         LINE#         7
  C:046BH         LINE#         8
  C:046DH         LINE#         10
  C:046DH         LINE#         11
  C:046FH         LINE#         12
  C:0471H         LINE#         13
  C:0476H         LINE#         14
  C:0478H         LINE#         17
  -------         ENDPROC       _DELAY
  -------         ENDMOD        DELAY

  -------         MODULE        LCD1602
BL51 BANKED LINKER/LOCATER V6.22.2.0                                                  10/03/2022  17:04:22  PAGE 4


  C:0000H         SYMBOL        _ICE_DUMMY_
  D:0080H         PUBLIC        P0
  D:00A0H         PUBLIC        P2
  C:04BAH         PUBLIC        _LCD_WriteCommand
  C:03E2H         PUBLIC        _LCD_ShowNum
  C:0374H         PUBLIC        _LCD_ShowBinNum
  C:04A5H         PUBLIC        LCD_Delay
  C:02DFH         PUBLIC        _LCD_ShowHexNum
  C:043DH         PUBLIC        _LCD_WriteData
  B:00A0H.7       PUBLIC        LCD_EN
  C:0479H         PUBLIC        LCD_Init
  C:0406H         PUBLIC        _LCD_ShowString
  C:04C4H         PUBLIC        _LCD_ShowChar
  B:00A0H.6       PUBLIC        LCD_RS
  B:00A0H.5       PUBLIC        LCD_RW
  C:0447H         PUBLIC        _LCD_SetCursor
  C:032AH         PUBLIC        _LCD_ShowSignedNum
  C:03BBH         PUBLIC        _LCD_Pow
  -------         PROC          L?0047
  -------         ENDPROC       L?0047
  -------         PROC          LCD_DELAY
  -------         DO            
  D:0007H         SYMBOL        i
  D:0006H         SYMBOL        j
  -------         ENDDO         
  C:04A5H         LINE#         15
  C:04A5H         LINE#         16
  C:04A5H         LINE#         19
  C:04A7H         LINE#         20
  C:04A9H         LINE#         22
  C:04A9H         LINE#         23
  C:04ABH         LINE#         24
  C:04ADH         LINE#         25
  -------         ENDPROC       LCD_DELAY
  -------         PROC          _LCD_WRITECOMMAND
  D:0007H         SYMBOL        Command
  C:04BAH         LINE#         32
  C:04BAH         LINE#         33
  C:04BAH         LINE#         34
  C:04BCH         LINE#         35
  C:04BCH         LINE#         36
  C:04BCH         LINE#         37
  C:04BCH         LINE#         38
  C:04BFH         LINE#         39
  C:04C1H         LINE#         40
  -------         ENDPROC       _LCD_WRITECOMMAND
  -------         PROC          L?0045
  -------         ENDPROC       L?0045
  -------         PROC          _LCD_WRITEDATA
  D:0007H         SYMBOL        Data
  C:043DH         LINE#         48
  C:043DH         LINE#         49
  C:043DH         LINE#         50
  C:043FH         LINE#         51
  C:043FH         LINE#         52
  C:043FH         LINE#         53
  C:043FH         LINE#         54
BL51 BANKED LINKER/LOCATER V6.22.2.0                                                  10/03/2022  17:04:22  PAGE 5


  C:0442H         LINE#         55
  C:0444H         LINE#         56
  -------         ENDPROC       _LCD_WRITEDATA
  -------         PROC          _LCD_SETCURSOR
  D:0006H         SYMBOL        Line
  D:0005H         SYMBOL        Column
  C:0447H         LINE#         65
  C:0449H         LINE#         66
  C:0449H         LINE#         67
  C:0451H         LINE#         68
  C:0451H         LINE#         69
  C:0453H         LINE#         70
  C:0455H         LINE#         71
  C:045BH         LINE#         72
  C:045BH         LINE#         73
  C:0464H         LINE#         74
  C:0464H         LINE#         75
  -------         ENDPROC       _LCD_SETCURSOR
  -------         PROC          LCD_INIT
  C:0479H         LINE#         82
  C:0479H         LINE#         83
  C:0479H         LINE#         84
  C:047EH         LINE#         85
  C:0483H         LINE#         86
  C:0488H         LINE#         87
  -------         ENDPROC       LCD_INIT
  -------         PROC          _LCD_SHOWCHAR
  D:0006H         SYMBOL        Line
  D:0005H         SYMBOL        Column
  D:0004H         SYMBOL        Char
  C:04C4H         LINE#         97
  C:04C6H         LINE#         98
  C:04C6H         LINE#         99
  C:04C9H         LINE#         100
  -------         ENDPROC       _LCD_SHOWCHAR
  -------         PROC          _LCD_SHOWSTRING
  D:0007H         SYMBOL        Line
  D:0005H         SYMBOL        Column
  D:0008H         SYMBOL        String
  -------         DO            
  D:0005H         SYMBOL        i
  -------         ENDDO         
  C:0406H         LINE#         110
  C:040CH         LINE#         111
  C:040CH         LINE#         113
  C:040FH         LINE#         114
  C:0422H         LINE#         115
  C:0422H         LINE#         116
  C:0425H         LINE#         117
  C:0428H         LINE#         118
  -------         ENDPROC       _LCD_SHOWSTRING
  -------         PROC          L?0046
  -------         ENDPROC       L?0046
  -------         PROC          _LCD_POW
  D:000DH         SYMBOL        X
  D:000FH         SYMBOL        Y
  -------         DO            
BL51 BANKED LINKER/LOCATER V6.22.2.0                                                  10/03/2022  17:04:22  PAGE 6


  D:0003H         SYMBOL        i
  D:0006H         SYMBOL        Result
  -------         ENDDO         
  C:03BBH         LINE#         123
  C:03C3H         LINE#         124
  C:03C3H         LINE#         126
  C:03C7H         LINE#         127
  C:03D7H         LINE#         128
  C:03D7H         LINE#         129
  C:03DEH         LINE#         130
  C:03E1H         LINE#         131
  C:03E1H         LINE#         132
  -------         ENDPROC       _LCD_POW
  -------         PROC          _LCD_SHOWNUM
  D:0007H         SYMBOL        Line
  D:0005H         SYMBOL        Column
  D:000AH         SYMBOL        Number
  D:000CH         SYMBOL        Length
  -------         DO            
  D:0002H         SYMBOL        i
  -------         ENDDO         
  C:03E2H         LINE#         142
  C:03E6H         LINE#         143
  C:03E6H         LINE#         145
  C:03E9H         LINE#         146
  C:03F8H         LINE#         147
  C:03F8H         LINE#         148
  C:0402H         LINE#         149
  C:0405H         LINE#         150
  -------         ENDPROC       _LCD_SHOWNUM
  -------         PROC          _LCD_SHOWSIGNEDNUM
  D:0007H         SYMBOL        Line
  D:0005H         SYMBOL        Column
  D:0082H         SYMBOL        Number
  D:0015H         SYMBOL        Length
  -------         DO            
  D:0002H         SYMBOL        i
  D:0016H         SYMBOL        Number1
  -------         ENDDO         
  C:032AH         LINE#         160
  C:032EH         LINE#         161
  C:032EH         LINE#         164
  C:0331H         LINE#         165
  C:033AH         LINE#         166
  C:033AH         LINE#         167
  C:033FH         LINE#         168
  C:0345H         LINE#         169
  C:0347H         LINE#         171
  C:0347H         LINE#         172
  C:034CH         LINE#         173
  C:0357H         LINE#         174
  C:0357H         LINE#         175
  C:0366H         LINE#         176
  C:0366H         LINE#         177
  C:0370H         LINE#         178
  C:0373H         LINE#         179
  -------         ENDPROC       _LCD_SHOWSIGNEDNUM
BL51 BANKED LINKER/LOCATER V6.22.2.0                                                  10/03/2022  17:04:22  PAGE 7


  -------         PROC          _LCD_SHOWHEXNUM
  D:0007H         SYMBOL        Line
  D:0005H         SYMBOL        Column
  D:001FH         SYMBOL        Number
  D:0021H         SYMBOL        Length
  -------         DO            
  D:0002H         SYMBOL        i
  D:0006H         SYMBOL        SingleNumber
  -------         ENDDO         
  C:02DFH         LINE#         189
  C:02E3H         LINE#         190
  C:02E3H         LINE#         192
  C:02E6H         LINE#         193
  C:02F2H         LINE#         194
  C:02F2H         LINE#         195
  C:0312H         LINE#         196
  C:031CH         LINE#         197
  C:031CH         LINE#         198
  C:031EH         LINE#         199
  C:0320H         LINE#         201
  C:0320H         LINE#         202
  C:0326H         LINE#         203
  C:0326H         LINE#         204
  C:0329H         LINE#         205
  -------         ENDPROC       _LCD_SHOWHEXNUM
  -------         PROC          _LCD_SHOWBINNUM
  D:0007H         SYMBOL        Line
  D:0005H         SYMBOL        Column
  D:0024H         SYMBOL        Number
  D:0026H         SYMBOL        Length
  -------         DO            
  D:0002H         SYMBOL        i
  -------         ENDDO         
  C:0374H         LINE#         215
  C:0378H         LINE#         216
  C:0378H         LINE#         218
  C:037BH         LINE#         219
  C:038AH         LINE#         220
  C:038AH         LINE#         221
  C:03ADH         LINE#         222
  C:03B0H         LINE#         223
  -------         ENDPROC       _LCD_SHOWBINNUM
  -------         ENDMOD        LCD1602

  -------         MODULE        MATRIXKEY
  C:0000H         SYMBOL        _ICE_DUMMY_
  D:0090H         PUBLIC        P1
  B:0090H.0       PUBLIC        P1_0
  B:0090H.1       PUBLIC        P1_1
  B:0090H.2       PUBLIC        P1_2
  B:0090H.3       PUBLIC        P1_3
  B:0090H.4       PUBLIC        P1_4
  B:0090H.5       PUBLIC        P1_5
  B:0090H.6       PUBLIC        P1_6
  B:0090H.7       PUBLIC        P1_7
  C:0003H         PUBLIC        MatrixKey
  -------         PROC          MATRIXKEY
BL51 BANKED LINKER/LOCATER V6.22.2.0                                                  10/03/2022  17:04:22  PAGE 8


  -------         DO            
  D:0008H         SYMBOL        KeyNumber
  -------         ENDDO         
  C:0003H         LINE#         4
  C:0003H         LINE#         5
  C:0006H         LINE#         7
  C:0009H         LINE#         8
  C:000BH         LINE#         9
  C:0021H         LINE#         10
  C:0038H         LINE#         11
  C:004FH         LINE#         12
  C:0066H         LINE#         14
  C:0069H         LINE#         15
  C:006BH         LINE#         16
  C:0082H         LINE#         17
  C:0099H         LINE#         18
  C:00B0H         LINE#         19
  C:00C7H         LINE#         21
  C:00CAH         LINE#         22
  C:00CCH         LINE#         23
  C:00E3H         LINE#         24
  C:00FAH         LINE#         25
  C:0111H         LINE#         26
  C:0128H         LINE#         28
  C:012BH         LINE#         29
  C:012DH         LINE#         30
  C:0144H         LINE#         31
  C:015BH         LINE#         32
  C:0172H         LINE#         33
  C:0189H         LINE#         35
  C:018BH         LINE#         36
  -------         ENDPROC       MATRIXKEY
  -------         ENDMOD        MATRIXKEY

  -------         MODULE        ?C?CLDOPTR
  C:024BH         PUBLIC        ?C?CLDOPTR
  -------         ENDMOD        ?C?CLDOPTR

  -------         MODULE        ?C?IMUL
  C:0278H         PUBLIC        ?C?IMUL
  -------         ENDMOD        ?C?IMUL

  -------         MODULE        ?C?UIDIV
  C:028AH         PUBLIC        ?C?UIDIV
  -------         ENDMOD        ?C?UIDIV

*** WARNING L16: UNCALLED SEGMENT, IGNORED FOR OVERLAY PROCESS
    SEGMENT: ?PR?_LCD_SHOWCHAR?LCD1602

*** WARNING L16: UNCALLED SEGMENT, IGNORED FOR OVERLAY PROCESS
    SEGMENT: ?PR?_LCD_SHOWSIGNEDNUM?LCD1602

*** WARNING L16: UNCALLED SEGMENT, IGNORED FOR OVERLAY PROCESS
    SEGMENT: ?PR?_LCD_SHOWHEXNUM?LCD1602

*** WARNING L16: UNCALLED SEGMENT, IGNORED FOR OVERLAY PROCESS
    SEGMENT: ?PR?_LCD_SHOWBINNUM?LCD1602
BL51 BANKED LINKER/LOCATER V6.22.2.0                                                  10/03/2022  17:04:22  PAGE 9



Program Size: data=40.0 xdata=0 code=1230
LINK/LOCATE RUN COMPLETE.  4 WARNING(S),  0 ERROR(S)
