BL51 BANKED LINKER/LOCATER V6.22.2.0                                                    11/18/2022  13:41:06  PAGE 1


BL51 BANKED LINKER/LOCATER V6.22.2.0, INVOKED BY:
D:\KEIL_V5\C51\BIN\BL51.EXE .\Objects\STARTUP.obj, .\Objects\esimlab4.obj, .\Objects\LCD1602.obj TO .\Objects\esimlab4 P
>> RINT (.\Listings\esimlab4.m51) DISABLEWARNING (16)


MEMORY MODEL: SMALL


INPUT MODULES INCLUDED:
  .\Objects\STARTUP.obj (?C_STARTUP)
  .\Objects\esimlab4.obj (ESIMLAB4)
  .\Objects\LCD1602.obj (LCD1602)
  D:\KEIL_V5\C51\LIB\C51S.LIB (?C?CLDOPTR)
  D:\KEIL_V5\C51\LIB\C51S.LIB (?C?IMUL)
  D:\KEIL_V5\C51\LIB\C51S.LIB (?C?UIDIV)


LINK MAP OF MODULE:  .\Objects\esimlab4 (?C_STARTUP)


            TYPE    BASE      LENGTH    RELOCATION   SEGMENT NAME
            -----------------------------------------------------

            * * * * * * *   D A T A   M E M O R Y   * * * * * * *
            REG     0000H     0008H     ABSOLUTE     "REG BANK 0"
            DATA    0008H     0007H     UNIT         ?DT?_LCD_SHOWSIGNEDNUM?LCD1602
            DATA    000FH     0005H     UNIT         ?DT?_LCD_SHOWNUM?LCD1602
            DATA    0014H     0005H     UNIT         ?DT?_LCD_SHOWHEXNUM?LCD1602
            DATA    0019H     0005H     UNIT         ?DT?_LCD_SHOWBINNUM?LCD1602
            DATA    001EH     0004H     UNIT         ?DT?_LCD_POW?LCD1602
            DATA    0022H     0003H     UNIT         _DATA_GROUP_
            IDATA   0025H     0001H     UNIT         ?STACK

            * * * * * * *   C O D E   M E M O R Y   * * * * * * *
            CODE    0000H     0003H     ABSOLUTE     
            CODE    0003H     0094H     UNIT         ?C?LIB_CODE
            CODE    0097H     004BH     UNIT         ?PR?_LCD_SHOWHEXNUM?LCD1602
            CODE    00E2H     004AH     UNIT         ?PR?_LCD_SHOWSIGNEDNUM?LCD1602
            CODE    012CH     003DH     UNIT         ?PR?_LCD_SHOWBINNUM?LCD1602
            CODE    0169H     0035H     UNIT         ?PR?_LCD_SHOWSTRING?LCD1602
            CODE    019EH     0031H     UNIT         ?PR?_LCD_POW?LCD1602
            CODE    01CFH     0024H     UNIT         ?PR?_LCD_SHOWNUM?LCD1602
            CODE    01F3H     001FH     UNIT         ?PR?MAIN?ESIMLAB4
            CODE    0212H     001EH     UNIT         ?PR?_LCD_WRITEDATA?LCD1602
            CODE    0230H     001EH     UNIT         ?PR?_LCD_SETCURSOR?LCD1602
            CODE    024EH     0014H     UNIT         ?PR?LCD_INIT?LCD1602
            CODE    0262H     0012H     UNIT         ?PR?LCD_DELAY?LCD1602
            CODE    0274H     0011H     UNIT         ?CO?ESIMLAB4
            CODE    0285H     000CH     UNIT         ?C_C51STARTUP
            CODE    0291H     000AH     UNIT         ?PR?_LCD_WRITECOMMAND?LCD1602
            CODE    029BH     000AH     UNIT         ?PR?_LCD_SHOWCHAR?LCD1602



OVERLAY MAP OF MODULE:   .\Objects\esimlab4 (?C_STARTUP)


SEGMENT                                  DATA_GROUP 
BL51 BANKED LINKER/LOCATER V6.22.2.0                                                  11/18/2022  13:41:06  PAGE 2


  +--> CALLED SEGMENT                  START    LENGTH
------------------------------------------------------
?C_C51STARTUP                          -----    -----
  +--> ?PR?MAIN?ESIMLAB4

?PR?MAIN?ESIMLAB4                      -----    -----
  +--> ?PR?LCD_INIT?LCD1602
  +--> ?CO?ESIMLAB4
  +--> ?PR?_LCD_SHOWSTRING?LCD1602

?PR?LCD_INIT?LCD1602                   -----    -----
  +--> ?PR?_LCD_WRITECOMMAND?LCD1602

?PR?_LCD_WRITECOMMAND?LCD1602          -----    -----
  +--> ?PR?LCD_DELAY?LCD1602

?PR?_LCD_SHOWSTRING?LCD1602            0022H    0003H
  +--> ?PR?_LCD_SETCURSOR?LCD1602
  +--> ?PR?_LCD_WRITEDATA?LCD1602
  +--> ?PR?LCD_DELAY?LCD1602

?PR?_LCD_SETCURSOR?LCD1602             -----    -----
  +--> ?PR?_LCD_WRITECOMMAND?LCD1602

?PR?_LCD_WRITEDATA?LCD1602             -----    -----
  +--> ?PR?LCD_DELAY?LCD1602



SYMBOL TABLE OF MODULE:  .\Objects\esimlab4 (?C_STARTUP)

  VALUE           TYPE          NAME
  ----------------------------------

  -------         MODULE        ?C_STARTUP
  C:0285H         SEGMENT       ?C_C51STARTUP
  I:0025H         SEGMENT       ?STACK
  C:0000H         PUBLIC        ?C_STARTUP
  D:00E0H         SYMBOL        ACC
  D:00F0H         SYMBOL        B
  D:0083H         SYMBOL        DPH
  D:0082H         SYMBOL        DPL
  N:0000H         SYMBOL        IBPSTACK
  N:0100H         SYMBOL        IBPSTACKTOP
  N:0080H         SYMBOL        IDATALEN
  C:0288H         SYMBOL        IDATALOOP
  N:0000H         SYMBOL        PBPSTACK
  N:0100H         SYMBOL        PBPSTACKTOP
  N:0000H         SYMBOL        PDATALEN
  N:0000H         SYMBOL        PDATASTART
  N:0000H         SYMBOL        PPAGE
  N:0000H         SYMBOL        PPAGEENABLE
  D:00A0H         SYMBOL        PPAGE_SFR
  D:0081H         SYMBOL        SP
  C:0285H         SYMBOL        STARTUP1
  N:0000H         SYMBOL        XBPSTACK
  N:0000H         SYMBOL        XBPSTACKTOP
BL51 BANKED LINKER/LOCATER V6.22.2.0                                                  11/18/2022  13:41:06  PAGE 3


  N:0000H         SYMBOL        XDATALEN
  N:0000H         SYMBOL        XDATASTART
  C:0000H         LINE#         126
  C:0285H         LINE#         133
  C:0287H         LINE#         134
  C:0288H         LINE#         135
  C:0289H         LINE#         136
  C:028BH         LINE#         185
  C:028EH         LINE#         196
  -------         ENDMOD        ?C_STARTUP

  -------         MODULE        ESIMLAB4
  C:0000H         SYMBOL        _ICE_DUMMY_
  C:01F3H         PUBLIC        main
  -------         PROC          MAIN
  C:01F3H         LINE#         4
  C:01F3H         LINE#         5
  C:01F6H         LINE#         6
  C:0203H         LINE#         7
  C:0210H         LINE#         8
  -------         ENDPROC       MAIN
  -------         ENDMOD        ESIMLAB4

  -------         MODULE        LCD1602
  C:0000H         SYMBOL        _ICE_DUMMY_
  D:0080H         PUBLIC        P0
  D:00A0H         PUBLIC        P2
  C:0291H         PUBLIC        _LCD_WriteCommand
  C:01CFH         PUBLIC        _LCD_ShowNum
  C:012CH         PUBLIC        _LCD_ShowBinNum
  C:0268H         PUBLIC        LCD_Delay
  C:0097H         PUBLIC        _LCD_ShowHexNum
  C:0226H         PUBLIC        _LCD_WriteData
  B:00A0H.2       PUBLIC        LCD_EN
  C:024EH         PUBLIC        LCD_Init
  C:0169H         PUBLIC        _LCD_ShowString
  C:029BH         PUBLIC        _LCD_ShowChar
  B:00A0H.0       PUBLIC        LCD_RS
  B:00A0H.1       PUBLIC        LCD_RW
  C:0230H         PUBLIC        _LCD_SetCursor
  C:00E2H         PUBLIC        _LCD_ShowSignedNum
  C:01A8H         PUBLIC        _LCD_Pow
  -------         PROC          L?0050
  -------         ENDPROC       L?0050
  -------         PROC          LCD_DELAY
  -------         DO            
  D:0007H         SYMBOL        i
  D:0006H         SYMBOL        j
  -------         ENDDO         
  C:0268H         LINE#         22
  C:0268H         LINE#         23
  C:0268H         LINE#         26
  C:0269H         LINE#         27
  C:026AH         LINE#         28
  C:026BH         LINE#         29
  C:026DH         LINE#         30
  C:026FH         LINE#         32
BL51 BANKED LINKER/LOCATER V6.22.2.0                                                  11/18/2022  13:41:06  PAGE 4


  C:026FH         LINE#         33
  C:0271H         LINE#         34
  C:0273H         LINE#         35
  -------         ENDPROC       LCD_DELAY
  -------         PROC          _LCD_WRITECOMMAND
  D:0007H         SYMBOL        Command
  C:0291H         LINE#         41
  C:0291H         LINE#         42
  C:0291H         LINE#         43
  C:0293H         LINE#         44
  C:0293H         LINE#         45
  C:0293H         LINE#         46
  C:0293H         LINE#         47
  C:0296H         LINE#         48
  C:0298H         LINE#         49
  -------         ENDPROC       _LCD_WRITECOMMAND
  -------         PROC          L?0048
  -------         ENDPROC       L?0048
  -------         PROC          _LCD_WRITEDATA
  D:0007H         SYMBOL        Data
  C:0226H         LINE#         57
  C:0226H         LINE#         58
  C:0226H         LINE#         59
  C:0228H         LINE#         60
  C:0228H         LINE#         61
  C:0228H         LINE#         62
  C:0228H         LINE#         63
  C:022BH         LINE#         64
  C:022DH         LINE#         65
  -------         ENDPROC       _LCD_WRITEDATA
  -------         PROC          _LCD_SETCURSOR
  D:0006H         SYMBOL        Line
  D:0005H         SYMBOL        Column
  C:0230H         LINE#         74
  C:0232H         LINE#         75
  C:0232H         LINE#         76
  C:023AH         LINE#         77
  C:023AH         LINE#         78
  C:023CH         LINE#         79
  C:023EH         LINE#         80
  C:0244H         LINE#         81
  C:0244H         LINE#         82
  C:024DH         LINE#         83
  C:024DH         LINE#         84
  -------         ENDPROC       _LCD_SETCURSOR
  -------         PROC          LCD_INIT
  C:024EH         LINE#         91
  C:024EH         LINE#         92
  C:024EH         LINE#         93
  C:0253H         LINE#         94
  C:0258H         LINE#         95
  C:025DH         LINE#         96
  -------         ENDPROC       LCD_INIT
  -------         PROC          _LCD_SHOWCHAR
  D:0006H         SYMBOL        Line
  D:0005H         SYMBOL        Column
  D:0004H         SYMBOL        Char
BL51 BANKED LINKER/LOCATER V6.22.2.0                                                  11/18/2022  13:41:06  PAGE 5


  C:029BH         LINE#         106
  C:029DH         LINE#         107
  C:029DH         LINE#         108
  C:02A0H         LINE#         109
  -------         ENDPROC       _LCD_SHOWCHAR
  -------         PROC          _LCD_SHOWSTRING
  D:0007H         SYMBOL        Line
  D:0005H         SYMBOL        Column
  D:0022H         SYMBOL        String
  -------         DO            
  D:0005H         SYMBOL        i
  D:0004H         SYMBOL        j
  -------         ENDDO         
  C:0169H         LINE#         119
  C:016FH         LINE#         120
  C:016FH         LINE#         122
  C:0172H         LINE#         123
  C:0185H         LINE#         124
  C:0185H         LINE#         125
  C:0188H         LINE#         126
  C:0194H         LINE#         127
  C:0197H         LINE#         128
  C:019AH         LINE#         129
  C:019DH         LINE#         130
  -------         ENDPROC       _LCD_SHOWSTRING
  -------         PROC          L?0049
  -------         ENDPROC       L?0049
  -------         PROC          _LCD_POW
  D:001EH         SYMBOL        X
  D:0020H         SYMBOL        Y
  -------         DO            
  D:0003H         SYMBOL        i
  D:0006H         SYMBOL        Result
  -------         ENDDO         
  C:01A8H         LINE#         135
  C:01B0H         LINE#         136
  C:01B0H         LINE#         138
  C:01B4H         LINE#         139
  C:01C4H         LINE#         140
  C:01C4H         LINE#         141
  C:01CBH         LINE#         142
  C:01CEH         LINE#         143
  C:01CEH         LINE#         144
  -------         ENDPROC       _LCD_POW
  -------         PROC          _LCD_SHOWNUM
  D:0007H         SYMBOL        Line
  D:0005H         SYMBOL        Column
  D:0011H         SYMBOL        Number
  D:0013H         SYMBOL        Length
  -------         DO            
  D:0002H         SYMBOL        i
  -------         ENDDO         
  C:01CFH         LINE#         154
  C:01D3H         LINE#         155
  C:01D3H         LINE#         157
  C:01D6H         LINE#         158
  C:01E5H         LINE#         159
BL51 BANKED LINKER/LOCATER V6.22.2.0                                                  11/18/2022  13:41:06  PAGE 6


  C:01E5H         LINE#         160
  C:01EFH         LINE#         161
  C:01F2H         LINE#         162
  -------         ENDPROC       _LCD_SHOWNUM
  -------         PROC          _LCD_SHOWSIGNEDNUM
  D:0007H         SYMBOL        Line
  D:0005H         SYMBOL        Column
  D:0082H         SYMBOL        Number
  D:000CH         SYMBOL        Length
  -------         DO            
  D:0002H         SYMBOL        i
  D:000DH         SYMBOL        Number1
  -------         ENDDO         
  C:00E2H         LINE#         172
  C:00E6H         LINE#         173
  C:00E6H         LINE#         176
  C:00E9H         LINE#         177
  C:00F2H         LINE#         178
  C:00F2H         LINE#         179
  C:00F7H         LINE#         180
  C:00FDH         LINE#         181
  C:00FFH         LINE#         183
  C:00FFH         LINE#         184
  C:0104H         LINE#         185
  C:010FH         LINE#         186
  C:010FH         LINE#         187
  C:011EH         LINE#         188
  C:011EH         LINE#         189
  C:0128H         LINE#         190
  C:012BH         LINE#         191
  -------         ENDPROC       _LCD_SHOWSIGNEDNUM
  -------         PROC          _LCD_SHOWHEXNUM
  D:0007H         SYMBOL        Line
  D:0005H         SYMBOL        Column
  D:0016H         SYMBOL        Number
  D:0018H         SYMBOL        Length
  -------         DO            
  D:0002H         SYMBOL        i
  D:0006H         SYMBOL        SingleNumber
  -------         ENDDO         
  C:0097H         LINE#         201
  C:009BH         LINE#         202
  C:009BH         LINE#         204
  C:009EH         LINE#         205
  C:00AAH         LINE#         206
  C:00AAH         LINE#         207
  C:00CAH         LINE#         208
  C:00D4H         LINE#         209
  C:00D4H         LINE#         210
  C:00D6H         LINE#         211
  C:00D8H         LINE#         213
  C:00D8H         LINE#         214
  C:00DEH         LINE#         215
  C:00DEH         LINE#         216
  C:00E1H         LINE#         217
  -------         ENDPROC       _LCD_SHOWHEXNUM
  -------         PROC          _LCD_SHOWBINNUM
BL51 BANKED LINKER/LOCATER V6.22.2.0                                                  11/18/2022  13:41:06  PAGE 7


  D:0007H         SYMBOL        Line
  D:0005H         SYMBOL        Column
  D:001BH         SYMBOL        Number
  D:001DH         SYMBOL        Length
  -------         DO            
  D:0002H         SYMBOL        i
  -------         ENDDO         
  C:012CH         LINE#         227
  C:0130H         LINE#         228
  C:0130H         LINE#         230
  C:0133H         LINE#         231
  C:0142H         LINE#         232
  C:0142H         LINE#         233
  C:0165H         LINE#         234
  C:0168H         LINE#         235
  -------         ENDPROC       _LCD_SHOWBINNUM
  -------         ENDMOD        LCD1602

  -------         MODULE        ?C?CLDOPTR
  C:0003H         PUBLIC        ?C?CLDOPTR
  -------         ENDMOD        ?C?CLDOPTR

  -------         MODULE        ?C?IMUL
  C:0030H         PUBLIC        ?C?IMUL
  -------         ENDMOD        ?C?IMUL

  -------         MODULE        ?C?UIDIV
  C:0042H         PUBLIC        ?C?UIDIV
  -------         ENDMOD        ?C?UIDIV

Program Size: data=38.0 xdata=0 code=677
LINK/LOCATE RUN COMPLETE.  0 WARNING(S),  0 ERROR(S)
