BL51 BANKED LINKER/LOCATER V6.22.2.0                                                    11/07/2022  21:45:53  PAGE 1


BL51 BANKED LINKER/LOCATER V6.22.2.0, INVOKED BY:
D:\KEIL_V5\C51\BIN\BL51.EXE .\Objects\STARTUP.obj, .\Objects\esimlab4.obj, .\Objects\LCD1602.obj TO .\Objects\esimlab4 P
>> RINT (.\Listings\esimlab4.m51) DISABLEWARNING (16)


MEMORY MODEL: SMALL


INPUT MODULES INCLUDED:
  .\Objects\STARTUP.obj (?C_STARTUP)
  .\Objects\esimlab4.obj (ESIMLAB4)
  .\Objects\LCD1602.obj (LCD1602)
  D:\KEIL_V5\C51\LIB\C51S.LIB (?C?CLDOPTR)
  D:\KEIL_V5\C51\LIB\C51S.LIB (?C?IMUL)
  D:\KEIL_V5\C51\LIB\C51S.LIB (?C?UIDIV)


LINK MAP OF MODULE:  .\Objects\esimlab4 (?C_STARTUP)


            TYPE    BASE      LENGTH    RELOCATION   SEGMENT NAME
            -----------------------------------------------------

            * * * * * * *   D A T A   M E M O R Y   * * * * * * *
            REG     0000H     0008H     ABSOLUTE     "REG BANK 0"
            DATA    0008H     0007H     UNIT         ?DT?_LCD_SHOWSIGNEDNUM?LCD1602
            DATA    000FH     0005H     UNIT         ?DT?_LCD_SHOWNUM?LCD1602
            DATA    0014H     0005H     UNIT         ?DT?_LCD_SHOWHEXNUM?LCD1602
            DATA    0019H     0005H     UNIT         ?DT?_LCD_SHOWBINNUM?LCD1602
            DATA    001EH     0004H     UNIT         ?DT?_LCD_POW?LCD1602
            DATA    0022H     0003H     UNIT         _DATA_GROUP_
            IDATA   0025H     0001H     UNIT         ?STACK

            * * * * * * *   C O D E   M E M O R Y   * * * * * * *
            CODE    0000H     0003H     ABSOLUTE     
            CODE    0003H     0094H     UNIT         ?C?LIB_CODE
            CODE    0097H     004BH     UNIT         ?PR?_LCD_SHOWHEXNUM?LCD1602
            CODE    00E2H     004AH     UNIT         ?PR?_LCD_SHOWSIGNEDNUM?LCD1602
            CODE    012CH     003DH     UNIT         ?PR?_LCD_SHOWBINNUM?LCD1602
            CODE    0169H     0031H     UNIT         ?PR?_LCD_POW?LCD1602
            CODE    019AH     0024H     UNIT         ?PR?_LCD_WRITEDATA?LCD1602
            CODE    01BEH     0024H     UNIT         ?PR?_LCD_SHOWNUM?LCD1602
            CODE    01E2H     0023H     UNIT         ?PR?_LCD_SHOWSTRING?LCD1602
            CODE    0205H     001FH     UNIT         ?PR?MAIN?ESIMLAB4
            CODE    0224H     001EH     UNIT         ?PR?_LCD_SETCURSOR?LCD1602
            CODE    0242H     0014H     UNIT         ?PR?LCD_INIT?LCD1602
            CODE    0256H     0011H     UNIT         ?CO?ESIMLAB4
            CODE    0267H     0010H     UNIT         ?PR?_LCD_WRITECOMMAND?LCD1602
            CODE    0277H     000CH     UNIT         ?C_C51STARTUP
            CODE    0283H     000CH     UNIT         ?PR?LCD_DELAY?LCD1602
            CODE    028FH     000AH     UNIT         ?PR?_LCD_SHOWCHAR?LCD1602



OVERLAY MAP OF MODULE:   .\Objects\esimlab4 (?C_STARTUP)


SEGMENT                                  DATA_GROUP 
BL51 BANKED LINKER/LOCATER V6.22.2.0                                                  11/07/2022  21:45:53  PAGE 2


  +--> CALLED SEGMENT                  START    LENGTH
------------------------------------------------------
?C_C51STARTUP                          -----    -----
  +--> ?PR?MAIN?ESIMLAB4

?PR?MAIN?ESIMLAB4                      -----    -----
  +--> ?PR?LCD_INIT?LCD1602
  +--> ?CO?ESIMLAB4
  +--> ?PR?_LCD_SHOWSTRING?LCD1602

?PR?LCD_INIT?LCD1602                   -----    -----
  +--> ?PR?_LCD_WRITECOMMAND?LCD1602

?PR?_LCD_WRITECOMMAND?LCD1602          -----    -----
  +--> ?PR?LCD_DELAY?LCD1602

?PR?_LCD_SHOWSTRING?LCD1602            0022H    0003H
  +--> ?PR?_LCD_SETCURSOR?LCD1602
  +--> ?PR?_LCD_WRITEDATA?LCD1602

?PR?_LCD_SETCURSOR?LCD1602             -----    -----
  +--> ?PR?_LCD_WRITECOMMAND?LCD1602

?PR?_LCD_WRITEDATA?LCD1602             -----    -----
  +--> ?PR?LCD_DELAY?LCD1602



SYMBOL TABLE OF MODULE:  .\Objects\esimlab4 (?C_STARTUP)

  VALUE           TYPE          NAME
  ----------------------------------

  -------         MODULE        ?C_STARTUP
  C:0277H         SEGMENT       ?C_C51STARTUP
  I:0025H         SEGMENT       ?STACK
  C:0000H         PUBLIC        ?C_STARTUP
  D:00E0H         SYMBOL        ACC
  D:00F0H         SYMBOL        B
  D:0083H         SYMBOL        DPH
  D:0082H         SYMBOL        DPL
  N:0000H         SYMBOL        IBPSTACK
  N:0100H         SYMBOL        IBPSTACKTOP
  N:0080H         SYMBOL        IDATALEN
  C:027AH         SYMBOL        IDATALOOP
  N:0000H         SYMBOL        PBPSTACK
  N:0100H         SYMBOL        PBPSTACKTOP
  N:0000H         SYMBOL        PDATALEN
  N:0000H         SYMBOL        PDATASTART
  N:0000H         SYMBOL        PPAGE
  N:0000H         SYMBOL        PPAGEENABLE
  D:00A0H         SYMBOL        PPAGE_SFR
  D:0081H         SYMBOL        SP
  C:0277H         SYMBOL        STARTUP1
  N:0000H         SYMBOL        XBPSTACK
  N:0000H         SYMBOL        XBPSTACKTOP
  N:0000H         SYMBOL        XDATALEN
BL51 BANKED LINKER/LOCATER V6.22.2.0                                                  11/07/2022  21:45:53  PAGE 3


  N:0000H         SYMBOL        XDATASTART
  C:0000H         LINE#         126
  C:0277H         LINE#         133
  C:0279H         LINE#         134
  C:027AH         LINE#         135
  C:027BH         LINE#         136
  C:027DH         LINE#         185
  C:0280H         LINE#         196
  -------         ENDMOD        ?C_STARTUP

  -------         MODULE        ESIMLAB4
  C:0000H         SYMBOL        _ICE_DUMMY_
  C:0205H         PUBLIC        main
  -------         PROC          MAIN
  C:0205H         LINE#         4
  C:0205H         LINE#         5
  C:0208H         LINE#         6
  C:0215H         LINE#         7
  C:0222H         LINE#         8
  -------         ENDPROC       MAIN
  -------         ENDMOD        ESIMLAB4

  -------         MODULE        LCD1602
  C:0000H         SYMBOL        _ICE_DUMMY_
  D:0080H         PUBLIC        P0
  D:00A0H         PUBLIC        P2
  C:0267H         PUBLIC        _LCD_WriteCommand
  C:01BEH         PUBLIC        _LCD_ShowNum
  C:012CH         PUBLIC        _LCD_ShowBinNum
  C:0283H         PUBLIC        LCD_Delay
  C:0097H         PUBLIC        _LCD_ShowHexNum
  C:01AEH         PUBLIC        _LCD_WriteData
  B:00A0H.2       PUBLIC        LCD_EN
  C:0242H         PUBLIC        LCD_Init
  C:01E2H         PUBLIC        _LCD_ShowString
  C:028FH         PUBLIC        _LCD_ShowChar
  B:00A0H.0       PUBLIC        LCD_RS
  B:00A0H.1       PUBLIC        LCD_RW
  C:0224H         PUBLIC        _LCD_SetCursor
  C:00E2H         PUBLIC        _LCD_ShowSignedNum
  C:0173H         PUBLIC        _LCD_Pow
  -------         PROC          LCD_DELAY
  -------         DO            
  D:0007H         SYMBOL        i
  D:0006H         SYMBOL        j
  -------         ENDDO         
  C:0283H         LINE#         22
  C:0283H         LINE#         23
  C:0283H         LINE#         26
  C:0284H         LINE#         27
  C:0285H         LINE#         28
  C:0286H         LINE#         29
  C:0288H         LINE#         30
  C:028AH         LINE#         32
  C:028AH         LINE#         33
  C:028CH         LINE#         34
  C:028EH         LINE#         35
BL51 BANKED LINKER/LOCATER V6.22.2.0                                                  11/07/2022  21:45:53  PAGE 4


  -------         ENDPROC       LCD_DELAY
  -------         PROC          _LCD_WRITECOMMAND
  D:0007H         SYMBOL        Command
  C:0267H         LINE#         41
  C:0267H         LINE#         42
  C:0267H         LINE#         43
  C:0269H         LINE#         44
  C:026BH         LINE#         45
  C:026DH         LINE#         46
  C:026FH         LINE#         47
  C:0271H         LINE#         48
  C:0272H         LINE#         50
  C:0274H         LINE#         51
  -------         ENDPROC       _LCD_WRITECOMMAND
  -------         PROC          L?0045
  -------         ENDPROC       L?0045
  -------         PROC          _LCD_WRITEDATA
  D:0007H         SYMBOL        Data
  C:01AEH         LINE#         59
  C:01AEH         LINE#         60
  C:01AEH         LINE#         61
  C:01B0H         LINE#         62
  C:01B2H         LINE#         63
  C:01B4H         LINE#         64
  C:01B6H         LINE#         65
  C:01B8H         LINE#         66
  C:01B9H         LINE#         68
  C:01BBH         LINE#         69
  -------         ENDPROC       _LCD_WRITEDATA
  -------         PROC          _LCD_SETCURSOR
  D:0006H         SYMBOL        Line
  D:0005H         SYMBOL        Column
  C:0224H         LINE#         78
  C:0226H         LINE#         79
  C:0226H         LINE#         80
  C:022EH         LINE#         81
  C:022EH         LINE#         82
  C:0230H         LINE#         83
  C:0232H         LINE#         84
  C:0238H         LINE#         85
  C:0238H         LINE#         86
  C:0241H         LINE#         87
  C:0241H         LINE#         88
  -------         ENDPROC       _LCD_SETCURSOR
  -------         PROC          LCD_INIT
  C:0242H         LINE#         95
  C:0242H         LINE#         96
  C:0242H         LINE#         97
  C:0247H         LINE#         98
  C:024CH         LINE#         99
  C:0251H         LINE#         100
  -------         ENDPROC       LCD_INIT
  -------         PROC          _LCD_SHOWCHAR
  D:0006H         SYMBOL        Line
  D:0005H         SYMBOL        Column
  D:0004H         SYMBOL        Char
  C:028FH         LINE#         110
BL51 BANKED LINKER/LOCATER V6.22.2.0                                                  11/07/2022  21:45:53  PAGE 5


  C:0291H         LINE#         111
  C:0291H         LINE#         112
  C:0294H         LINE#         113
  -------         ENDPROC       _LCD_SHOWCHAR
  -------         PROC          _LCD_SHOWSTRING
  D:0007H         SYMBOL        Line
  D:0005H         SYMBOL        Column
  D:0022H         SYMBOL        String
  -------         DO            
  D:0005H         SYMBOL        i
  -------         ENDDO         
  C:01E2H         LINE#         123
  C:01E8H         LINE#         124
  C:01E8H         LINE#         126
  C:01EBH         LINE#         127
  C:01FEH         LINE#         128
  C:01FEH         LINE#         129
  C:0201H         LINE#         130
  C:0204H         LINE#         131
  -------         ENDPROC       _LCD_SHOWSTRING
  -------         PROC          L?0046
  -------         ENDPROC       L?0046
  -------         PROC          _LCD_POW
  D:001EH         SYMBOL        X
  D:0020H         SYMBOL        Y
  -------         DO            
  D:0003H         SYMBOL        i
  D:0006H         SYMBOL        Result
  -------         ENDDO         
  C:0173H         LINE#         136
  C:017BH         LINE#         137
  C:017BH         LINE#         139
  C:017FH         LINE#         140
  C:018FH         LINE#         141
  C:018FH         LINE#         142
  C:0196H         LINE#         143
  C:0199H         LINE#         144
  C:0199H         LINE#         145
  -------         ENDPROC       _LCD_POW
  -------         PROC          _LCD_SHOWNUM
  D:0007H         SYMBOL        Line
  D:0005H         SYMBOL        Column
  D:0011H         SYMBOL        Number
  D:0013H         SYMBOL        Length
  -------         DO            
  D:0002H         SYMBOL        i
  -------         ENDDO         
  C:01BEH         LINE#         155
  C:01C2H         LINE#         156
  C:01C2H         LINE#         158
  C:01C5H         LINE#         159
  C:01D4H         LINE#         160
  C:01D4H         LINE#         161
  C:01DEH         LINE#         162
  C:01E1H         LINE#         163
  -------         ENDPROC       _LCD_SHOWNUM
  -------         PROC          _LCD_SHOWSIGNEDNUM
BL51 BANKED LINKER/LOCATER V6.22.2.0                                                  11/07/2022  21:45:53  PAGE 6


  D:0007H         SYMBOL        Line
  D:0005H         SYMBOL        Column
  D:0082H         SYMBOL        Number
  D:000CH         SYMBOL        Length
  -------         DO            
  D:0002H         SYMBOL        i
  D:000DH         SYMBOL        Number1
  -------         ENDDO         
  C:00E2H         LINE#         173
  C:00E6H         LINE#         174
  C:00E6H         LINE#         177
  C:00E9H         LINE#         178
  C:00F2H         LINE#         179
  C:00F2H         LINE#         180
  C:00F7H         LINE#         181
  C:00FDH         LINE#         182
  C:00FFH         LINE#         184
  C:00FFH         LINE#         185
  C:0104H         LINE#         186
  C:010FH         LINE#         187
  C:010FH         LINE#         188
  C:011EH         LINE#         189
  C:011EH         LINE#         190
  C:0128H         LINE#         191
  C:012BH         LINE#         192
  -------         ENDPROC       _LCD_SHOWSIGNEDNUM
  -------         PROC          _LCD_SHOWHEXNUM
  D:0007H         SYMBOL        Line
  D:0005H         SYMBOL        Column
  D:0016H         SYMBOL        Number
  D:0018H         SYMBOL        Length
  -------         DO            
  D:0002H         SYMBOL        i
  D:0006H         SYMBOL        SingleNumber
  -------         ENDDO         
  C:0097H         LINE#         202
  C:009BH         LINE#         203
  C:009BH         LINE#         205
  C:009EH         LINE#         206
  C:00AAH         LINE#         207
  C:00AAH         LINE#         208
  C:00CAH         LINE#         209
  C:00D4H         LINE#         210
  C:00D4H         LINE#         211
  C:00D6H         LINE#         212
  C:00D8H         LINE#         214
  C:00D8H         LINE#         215
  C:00DEH         LINE#         216
  C:00DEH         LINE#         217
  C:00E1H         LINE#         218
  -------         ENDPROC       _LCD_SHOWHEXNUM
  -------         PROC          _LCD_SHOWBINNUM
  D:0007H         SYMBOL        Line
  D:0005H         SYMBOL        Column
  D:001BH         SYMBOL        Number
  D:001DH         SYMBOL        Length
  -------         DO            
BL51 BANKED LINKER/LOCATER V6.22.2.0                                                  11/07/2022  21:45:53  PAGE 7


  D:0002H         SYMBOL        i
  -------         ENDDO         
  C:012CH         LINE#         228
  C:0130H         LINE#         229
  C:0130H         LINE#         231
  C:0133H         LINE#         232
  C:0142H         LINE#         233
  C:0142H         LINE#         234
  C:0165H         LINE#         235
  C:0168H         LINE#         236
  -------         ENDPROC       _LCD_SHOWBINNUM
  -------         ENDMOD        LCD1602

  -------         MODULE        ?C?CLDOPTR
  C:0003H         PUBLIC        ?C?CLDOPTR
  -------         ENDMOD        ?C?CLDOPTR

  -------         MODULE        ?C?IMUL
  C:0030H         PUBLIC        ?C?IMUL
  -------         ENDMOD        ?C?IMUL

  -------         MODULE        ?C?UIDIV
  C:0042H         PUBLIC        ?C?UIDIV
  -------         ENDMOD        ?C?UIDIV

Program Size: data=38.0 xdata=0 code=665
LINK/LOCATE RUN COMPLETE.  0 WARNING(S),  0 ERROR(S)
