BL51 BANKED LINKER/LOCATER V6.22.2.0                                                    11/28/2022  15:45:45  PAGE 1


BL51 BANKED LINKER/LOCATER V6.22.2.0, INVOKED BY:
D:\KEIL_V5\C51\BIN\BL51.EXE .\Objects\STARTUP.obj, .\Objects\esimlab7.obj TO .\Objects\esimlab7 PRINT (.\Listings\esimla
>> b7.m51)


MEMORY MODEL: SMALL


INPUT MODULES INCLUDED:
  .\Objects\STARTUP.obj (?C_STARTUP)
  .\Objects\esimlab7.obj (ESIMLAB7)


LINK MAP OF MODULE:  .\Objects\esimlab7 (?C_STARTUP)


            TYPE    BASE      LENGTH    RELOCATION   SEGMENT NAME
            -----------------------------------------------------

            * * * * * * *   D A T A   M E M O R Y   * * * * * * *
            REG     0000H     0008H     ABSOLUTE     "REG BANK 0"
            IDATA   0008H     0001H     UNIT         ?STACK

            * * * * * * *   C O D E   M E M O R Y   * * * * * * *
            CODE    0000H     0003H     ABSOLUTE     
            CODE    0003H     0027H     UNIT         ?PR?MAIN?ESIMLAB7
            CODE    002AH     0014H     UNIT         ?PR?_DELAY?ESIMLAB7
            CODE    003EH     000CH     UNIT         ?C_C51STARTUP
            CODE    004AH     0008H     UNIT         ?PR?_SEND?ESIMLAB7



OVERLAY MAP OF MODULE:   .\Objects\esimlab7 (?C_STARTUP)


SEGMENT
  +--> CALLED SEGMENT
---------------------
?C_C51STARTUP
  +--> ?PR?MAIN?ESIMLAB7

?PR?MAIN?ESIMLAB7
  +--> ?PR?_SEND?ESIMLAB7
  +--> ?PR?_DELAY?ESIMLAB7



SYMBOL TABLE OF MODULE:  .\Objects\esimlab7 (?C_STARTUP)

  VALUE           TYPE          NAME
  ----------------------------------

  -------         MODULE        ?C_STARTUP
  C:003EH         SEGMENT       ?C_C51STARTUP
  I:0008H         SEGMENT       ?STACK
  C:0000H         PUBLIC        ?C_STARTUP
  D:00E0H         SYMBOL        ACC
  D:00F0H         SYMBOL        B
BL51 BANKED LINKER/LOCATER V6.22.2.0                                                  11/28/2022  15:45:45  PAGE 2


  D:0083H         SYMBOL        DPH
  D:0082H         SYMBOL        DPL
  N:0000H         SYMBOL        IBPSTACK
  N:0100H         SYMBOL        IBPSTACKTOP
  N:0080H         SYMBOL        IDATALEN
  C:0041H         SYMBOL        IDATALOOP
  N:0000H         SYMBOL        PBPSTACK
  N:0100H         SYMBOL        PBPSTACKTOP
  N:0000H         SYMBOL        PDATALEN
  N:0000H         SYMBOL        PDATASTART
  N:0000H         SYMBOL        PPAGE
  N:0000H         SYMBOL        PPAGEENABLE
  D:00A0H         SYMBOL        PPAGE_SFR
  D:0081H         SYMBOL        SP
  C:003EH         SYMBOL        STARTUP1
  N:0000H         SYMBOL        XBPSTACK
  N:0000H         SYMBOL        XBPSTACKTOP
  N:0000H         SYMBOL        XDATALEN
  N:0000H         SYMBOL        XDATASTART
  C:0000H         LINE#         126
  C:003EH         LINE#         133
  C:0040H         LINE#         134
  C:0041H         LINE#         135
  C:0042H         LINE#         136
  C:0044H         LINE#         185
  C:0047H         LINE#         196
  -------         ENDMOD        ?C_STARTUP

  -------         MODULE        ESIMLAB7
  C:0000H         SYMBOL        _ICE_DUMMY_
  D:00B0H         PUBLIC        P3
  B:0098H.1       PUBLIC        TI
  C:0003H         PUBLIC        main
  C:004AH         PUBLIC        _send
  D:0099H         PUBLIC        SBUF
  D:0087H         PUBLIC        PCON
  D:0098H         PUBLIC        SCON
  D:0089H         PUBLIC        TMOD
  D:008DH         PUBLIC        TH1
  D:008BH         PUBLIC        TL1
  B:0088H.6       PUBLIC        TR1
  B:00B0H.5       PUBLIC        SW1
  C:002AH         PUBLIC        _Delay
  -------         PROC          _DELAY
  D:0006H         SYMBOL        t
  -------         DO            
  D:0005H         SYMBOL        i
  D:0004H         SYMBOL        j
  -------         ENDDO         
  C:002AH         LINE#         5
  C:002AH         LINE#         6
  C:002AH         LINE#         9
  C:002EH         LINE#         10
  C:0030H         LINE#         11
  C:0032H         LINE#         13
  C:0032H         LINE#         14
  C:0034H         LINE#         15
BL51 BANKED LINKER/LOCATER V6.22.2.0                                                  11/28/2022  15:45:45  PAGE 3


  C:0036H         LINE#         16
  C:003BH         LINE#         17
  C:003DH         LINE#         18
  -------         ENDPROC       _DELAY
  -------         PROC          _SEND
  D:0007H         SYMBOL        dat
  C:004AH         LINE#         20
  C:004AH         LINE#         21
  C:004CH         LINE#         22
  C:004FH         LINE#         24
  C:0051H         LINE#         25
  -------         ENDPROC       _SEND
  -------         PROC          MAIN
  -------         DO            
  D:0003H         SYMBOL        i
  -------         ENDDO         
  C:0003H         LINE#         26
  C:0003H         LINE#         27
  C:0005H         LINE#         28
  C:0008H         LINE#         29
  C:000BH         LINE#         31
  C:000EH         LINE#         32
  C:0011H         LINE#         34
  C:0014H         LINE#         35
  C:0017H         LINE#         36
  C:0019H         LINE#         38
  C:0019H         LINE#         40
  C:001CH         LINE#         41
  C:0021H         LINE#         42
  C:0028H         LINE#         43
  C:0028H         LINE#         44
  -------         ENDPROC       MAIN
  -------         ENDMOD        ESIMLAB7

Program Size: data=9.0 xdata=0 code=82
LINK/LOCATE RUN COMPLETE.  0 WARNING(S),  0 ERROR(S)
