BL51 BANKED LINKER/LOCATER V6.22.2.0                                                    10/23/2022  23:28:41  PAGE 1


BL51 BANKED LINKER/LOCATER V6.22.2.0, INVOKED BY:
D:\KEIL_V5\C51\BIN\BL51.EXE .\Objects\main.obj, .\Objects\Timer0.obj, .\Objects\Delay.obj, .\Objects\Key.obj, .\Objects\
>> Shu.obj TO .\Objects\test PRINT (.\Listings\test.m51) RAMSIZE (256)


MEMORY MODEL: SMALL


INPUT MODULES INCLUDED:
  .\Objects\main.obj (MAIN)
  .\Objects\Timer0.obj (TIMER0)
  .\Objects\Delay.obj (DELAY)
  .\Objects\Key.obj (KEY)
  .\Objects\Shu.obj (SHU)
  D:\KEIL_V5\C51\LIB\C51S.LIB (?C_STARTUP)
  D:\KEIL_V5\C51\LIB\C51S.LIB (?C_INIT)


LINK MAP OF MODULE:  .\Objects\test (MAIN)


            TYPE    BASE      LENGTH    RELOCATION   SEGMENT NAME
            -----------------------------------------------------

            * * * * * * *   D A T A   M E M O R Y   * * * * * * *
            REG     0000H     0008H     ABSOLUTE     "REG BANK 0"
            DATA    0008H     000AH     UNIT         ?DT?SHU
            DATA    0012H     0003H     UNIT         ?DT?MAIN
            DATA    0015H     0001H     UNIT         ?DT?KEY?KEY
            IDATA   0016H     0001H     UNIT         ?STACK

            * * * * * * *   C O D E   M E M O R Y   * * * * * * *
            CODE    0000H     0003H     ABSOLUTE     
                    0003H     0008H                  *** GAP ***
            CODE    000BH     0003H     ABSOLUTE     
            CODE    000EH     008CH     UNIT         ?C_C51STARTUP
            CODE    009AH     0063H     UNIT         ?PR?_SHU?SHU
            CODE    00FDH     0061H     UNIT         ?PR?KEY?KEY
            CODE    015EH     003BH     UNIT         ?PR?MAIN?MAIN
            CODE    0199H     002BH     UNIT         ?PR?TIMER0_ROUTINE?MAIN
            CODE    01C4H     0014H     UNIT         ?PR?TIMER0_INIT?TIMER0
            CODE    01D8H     0014H     UNIT         ?PR?_DELAY?DELAY
            CODE    01ECH     000DH     UNIT         ?C_INITSEG



OVERLAY MAP OF MODULE:   .\Objects\test (MAIN)


SEGMENT
  +--> CALLED SEGMENT
---------------------
?C_C51STARTUP
  +--> ?PR?MAIN?MAIN
  +--> ?C_INITSEG

?PR?MAIN?MAIN
  +--> ?PR?TIMER0_INIT?TIMER0
BL51 BANKED LINKER/LOCATER V6.22.2.0                                                  10/23/2022  23:28:41  PAGE 2


  +--> ?PR?_DELAY?DELAY



SYMBOL TABLE OF MODULE:  .\Objects\test (MAIN)

  VALUE           TYPE          NAME
  ----------------------------------

  -------         MODULE        MAIN
  C:0000H         SYMBOL        _ICE_DUMMY_
  C:0199H         PUBLIC        Timer0_Routine
  D:00A0H         PUBLIC        P2
  B:00A0H.1       PUBLIC        DA
  C:015EH         PUBLIC        main
  D:0012H         PUBLIC        Compare
  D:008CH         PUBLIC        TH0
  D:008AH         PUBLIC        TL0
  D:0013H         PUBLIC        Counter
  D:0014H         PUBLIC        i
  -------         PROC          MAIN
  C:015EH         LINE#         11
  C:015EH         LINE#         12
  C:0161H         LINE#         13
  C:0161H         LINE#         14
  C:016FH         LINE#         15
  C:016FH         LINE#         16
  C:0172H         LINE#         17
  C:0179H         LINE#         18
  C:017DH         LINE#         19
  C:018BH         LINE#         20
  C:018BH         LINE#         21
  C:018EH         LINE#         22
  C:0195H         LINE#         23
  -------         ENDPROC       MAIN
  -------         PROC          TIMER0_ROUTINE
  C:0199H         LINE#         28
  C:019FH         LINE#         30
  C:01A2H         LINE#         31
  C:01A5H         LINE#         32
  C:01A7H         LINE#         33
  C:01B0H         LINE#         34
  C:01B7H         LINE#         35
  C:01B7H         LINE#         36
  C:01B9H         LINE#         37
  C:01BBH         LINE#         39
  C:01BBH         LINE#         40
  C:01BDH         LINE#         41
  C:01BDH         LINE#         42
  -------         ENDPROC       TIMER0_ROUTINE
  -------         ENDMOD        MAIN

  -------         MODULE        TIMER0
  C:0000H         SYMBOL        _ICE_DUMMY_
  B:00A8H.7       PUBLIC        EA
  C:01C4H         PUBLIC        Timer0_Init
  D:0089H         PUBLIC        TMOD
BL51 BANKED LINKER/LOCATER V6.22.2.0                                                  10/23/2022  23:28:41  PAGE 3


  B:00A8H.1       PUBLIC        ET0
  B:0088H.5       PUBLIC        TF0
  D:008CH         PUBLIC        TH0
  D:008AH         PUBLIC        TL0
  B:00B8H.1       PUBLIC        PT0
  B:0088H.4       PUBLIC        TR0
  -------         PROC          TIMER0_INIT
  C:01C4H         LINE#         3
  C:01C4H         LINE#         4
  C:01C4H         LINE#         5
  C:01C7H         LINE#         6
  C:01CAH         LINE#         7
  C:01CDH         LINE#         8
  C:01CFH         LINE#         9
  C:01D1H         LINE#         10
  C:01D3H         LINE#         11
  C:01D5H         LINE#         12
  C:01D7H         LINE#         13
  -------         ENDPROC       TIMER0_INIT
  -------         ENDMOD        TIMER0

  -------         MODULE        DELAY
  C:0000H         SYMBOL        _ICE_DUMMY_
  C:01D8H         PUBLIC        _Delay
  -------         PROC          _DELAY
  D:0006H         SYMBOL        t
  -------         DO            
  D:0005H         SYMBOL        i
  D:0004H         SYMBOL        j
  -------         ENDDO         
  C:01D8H         LINE#         2
  C:01D8H         LINE#         3
  C:01D8H         LINE#         6
  C:01DCH         LINE#         7
  C:01DEH         LINE#         8
  C:01E0H         LINE#         10
  C:01E0H         LINE#         11
  C:01E2H         LINE#         12
  C:01E4H         LINE#         13
  C:01E9H         LINE#         14
  C:01EBH         LINE#         17
  -------         ENDPROC       _DELAY
  -------         ENDMOD        DELAY

  -------         MODULE        KEY
  C:0000H         SYMBOL        _ICE_DUMMY_
  B:00B0H.0       PUBLIC        P3_0
  B:00B0H.1       PUBLIC        P3_1
  B:00B0H.2       PUBLIC        P3_2
  B:00B0H.3       PUBLIC        P3_3
  C:00FDH         PUBLIC        Key
  -------         PROC          KEY
  -------         DO            
  D:0015H         SYMBOL        KeyNumber
  -------         ENDDO         
  C:00FDH         LINE#         10
  C:00FDH         LINE#         11
BL51 BANKED LINKER/LOCATER V6.22.2.0                                                  10/23/2022  23:28:41  PAGE 4


  C:0100H         LINE#         13
  C:0116H         LINE#         14
  C:012DH         LINE#         15
  C:0144H         LINE#         16
  C:015BH         LINE#         18
  C:015DH         LINE#         19
  -------         ENDPROC       KEY
  -------         ENDMOD        KEY

  -------         MODULE        SHU
  C:0000H         SYMBOL        _ICE_DUMMY_
  D:0080H         PUBLIC        P0
  B:00A0H.2       PUBLIC        P2_2
  B:00A0H.3       PUBLIC        P2_3
  B:00A0H.4       PUBLIC        P2_4
  C:009AH         PUBLIC        _Shu
  D:0008H         PUBLIC        Number
  -------         PROC          _SHU
  D:0007H         SYMBOL        location
  D:0004H         SYMBOL        number
  C:009AH         LINE#         6
  C:009AH         LINE#         7
  C:00C7H         LINE#         8
  C:00CBH         LINE#         9
  C:00CFH         LINE#         10
  C:00D3H         LINE#         11
  C:00D7H         LINE#         12
  C:00DFH         LINE#         13
  C:00E7H         LINE#         14
  C:00EFH         LINE#         15
  C:00F5H         LINE#         16
  C:00F5H         LINE#         17
  C:00FCH         LINE#         20
  -------         ENDPROC       _SHU
  -------         ENDMOD        SHU

*** WARNING L16: UNCALLED SEGMENT, IGNORED FOR OVERLAY PROCESS
    SEGMENT: ?PR?KEY?KEY

*** WARNING L16: UNCALLED SEGMENT, IGNORED FOR OVERLAY PROCESS
    SEGMENT: ?PR?_SHU?SHU

Program Size: data=23.0 xdata=0 code=497
LINK/LOCATE RUN COMPLETE.  2 WARNING(S),  0 ERROR(S)
