BL51 BANKED LINKER/LOCATER V6.22.2.0                                                    10/08/2022  13:04:54  PAGE 1


BL51 BANKED LINKER/LOCATER V6.22.2.0, INVOKED BY:
D:\KEIL_V5\C51\BIN\BL51.EXE .\Objects\main.obj, .\Objects\Delay.obj, .\Objects\Key.obj, .\Objects\Timer0.obj TO .\Object
>> s\test PRINT (.\Listings\test.m51) RAMSIZE (256)


MEMORY MODEL: SMALL


INPUT MODULES INCLUDED:
  .\Objects\main.obj (MAIN)
  .\Objects\Delay.obj (DELAY)
  .\Objects\Key.obj (KEY)
  .\Objects\Timer0.obj (TIMER0)
  D:\KEIL_V5\C51\LIB\C51S.LIB (?C_STARTUP)
  D:\KEIL_V5\C51\LIB\C51S.LIB (?C_INIT)


LINK MAP OF MODULE:  .\Objects\test (MAIN)


            TYPE    BASE      LENGTH    RELOCATION   SEGMENT NAME
            -----------------------------------------------------

            * * * * * * *   D A T A   M E M O R Y   * * * * * * *
            REG     0000H     0008H     ABSOLUTE     "REG BANK 0"
            DATA    0008H     000FH     UNIT         ?DT?MAIN
            DATA    0017H     0001H     UNIT         _DATA_GROUP_
            IDATA   0018H     0001H     UNIT         ?STACK

            * * * * * * *   C O D E   M E M O R Y   * * * * * * *
            CODE    0000H     0003H     ABSOLUTE     
                    0003H     0008H                  *** GAP ***
            CODE    000BH     0003H     ABSOLUTE     
            CODE    000EH     008CH     UNIT         ?C_C51STARTUP
            CODE    009AH     006DH     UNIT         ?PR?_SHU?MAIN
            CODE    0107H     0061H     UNIT         ?PR?KEY?KEY
            CODE    0168H     004CH     UNIT         ?PR?MAIN?MAIN
            CODE    01B4H     0035H     UNIT         ?PR?TIMER0_ROUTINE?MAIN
            CODE    01E9H     0017H     UNIT         ?PR?TIMER0_INIT?TIMER0
            CODE    0200H     0014H     UNIT         ?PR?_DELAY?DELAY
            CODE    0214H     0011H     UNIT         ?C_INITSEG



OVERLAY MAP OF MODULE:   .\Objects\test (MAIN)


SEGMENT                           DATA_GROUP 
  +--> CALLED SEGMENT           START    LENGTH
-----------------------------------------------
?C_C51STARTUP                   -----    -----
  +--> ?PR?MAIN?MAIN
  +--> ?C_INITSEG

?PR?MAIN?MAIN                   -----    -----
  +--> ?PR?TIMER0_INIT?TIMER0
  +--> ?PR?KEY?KEY
  +--> ?PR?_SHU?MAIN
BL51 BANKED LINKER/LOCATER V6.22.2.0                                                  10/08/2022  13:04:54  PAGE 2



?PR?KEY?KEY                     0017H    0001H
  +--> ?PR?_DELAY?DELAY

?PR?_SHU?MAIN                   -----    -----
  +--> ?PR?_DELAY?DELAY



SYMBOL TABLE OF MODULE:  .\Objects\test (MAIN)

  VALUE           TYPE          NAME
  ----------------------------------

  -------         MODULE        MAIN
  C:0000H         SYMBOL        _ICE_DUMMY_
  C:01B4H         PUBLIC        Timer0_Routine
  D:0080H         PUBLIC        P0
  B:00A0H.2       PUBLIC        P2_2
  B:00A0H.3       PUBLIC        P2_3
  B:00A0H.4       PUBLIC        P2_4
  D:000AH         PUBLIC        flag
  D:000BH         PUBLIC        keynum
  C:0168H         PUBLIC        main
  C:009AH         PUBLIC        _Shu
  D:000CH         PUBLIC        sec
  D:008CH         PUBLIC        TH0
  D:008AH         PUBLIC        TL0
  D:000DH         PUBLIC        Number
  -------         PROC          _SHU
  D:0007H         SYMBOL        location
  D:0004H         SYMBOL        number
  C:009AH         LINE#         9
  C:009AH         LINE#         10
  C:00C7H         LINE#         11
  C:00CBH         LINE#         12
  C:00CFH         LINE#         13
  C:00D3H         LINE#         14
  C:00D7H         LINE#         15
  C:00DFH         LINE#         16
  C:00E7H         LINE#         17
  C:00EFH         LINE#         18
  C:00F5H         LINE#         19
  C:00F5H         LINE#         20
  C:00FCH         LINE#         21
  C:0103H         LINE#         22
  C:0106H         LINE#         23
  -------         ENDPROC       _SHU
  -------         PROC          MAIN
  C:0168H         LINE#         25
  C:0168H         LINE#         26
  C:016BH         LINE#         27
  C:016EH         LINE#         28
  C:016EH         LINE#         29
  C:0173H         LINE#         30
  C:017DH         LINE#         31
  C:0185H         LINE#         32
BL51 BANKED LINKER/LOCATER V6.22.2.0                                                  10/08/2022  13:04:54  PAGE 3


  C:018DH         LINE#         33
  C:0193H         LINE#         34
  C:01A1H         LINE#         35
  C:01B1H         LINE#         36
  C:01B3H         LINE#         37
  -------         ENDPROC       MAIN
  -------         PROC          TIMER0_ROUTINE
  -------         DO            
  D:0008H         SYMBOL        count0
  -------         ENDDO         
  C:01B4H         LINE#         39
  C:01B8H         LINE#         42
  C:01BBH         LINE#         43
  C:01BEH         LINE#         44
  C:01C4H         LINE#         45
  C:01CCH         LINE#         46
  C:01D4H         LINE#         47
  C:01DAH         LINE#         48
  C:01DCH         LINE#         49
  C:01E2H         LINE#         50
  C:01E4H         LINE#         51
  C:01E4H         LINE#         52
  C:01E4H         LINE#         55
  -------         ENDPROC       TIMER0_ROUTINE
  -------         ENDMOD        MAIN

  -------         MODULE        DELAY
  C:0000H         SYMBOL        _ICE_DUMMY_
  C:0200H         PUBLIC        _Delay
  -------         PROC          _DELAY
  D:0006H         SYMBOL        t
  -------         DO            
  D:0005H         SYMBOL        i
  D:0004H         SYMBOL        j
  -------         ENDDO         
  C:0200H         LINE#         2
  C:0200H         LINE#         3
  C:0200H         LINE#         6
  C:0204H         LINE#         7
  C:0206H         LINE#         8
  C:0208H         LINE#         10
  C:0208H         LINE#         11
  C:020AH         LINE#         12
  C:020CH         LINE#         13
  C:0211H         LINE#         14
  C:0213H         LINE#         17
  -------         ENDPROC       _DELAY
  -------         ENDMOD        DELAY

  -------         MODULE        KEY
  C:0000H         SYMBOL        _ICE_DUMMY_
  B:00B0H.0       PUBLIC        P3_0
  B:00B0H.1       PUBLIC        P3_1
  B:00B0H.2       PUBLIC        P3_2
  B:00B0H.3       PUBLIC        P3_3
  C:0107H         PUBLIC        Key
  -------         PROC          KEY
BL51 BANKED LINKER/LOCATER V6.22.2.0                                                  10/08/2022  13:04:54  PAGE 4


  -------         DO            
  D:0017H         SYMBOL        KeyNumber
  -------         ENDDO         
  C:0107H         LINE#         10
  C:0107H         LINE#         11
  C:010AH         LINE#         13
  C:0120H         LINE#         14
  C:0137H         LINE#         15
  C:014EH         LINE#         16
  C:0165H         LINE#         18
  C:0167H         LINE#         19
  -------         ENDPROC       KEY
  -------         ENDMOD        KEY

  -------         MODULE        TIMER0
  C:0000H         SYMBOL        _ICE_DUMMY_
  B:00A8H.7       PUBLIC        EA
  C:01E9H         PUBLIC        Timer0_Init
  D:0089H         PUBLIC        TMOD
  B:00A8H.1       PUBLIC        ET0
  B:0088H.5       PUBLIC        TF0
  D:008CH         PUBLIC        TH0
  D:008AH         PUBLIC        TL0
  B:00B8H.1       PUBLIC        PT0
  B:0088H.4       PUBLIC        TR0
  -------         PROC          TIMER0_INIT
  C:01E9H         LINE#         3
  C:01E9H         LINE#         4
  C:01E9H         LINE#         5
  C:01ECH         LINE#         6
  C:01EFH         LINE#         7
  C:01F2H         LINE#         8
  C:01F5H         LINE#         9
  C:01F7H         LINE#         10
  C:01F9H         LINE#         11
  C:01FBH         LINE#         12
  C:01FDH         LINE#         13
  C:01FFH         LINE#         14
  -------         ENDPROC       TIMER0_INIT
  -------         ENDMOD        TIMER0

Program Size: data=25.0 xdata=0 code=541
LINK/LOCATE RUN COMPLETE.  0 WARNING(S),  0 ERROR(S)
