BL51 BANKED LINKER/LOCATER V6.22.2.0                                                    10/08/2022  16:54:25  PAGE 1


BL51 BANKED LINKER/LOCATER V6.22.2.0, INVOKED BY:
D:\KEIL_V5\C51\BIN\BL51.EXE .\Objects\main.obj, .\Objects\Key.obj, .\Objects\Delay.obj TO .\Objects\test PRINT (.\Listin
>> gs\test.m51) RAMSIZE (256)


MEMORY MODEL: SMALL


INPUT MODULES INCLUDED:
  .\Objects\main.obj (MAIN)
  .\Objects\Key.obj (KEY)
  .\Objects\Delay.obj (DELAY)
  D:\KEIL_V5\C51\LIB\C51S.LIB (?C_STARTUP)
  D:\KEIL_V5\C51\LIB\C51S.LIB (?C_INIT)


LINK MAP OF MODULE:  .\Objects\test (MAIN)


            TYPE    BASE      LENGTH    RELOCATION   SEGMENT NAME
            -----------------------------------------------------

            * * * * * * *   D A T A   M E M O R Y   * * * * * * *
            REG     0000H     0008H     ABSOLUTE     "REG BANK 0"
            DATA    0008H     000AH     UNIT         ?DT?MAIN
            DATA    0012H     0005H     UNIT         _DATA_GROUP_
            IDATA   0017H     0001H     UNIT         ?STACK

            * * * * * * *   C O D E   M E M O R Y   * * * * * * *
            CODE    0000H     0003H     ABSOLUTE     
            CODE    0003H     008CH     UNIT         ?C_C51STARTUP
            CODE    008FH     006DH     UNIT         ?PR?_SHU?MAIN
            CODE    00FCH     0062H     UNIT         ?PR?MAIN?MAIN
            CODE    015EH     0061H     UNIT         ?PR?KEY?KEY
            CODE    01BFH     0014H     UNIT         ?PR?_DELAY?DELAY
            CODE    01D3H     000DH     UNIT         ?C_INITSEG



OVERLAY MAP OF MODULE:   .\Objects\test (MAIN)


SEGMENT                          DATA_GROUP 
  +--> CALLED SEGMENT          START    LENGTH
----------------------------------------------
?C_C51STARTUP                  -----    -----
  +--> ?PR?MAIN?MAIN
  +--> ?C_INITSEG

?PR?MAIN?MAIN                  0012H    0004H
  +--> ?PR?KEY?KEY
  +--> ?PR?_SHU?MAIN

?PR?KEY?KEY                    0016H    0001H
  +--> ?PR?_DELAY?DELAY

?PR?_SHU?MAIN                  -----    -----
  +--> ?PR?_DELAY?DELAY
BL51 BANKED LINKER/LOCATER V6.22.2.0                                                  10/08/2022  16:54:25  PAGE 2





SYMBOL TABLE OF MODULE:  .\Objects\test (MAIN)

  VALUE           TYPE          NAME
  ----------------------------------

  -------         MODULE        MAIN
  C:0000H         SYMBOL        _ICE_DUMMY_
  D:0080H         PUBLIC        P0
  B:00A0H.2       PUBLIC        P2_2
  B:00A0H.3       PUBLIC        P2_3
  B:00A0H.4       PUBLIC        P2_4
  C:00FCH         PUBLIC        main
  C:008FH         PUBLIC        _Shu
  D:0008H         PUBLIC        Number
  -------         PROC          MAIN
  -------         DO            
  D:0012H         SYMBOL        i
  D:0013H         SYMBOL        j
  D:0014H         SYMBOL        sec
  D:0015H         SYMBOL        keynum
  -------         ENDDO         
  C:00FCH         LINE#         8
  C:00FCH         LINE#         9
  C:00FFH         LINE#         10
  C:0104H         LINE#         11
  C:0109H         LINE#         12
  C:0109H         LINE#         13
  C:0109H         LINE#         14
  C:0109H         LINE#         15
  C:010EH         LINE#         16
  C:011CH         LINE#         17
  C:012CH         LINE#         18
  C:012EH         LINE#         19
  C:0134H         LINE#         20
  C:0134H         LINE#         21
  C:0136H         LINE#         22
  C:0138H         LINE#         23
  C:0138H         LINE#         24
  C:013EH         LINE#         25
  C:013EH         LINE#         26
  C:0142H         LINE#         27
  C:0144H         LINE#         28
  C:0144H         LINE#         29
  C:014AH         LINE#         30
  C:014AH         LINE#         31
  C:014CH         LINE#         32
  C:014CH         LINE#         33
  C:0155H         LINE#         34
  C:0157H         LINE#         35
  C:015DH         LINE#         36
  C:015DH         LINE#         37
  C:015DH         LINE#         38
  C:015DH         LINE#         40
  -------         ENDPROC       MAIN
BL51 BANKED LINKER/LOCATER V6.22.2.0                                                  10/08/2022  16:54:25  PAGE 3


  -------         PROC          _SHU
  D:0007H         SYMBOL        location
  D:0004H         SYMBOL        number
  C:008FH         LINE#         42
  C:008FH         LINE#         43
  C:00BCH         LINE#         44
  C:00C0H         LINE#         45
  C:00C4H         LINE#         46
  C:00C8H         LINE#         47
  C:00CCH         LINE#         48
  C:00D4H         LINE#         49
  C:00DCH         LINE#         50
  C:00E4H         LINE#         51
  C:00EAH         LINE#         52
  C:00EAH         LINE#         53
  C:00F1H         LINE#         54
  C:00F8H         LINE#         55
  C:00FBH         LINE#         56
  -------         ENDPROC       _SHU
  -------         ENDMOD        MAIN

  -------         MODULE        KEY
  C:0000H         SYMBOL        _ICE_DUMMY_
  B:00B0H.0       PUBLIC        P3_0
  B:00B0H.1       PUBLIC        P3_1
  B:00B0H.2       PUBLIC        P3_2
  B:00B0H.3       PUBLIC        P3_3
  C:015EH         PUBLIC        Key
  -------         PROC          KEY
  -------         DO            
  D:0016H         SYMBOL        KeyNumber
  -------         ENDDO         
  C:015EH         LINE#         10
  C:015EH         LINE#         11
  C:0161H         LINE#         13
  C:0177H         LINE#         14
  C:018EH         LINE#         15
  C:01A5H         LINE#         16
  C:01BCH         LINE#         18
  C:01BEH         LINE#         19
  -------         ENDPROC       KEY
  -------         ENDMOD        KEY

  -------         MODULE        DELAY
  C:0000H         SYMBOL        _ICE_DUMMY_
  C:01BFH         PUBLIC        _Delay
  -------         PROC          _DELAY
  D:0006H         SYMBOL        t
  -------         DO            
  D:0005H         SYMBOL        i
  D:0004H         SYMBOL        j
  -------         ENDDO         
  C:01BFH         LINE#         2
  C:01BFH         LINE#         3
  C:01BFH         LINE#         6
  C:01C3H         LINE#         7
  C:01C5H         LINE#         8
BL51 BANKED LINKER/LOCATER V6.22.2.0                                                  10/08/2022  16:54:25  PAGE 4


  C:01C7H         LINE#         10
  C:01C7H         LINE#         11
  C:01C9H         LINE#         12
  C:01CBH         LINE#         13
  C:01D0H         LINE#         14
  C:01D2H         LINE#         17
  -------         ENDPROC       _DELAY
  -------         ENDMOD        DELAY

Program Size: data=24.0 xdata=0 code=480
LINK/LOCATE RUN COMPLETE.  0 WARNING(S),  0 ERROR(S)
