BL51 BANKED LINKER/LOCATER V6.22.2.0                                                    10/21/2022  18:40:44  PAGE 1


BL51 BANKED LINKER/LOCATER V6.22.2.0, INVOKED BY:
D:\KEIL_V5\C51\BIN\BL51.EXE .\Objects\main.obj, .\Objects\Delay.obj, .\Objects\DS18B20.obj, .\Objects\LCD1602.obj, .\Obj
>> ects\OneWire.obj, .\Objects\AT24C02.obj, .\Objects\I2C.obj, .\Objects\Keyplus.obj, .\Objects\Timer0.obj TO .\Objects\
>> test PRINT (.\Listings\test.m51) RAMSIZE (256)


MEMORY MODEL: SMALL WITH FLOATING POINT ARITHMETIC


INPUT MODULES INCLUDED:
  .\Objects\main.obj (MAIN)
  .\Objects\Delay.obj (DELAY)
  .\Objects\DS18B20.obj (DS18B20)
  .\Objects\LCD1602.obj (LCD1602)
  .\Objects\OneWire.obj (ONEWIRE)
  .\Objects\AT24C02.obj (AT24C02)
  .\Objects\I2C.obj (I2C)
  .\Objects\Keyplus.obj (KEYPLUS)
  .\Objects\Timer0.obj (TIMER0)
  D:\KEIL_V5\C51\LIB\C51FPS.LIB (?C?FPMUL)
  D:\KEIL_V5\C51\LIB\C51FPS.LIB (?C?FPDIV)
  D:\KEIL_V5\C51\LIB\C51FPS.LIB (?C?FPCMP)
  D:\KEIL_V5\C51\LIB\C51FPS.LIB (?C?FPNEG)
  D:\KEIL_V5\C51\LIB\C51FPS.LIB (?C?FCAST)
  D:\KEIL_V5\C51\LIB\C51FPS.LIB (?C?CASTF)
  D:\KEIL_V5\C51\LIB\C51FPS.LIB (?C?FPGETOPN)
  D:\KEIL_V5\C51\LIB\C51S.LIB (?C_STARTUP)
  D:\KEIL_V5\C51\LIB\C51S.LIB (?C?CLDOPTR)
  D:\KEIL_V5\C51\LIB\C51S.LIB (?C?IMUL)
  D:\KEIL_V5\C51\LIB\C51S.LIB (?C?UIDIV)
  D:\KEIL_V5\C51\LIB\C51S.LIB (?C?ULDIV)
  D:\KEIL_V5\C51\LIB\C51S.LIB (?C?LNEG)
  D:\KEIL_V5\C51\LIB\C51S.LIB (?C_INIT)


LINK MAP OF MODULE:  .\Objects\test (MAIN)


            TYPE    BASE      LENGTH    RELOCATION   SEGMENT NAME
            -----------------------------------------------------

            * * * * * * *   D A T A   M E M O R Y   * * * * * * *
            REG     0000H     0008H     ABSOLUTE     "REG BANK 0"
            DATA    0008H     000DH     UNIT         ?DT?MAIN
            DATA    0015H     000BH     UNIT         _DATA_GROUP_
            DATA    0020H     0005H     UNIT         ?DT?_LCD_SHOWHEXNUM?LCD1602
            DATA    0025H     0005H     UNIT         ?DT?_LCD_SHOWBINNUM?LCD1602
            DATA    002AH     0003H     UNIT         ?DT?KEYPLUS
            IDATA   002DH     0001H     UNIT         ?STACK

            * * * * * * *   C O D E   M E M O R Y   * * * * * * *
            CODE    0000H     0003H     ABSOLUTE     
            CODE    0003H     0007H     UNIT         ?PR?I2C_STOP?I2C
                    000AH     0001H                  *** GAP ***
            CODE    000BH     0003H     ABSOLUTE     
            CODE    000EH     045FH     UNIT         ?C?LIB_CODE
            CODE    046DH     0219H     UNIT         ?PR?MAIN?MAIN
            CODE    0686H     008CH     UNIT         ?C_C51STARTUP
BL51 BANKED LINKER/LOCATER V6.22.2.0                                                  10/21/2022  18:40:44  PAGE 2


            CODE    0712H     004FH     UNIT         ?PR?TIMER0_ROUTINE?MAIN
            CODE    0761H     004BH     UNIT         ?PR?_LCD_SHOWHEXNUM?LCD1602
            CODE    07ACH     004AH     UNIT         ?PR?_LCD_SHOWSIGNEDNUM?LCD1602
            CODE    07F6H     0040H     UNIT         ?PR?KEY_LOOP?KEYPLUS
            CODE    0836H     003DH     UNIT         ?PR?_LCD_SHOWBINNUM?LCD1602
            CODE    0873H     0032H     UNIT         ?PR?_I2C_SENDBYTE?I2C
            CODE    08A5H     0031H     UNIT         ?PR?_LCD_POW?LCD1602
            CODE    08D6H     0030H     UNIT         ?PR?_AT24C02_READBYTE?AT24C02
            CODE    0906H     002BH     UNIT         ?PR?DS18B20_READT?DS18B20
            CODE    0931H     0026H     UNIT         ?PR?ONEWIRE_RECEIVEBYTE?ONEWIRE
            CODE    0957H     0026H     UNIT         ?PR?I2C_RECEIVEBYTE?I2C
            CODE    097DH     0024H     UNIT         ?PR?_LCD_SHOWNUM?LCD1602
            CODE    09A1H     0024H     UNIT         ?PR?_AT24C02_WRITEBYTE?AT24C02
            CODE    09C5H     0023H     UNIT         ?PR?_LCD_SHOWSTRING?LCD1602
            CODE    09E8H     0022H     UNIT         ?PR?_ONEWIRE_SENDBYTE?ONEWIRE
            CODE    0A0AH     0021H     UNIT         ?PR?ONEWIRE_INIT?ONEWIRE
            CODE    0A2BH     001EH     UNIT         ?PR?_LCD_WRITEDATA?LCD1602
            CODE    0A49H     001EH     UNIT         ?PR?_LCD_SETCURSOR?LCD1602
            CODE    0A67H     001AH     UNIT         ?CO?MAIN
            CODE    0A81H     001AH     UNIT         ?PR?ONEWIRE_RECEIVEBIT?ONEWIRE
            CODE    0A9BH     0017H     UNIT         ?PR?TIMER0_INIT?TIMER0
            CODE    0AB2H     0016H     UNIT         ?PR?KEY_GETSTATE?KEYPLUS
            CODE    0AC8H     0015H     UNIT         ?PR?_ONEWIRE_SENDBIT?ONEWIRE
            CODE    0ADDH     0014H     UNIT         ?PR?_DELAY?DELAY
            CODE    0AF1H     0014H     UNIT         ?PR?LCD_INIT?LCD1602
            CODE    0B05H     000FH     UNIT         ?PR?LCD_DELAY?LCD1602
            CODE    0B14H     000DH     UNIT         ?PR?DS18B20_CONVERTT?DS18B20
            CODE    0B21H     000CH     UNIT         ?PR?I2C_RECEIVEACK?I2C
            CODE    0B2DH     000AH     UNIT         ?PR?_LCD_WRITECOMMAND?LCD1602
            CODE    0B37H     000AH     UNIT         ?PR?_LCD_SHOWCHAR?LCD1602
            CODE    0B41H     000AH     UNIT         ?PR?_I2C_SENDACK?I2C
            CODE    0B4BH     0009H     UNIT         ?PR?I2C_START?I2C
            CODE    0B54H     0006H     UNIT         ?PR?KEY?KEYPLUS
            CODE    0B5AH     0005H     UNIT         ?C_INITSEG



OVERLAY MAP OF MODULE:   .\Objects\test (MAIN)


SEGMENT                                   DATA_GROUP 
  +--> CALLED SEGMENT                   START    LENGTH
-------------------------------------------------------
?PR?TIMER0_ROUTINE?MAIN                 -----    -----
  +--> ?PR?KEY_LOOP?KEYPLUS

?PR?KEY_LOOP?KEYPLUS                    -----    -----
  +--> ?PR?KEY_GETSTATE?KEYPLUS

*** NEW ROOT ***************************************************

?C_C51STARTUP                           -----    -----
  +--> ?PR?MAIN?MAIN
  +--> ?C_INITSEG

?PR?MAIN?MAIN                           -----    -----
  +--> ?PR?_AT24C02_READBYTE?AT24C02
BL51 BANKED LINKER/LOCATER V6.22.2.0                                                  10/21/2022  18:40:44  PAGE 3


  +--> ?PR?LCD_INIT?LCD1602
  +--> ?PR?TIMER0_INIT?TIMER0
  +--> ?CO?MAIN
  +--> ?PR?_LCD_SHOWSTRING?LCD1602
  +--> ?PR?KEY?KEYPLUS
  +--> ?PR?DS18B20_CONVERTT?DS18B20
  +--> ?PR?DS18B20_READT?DS18B20
  +--> ?PR?_LCD_SHOWCHAR?LCD1602
  +--> ?PR?_LCD_SHOWNUM?LCD1602
  +--> ?PR?_LCD_SHOWSIGNEDNUM?LCD1602
  +--> ?PR?_AT24C02_WRITEBYTE?AT24C02
  +--> ?PR?_DELAY?DELAY

?PR?_AT24C02_READBYTE?AT24C02           0015H    0002H
  +--> ?PR?I2C_START?I2C
  +--> ?PR?_I2C_SENDBYTE?I2C
  +--> ?PR?I2C_RECEIVEACK?I2C
  +--> ?PR?I2C_RECEIVEBYTE?I2C
  +--> ?PR?_I2C_SENDACK?I2C
  +--> ?PR?I2C_STOP?I2C

?PR?LCD_INIT?LCD1602                    -----    -----
  +--> ?PR?_LCD_WRITECOMMAND?LCD1602

?PR?_LCD_WRITECOMMAND?LCD1602           -----    -----
  +--> ?PR?LCD_DELAY?LCD1602

?PR?_LCD_SHOWSTRING?LCD1602             0015H    0003H
  +--> ?PR?_LCD_SETCURSOR?LCD1602
  +--> ?PR?_LCD_WRITEDATA?LCD1602

?PR?_LCD_SETCURSOR?LCD1602              -----    -----
  +--> ?PR?_LCD_WRITECOMMAND?LCD1602

?PR?_LCD_WRITEDATA?LCD1602              -----    -----
  +--> ?PR?LCD_DELAY?LCD1602

?PR?DS18B20_CONVERTT?DS18B20            -----    -----
  +--> ?PR?ONEWIRE_INIT?ONEWIRE
  +--> ?PR?_ONEWIRE_SENDBYTE?ONEWIRE

?PR?_ONEWIRE_SENDBYTE?ONEWIRE           -----    -----
  +--> ?PR?_ONEWIRE_SENDBIT?ONEWIRE

?PR?DS18B20_READT?DS18B20               0015H    0001H
  +--> ?PR?ONEWIRE_INIT?ONEWIRE
  +--> ?PR?_ONEWIRE_SENDBYTE?ONEWIRE
  +--> ?PR?ONEWIRE_RECEIVEBYTE?ONEWIRE

?PR?ONEWIRE_RECEIVEBYTE?ONEWIRE         -----    -----
  +--> ?PR?ONEWIRE_RECEIVEBIT?ONEWIRE

?PR?_LCD_SHOWCHAR?LCD1602               -----    -----
  +--> ?PR?_LCD_SETCURSOR?LCD1602
  +--> ?PR?_LCD_WRITEDATA?LCD1602

?PR?_LCD_SHOWNUM?LCD1602                0015H    0005H
BL51 BANKED LINKER/LOCATER V6.22.2.0                                                  10/21/2022  18:40:44  PAGE 4


  +--> ?PR?_LCD_SETCURSOR?LCD1602
  +--> ?PR?_LCD_POW?LCD1602
  +--> ?PR?_LCD_WRITEDATA?LCD1602

?PR?_LCD_POW?LCD1602                    001CH    0004H

?PR?_LCD_SHOWSIGNEDNUM?LCD1602          0015H    0007H
  +--> ?PR?_LCD_SETCURSOR?LCD1602
  +--> ?PR?_LCD_WRITEDATA?LCD1602
  +--> ?PR?_LCD_POW?LCD1602

?PR?_AT24C02_WRITEBYTE?AT24C02          0015H    0003H
  +--> ?PR?I2C_START?I2C
  +--> ?PR?_I2C_SENDBYTE?I2C
  +--> ?PR?I2C_RECEIVEACK?I2C
  +--> ?PR?I2C_STOP?I2C



IGNORED SYMBOLS:
   KEYNUM



SYMBOL TABLE OF MODULE:  .\Objects\test (MAIN)

  VALUE           TYPE          NAME
  ----------------------------------

  -------         MODULE        MAIN
  C:0000H         SYMBOL        _ICE_DUMMY_
  C:0712H         PUBLIC        Timer0_Routine
  D:000AH         PUBLIC        TLow
  C:046DH         PUBLIC        main
  D:000BH         PUBLIC        temp
  D:008CH         PUBLIC        TH0
  D:008AH         PUBLIC        TL0
  D:000FH         PUBLIC        T
  D:0013H         PUBLIC        THigh
  D:0014H         PUBLIC        KeyNum
  -------         PROC          MAIN
  C:046DH         LINE#         13
  C:046DH         LINE#         16
  C:0474H         LINE#         17
  C:047BH         LINE#         18
  C:04ACH         LINE#         19
  C:04AFH         LINE#         20
  C:04B2H         LINE#         21
  C:04B2H         LINE#         23
  C:04B5H         LINE#         24
  C:04B8H         LINE#         25
  C:04C5H         LINE#         26
  C:04D2H         LINE#         27
  C:04DFH         LINE#         28
  C:04DFH         LINE#         29
  C:04E4H         LINE#         31
  C:04E7H         LINE#         32
BL51 BANKED LINKER/LOCATER V6.22.2.0                                                  10/21/2022  18:40:44  PAGE 5


  C:04F2H         LINE#         33
  C:04FAH         LINE#         34
  C:050CH         LINE#         35
  C:0515H         LINE#         36
  C:0528H         LINE#         37
  C:052AH         LINE#         38
  C:0533H         LINE#         39
  C:0533H         LINE#         40
  C:054CH         LINE#         41
  C:0555H         LINE#         42
  C:057DH         LINE#         45
  C:0581H         LINE#         46
  C:059FH         LINE#         47
  C:05B6H         LINE#         48
  C:05CDH         LINE#         49
  C:05EAH         LINE#         50
  C:05EAH         LINE#         51
  C:05FBH         LINE#         52
  C:060CH         LINE#         54
  C:0618H         LINE#         55
  C:061FH         LINE#         56
  C:062BH         LINE#         57
  C:0632H         LINE#         59
  C:0647H         LINE#         60
  C:0651H         LINE#         61
  C:0666H         LINE#         62
  C:0673H         LINE#         63
  C:0676H         LINE#         64
  C:0683H         LINE#         65
  C:0683H         LINE#         66
  -------         ENDPROC       MAIN
  -------         PROC          TIMER0_ROUTINE
  -------         DO            
  D:0008H         SYMBOL        count0
  -------         ENDDO         
  C:0712H         LINE#         69
  C:072FH         LINE#         72
  C:0732H         LINE#         73
  C:0735H         LINE#         74
  C:073DH         LINE#         75
  C:0743H         LINE#         76
  C:0746H         LINE#         77
  C:0746H         LINE#         79
  -------         ENDPROC       TIMER0_ROUTINE
  -------         ENDMOD        MAIN

  -------         MODULE        DELAY
  C:0000H         SYMBOL        _ICE_DUMMY_
  C:0ADDH         PUBLIC        _Delay
  -------         PROC          _DELAY
  D:0006H         SYMBOL        t
  -------         DO            
  D:0005H         SYMBOL        i
  D:0004H         SYMBOL        j
  -------         ENDDO         
  C:0ADDH         LINE#         2
  C:0ADDH         LINE#         3
BL51 BANKED LINKER/LOCATER V6.22.2.0                                                  10/21/2022  18:40:44  PAGE 6


  C:0ADDH         LINE#         6
  C:0AE1H         LINE#         7
  C:0AE3H         LINE#         8
  C:0AE5H         LINE#         10
  C:0AE5H         LINE#         11
  C:0AE7H         LINE#         12
  C:0AE9H         LINE#         13
  C:0AEEH         LINE#         14
  C:0AF0H         LINE#         17
  -------         ENDPROC       _DELAY
  -------         ENDMOD        DELAY

  -------         MODULE        DS18B20
  C:0000H         SYMBOL        _ICE_DUMMY_
  C:0B14H         PUBLIC        DS18B20_ConvertT
  C:0906H         PUBLIC        DS18B20_ReadT
  -------         PROC          DS18B20_CONVERTT
  C:0B14H         LINE#         8
  C:0B14H         LINE#         9
  C:0B17H         LINE#         10
  C:0B1CH         LINE#         11
  -------         ENDPROC       DS18B20_CONVERTT
  -------         PROC          DS18B20_READT
  -------         DO            
  D:0015H         SYMBOL        TLSB
  D:0007H         SYMBOL        TMSB
  D:0006H         SYMBOL        Temp
  D:0004H         SYMBOL        T
  -------         ENDDO         
  C:0906H         LINE#         15
  C:0906H         LINE#         19
  C:0909H         LINE#         20
  C:090EH         LINE#         21
  C:0913H         LINE#         22
  C:0918H         LINE#         23
  C:091BH         LINE#         24
  C:0920H         LINE#         25
  -------         ENDPROC       DS18B20_READT
  -------         ENDMOD        DS18B20

  -------         MODULE        LCD1602
  C:0000H         SYMBOL        _ICE_DUMMY_
  D:0080H         PUBLIC        P0
  D:00A0H         PUBLIC        P2
  C:0B2DH         PUBLIC        _LCD_WriteCommand
  C:097DH         PUBLIC        _LCD_ShowNum
  C:0836H         PUBLIC        _LCD_ShowBinNum
  C:0B0BH         PUBLIC        LCD_Delay
  C:0761H         PUBLIC        _LCD_ShowHexNum
  C:0A3FH         PUBLIC        _LCD_WriteData
  B:00A0H.7       PUBLIC        LCD_EN
  C:0AF1H         PUBLIC        LCD_Init
  C:09C5H         PUBLIC        _LCD_ShowString
  C:0B37H         PUBLIC        _LCD_ShowChar
  B:00A0H.6       PUBLIC        LCD_RS
  B:00A0H.5       PUBLIC        LCD_RW
  C:0A49H         PUBLIC        _LCD_SetCursor
BL51 BANKED LINKER/LOCATER V6.22.2.0                                                  10/21/2022  18:40:44  PAGE 7


  C:07ACH         PUBLIC        _LCD_ShowSignedNum
  C:08AFH         PUBLIC        _LCD_Pow
  -------         PROC          L?0047
  -------         ENDPROC       L?0047
  -------         PROC          LCD_DELAY
  -------         DO            
  D:0007H         SYMBOL        i
  D:0006H         SYMBOL        j
  -------         ENDDO         
  C:0B0BH         LINE#         15
  C:0B0BH         LINE#         16
  C:0B0BH         LINE#         19
  C:0B0DH         LINE#         20
  C:0B0FH         LINE#         22
  C:0B0FH         LINE#         23
  C:0B11H         LINE#         24
  C:0B13H         LINE#         25
  -------         ENDPROC       LCD_DELAY
  -------         PROC          _LCD_WRITECOMMAND
  D:0007H         SYMBOL        Command
  C:0B2DH         LINE#         32
  C:0B2DH         LINE#         33
  C:0B2DH         LINE#         34
  C:0B2FH         LINE#         35
  C:0B2FH         LINE#         36
  C:0B2FH         LINE#         37
  C:0B2FH         LINE#         38
  C:0B32H         LINE#         39
  C:0B34H         LINE#         40
  -------         ENDPROC       _LCD_WRITECOMMAND
  -------         PROC          L?0045
  -------         ENDPROC       L?0045
  -------         PROC          _LCD_WRITEDATA
  D:0007H         SYMBOL        Data
  C:0A3FH         LINE#         48
  C:0A3FH         LINE#         49
  C:0A3FH         LINE#         50
  C:0A41H         LINE#         51
  C:0A41H         LINE#         52
  C:0A41H         LINE#         53
  C:0A41H         LINE#         54
  C:0A44H         LINE#         55
  C:0A46H         LINE#         56
  -------         ENDPROC       _LCD_WRITEDATA
  -------         PROC          _LCD_SETCURSOR
  D:0006H         SYMBOL        Line
  D:0005H         SYMBOL        Column
  C:0A49H         LINE#         65
  C:0A4BH         LINE#         66
  C:0A4BH         LINE#         67
  C:0A53H         LINE#         68
  C:0A53H         LINE#         69
  C:0A55H         LINE#         70
  C:0A57H         LINE#         71
  C:0A5DH         LINE#         72
  C:0A5DH         LINE#         73
  C:0A66H         LINE#         74
BL51 BANKED LINKER/LOCATER V6.22.2.0                                                  10/21/2022  18:40:44  PAGE 8


  C:0A66H         LINE#         75
  -------         ENDPROC       _LCD_SETCURSOR
  -------         PROC          LCD_INIT
  C:0AF1H         LINE#         82
  C:0AF1H         LINE#         83
  C:0AF1H         LINE#         84
  C:0AF6H         LINE#         85
  C:0AFBH         LINE#         86
  C:0B00H         LINE#         87
  -------         ENDPROC       LCD_INIT
  -------         PROC          _LCD_SHOWCHAR
  D:0006H         SYMBOL        Line
  D:0005H         SYMBOL        Column
  D:0004H         SYMBOL        Char
  C:0B37H         LINE#         97
  C:0B39H         LINE#         98
  C:0B39H         LINE#         99
  C:0B3CH         LINE#         100
  -------         ENDPROC       _LCD_SHOWCHAR
  -------         PROC          _LCD_SHOWSTRING
  D:0007H         SYMBOL        Line
  D:0005H         SYMBOL        Column
  D:0015H         SYMBOL        String
  -------         DO            
  D:0005H         SYMBOL        i
  -------         ENDDO         
  C:09C5H         LINE#         110
  C:09CBH         LINE#         111
  C:09CBH         LINE#         113
  C:09CEH         LINE#         114
  C:09E1H         LINE#         115
  C:09E1H         LINE#         116
  C:09E4H         LINE#         117
  C:09E7H         LINE#         118
  -------         ENDPROC       _LCD_SHOWSTRING
  -------         PROC          L?0046
  -------         ENDPROC       L?0046
  -------         PROC          _LCD_POW
  D:001CH         SYMBOL        X
  D:001EH         SYMBOL        Y
  -------         DO            
  D:0003H         SYMBOL        i
  D:0006H         SYMBOL        Result
  -------         ENDDO         
  C:08AFH         LINE#         123
  C:08B7H         LINE#         124
  C:08B7H         LINE#         126
  C:08BBH         LINE#         127
  C:08CBH         LINE#         128
  C:08CBH         LINE#         129
  C:08D2H         LINE#         130
  C:08D5H         LINE#         131
  C:08D5H         LINE#         132
  -------         ENDPROC       _LCD_POW
  -------         PROC          _LCD_SHOWNUM
  D:0007H         SYMBOL        Line
  D:0005H         SYMBOL        Column
BL51 BANKED LINKER/LOCATER V6.22.2.0                                                  10/21/2022  18:40:44  PAGE 9


  D:0017H         SYMBOL        Number
  D:0019H         SYMBOL        Length
  -------         DO            
  D:0002H         SYMBOL        i
  -------         ENDDO         
  C:097DH         LINE#         142
  C:0981H         LINE#         143
  C:0981H         LINE#         145
  C:0984H         LINE#         146
  C:0993H         LINE#         147
  C:0993H         LINE#         148
  C:099DH         LINE#         149
  C:09A0H         LINE#         150
  -------         ENDPROC       _LCD_SHOWNUM
  -------         PROC          _LCD_SHOWSIGNEDNUM
  D:0007H         SYMBOL        Line
  D:0005H         SYMBOL        Column
  D:0082H         SYMBOL        Number
  D:0019H         SYMBOL        Length
  -------         DO            
  D:0002H         SYMBOL        i
  D:001AH         SYMBOL        Number1
  -------         ENDDO         
  C:07ACH         LINE#         160
  C:07B0H         LINE#         161
  C:07B0H         LINE#         164
  C:07B3H         LINE#         165
  C:07BCH         LINE#         166
  C:07BCH         LINE#         167
  C:07C1H         LINE#         168
  C:07C7H         LINE#         169
  C:07C9H         LINE#         171
  C:07C9H         LINE#         172
  C:07CEH         LINE#         173
  C:07D9H         LINE#         174
  C:07D9H         LINE#         175
  C:07E8H         LINE#         176
  C:07E8H         LINE#         177
  C:07F2H         LINE#         178
  C:07F5H         LINE#         179
  -------         ENDPROC       _LCD_SHOWSIGNEDNUM
  -------         PROC          _LCD_SHOWHEXNUM
  D:0007H         SYMBOL        Line
  D:0005H         SYMBOL        Column
  D:0022H         SYMBOL        Number
  D:0024H         SYMBOL        Length
  -------         DO            
  D:0002H         SYMBOL        i
  D:0006H         SYMBOL        SingleNumber
  -------         ENDDO         
  C:0761H         LINE#         189
  C:0765H         LINE#         190
  C:0765H         LINE#         192
  C:0768H         LINE#         193
  C:0774H         LINE#         194
  C:0774H         LINE#         195
  C:0794H         LINE#         196
BL51 BANKED LINKER/LOCATER V6.22.2.0                                                  10/21/2022  18:40:44  PAGE 10


  C:079EH         LINE#         197
  C:079EH         LINE#         198
  C:07A0H         LINE#         199
  C:07A2H         LINE#         201
  C:07A2H         LINE#         202
  C:07A8H         LINE#         203
  C:07A8H         LINE#         204
  C:07ABH         LINE#         205
  -------         ENDPROC       _LCD_SHOWHEXNUM
  -------         PROC          _LCD_SHOWBINNUM
  D:0007H         SYMBOL        Line
  D:0005H         SYMBOL        Column
  D:0027H         SYMBOL        Number
  D:0029H         SYMBOL        Length
  -------         DO            
  D:0002H         SYMBOL        i
  -------         ENDDO         
  C:0836H         LINE#         215
  C:083AH         LINE#         216
  C:083AH         LINE#         218
  C:083DH         LINE#         219
  C:084CH         LINE#         220
  C:084CH         LINE#         221
  C:086FH         LINE#         222
  C:0872H         LINE#         223
  -------         ENDPROC       _LCD_SHOWBINNUM
  -------         ENDMOD        LCD1602

  -------         MODULE        ONEWIRE
  C:0000H         SYMBOL        _ICE_DUMMY_
  D:00B0H         PUBLIC        P3
  B:00A8H.7       PUBLIC        EA
  C:0A81H         PUBLIC        OneWire_ReceiveBit
  B:00B0H.7       PUBLIC        OneWire_DQ
  C:0A0AH         PUBLIC        OneWire_Init
  C:09E8H         PUBLIC        _OneWire_SendByte
  C:0AC8H         PUBLIC        _OneWire_SendBit
  C:0931H         PUBLIC        OneWire_ReceiveByte
  -------         PROC          ONEWIRE_INIT
  -------         DO            
  D:0007H         SYMBOL        i
  D:0006H         SYMBOL        AckBit
  -------         ENDDO         
  C:0A0AH         LINE#         7
  C:0A0AH         LINE#         10
  C:0A0CH         LINE#         11
  C:0A0EH         LINE#         12
  C:0A10H         LINE#         13
  C:0A15H         LINE#         15
  C:0A17H         LINE#         16
  C:0A1CH         LINE#         17
  C:0A21H         LINE#         18
  C:0A26H         LINE#         19
  C:0A28H         LINE#         20
  C:0A2AH         LINE#         21
  -------         ENDPROC       ONEWIRE_INIT
  -------         PROC          _ONEWIRE_SENDBIT
BL51 BANKED LINKER/LOCATER V6.22.2.0                                                  10/21/2022  18:40:44  PAGE 11


  D:0007H         SYMBOL        Bit
  -------         DO            
  D:0006H         SYMBOL        i
  -------         ENDDO         
  C:0AC8H         LINE#         23
  C:0AC8H         LINE#         25
  C:0ACAH         LINE#         26
  C:0ACCH         LINE#         27
  C:0AD1H         LINE#         28
  C:0AD6H         LINE#         29
  C:0ADAH         LINE#         30
  C:0ADCH         LINE#         31
  -------         ENDPROC       _ONEWIRE_SENDBIT
  -------         PROC          ONEWIRE_RECEIVEBIT
  -------         DO            
  D:0007H         SYMBOL        i
  D:0006H         SYMBOL        Bit
  -------         ENDDO         
  C:0A81H         LINE#         33
  C:0A81H         LINE#         36
  C:0A83H         LINE#         37
  C:0A88H         LINE#         38
  C:0A8AH         LINE#         39
  C:0A8FH         LINE#         40
  C:0A94H         LINE#         41
  C:0A98H         LINE#         43
  C:0A9AH         LINE#         44
  -------         ENDPROC       ONEWIRE_RECEIVEBIT
  -------         PROC          _ONEWIRE_SENDBYTE
  D:0005H         SYMBOL        Byte
  -------         DO            
  D:0004H         SYMBOL        i
  -------         ENDDO         
  C:09E8H         LINE#         45
  C:09EAH         LINE#         47
  C:09F6H         LINE#         48
  C:0A06H         LINE#         49
  C:0A09H         LINE#         50
  -------         ENDPROC       _ONEWIRE_SENDBYTE
  -------         PROC          ONEWIRE_RECEIVEBYTE
  -------         DO            
  D:0004H         SYMBOL        i
  D:0005H         SYMBOL        Byte
  -------         ENDDO         
  C:0931H         LINE#         52
  C:0931H         LINE#         54
  C:0933H         LINE#         55
  C:093EH         LINE#         56
  C:0951H         LINE#         57
  C:0954H         LINE#         58
  C:0956H         LINE#         59
  -------         ENDPROC       ONEWIRE_RECEIVEBYTE
  -------         ENDMOD        ONEWIRE

  -------         MODULE        AT24C02
  C:0000H         SYMBOL        _ICE_DUMMY_
  C:08D6H         PUBLIC        _AT24C02_ReadByte
BL51 BANKED LINKER/LOCATER V6.22.2.0                                                  10/21/2022  18:40:44  PAGE 12


  C:09A1H         PUBLIC        _AT24C02_WriteByte
  -------         PROC          _AT24C02_WRITEBYTE
  D:0015H         SYMBOL        WordAddress
  D:0016H         SYMBOL        Data
  C:09A1H         LINE#         12
  C:09A7H         LINE#         13
  C:09AAH         LINE#         14
  C:09AFH         LINE#         15
  C:09B2H         LINE#         16
  C:09B7H         LINE#         17
  C:09BAH         LINE#         18
  C:09BFH         LINE#         19
  C:09C2H         LINE#         20
  -------         ENDPROC       _AT24C02_WRITEBYTE
  -------         PROC          _AT24C02_READBYTE
  D:0015H         SYMBOL        WordAddress
  -------         DO            
  D:0016H         SYMBOL        Data
  -------         ENDDO         
  C:08D6H         LINE#         29
  C:08D8H         LINE#         32
  C:08DBH         LINE#         33
  C:08E0H         LINE#         34
  C:08E3H         LINE#         35
  C:08E8H         LINE#         36
  C:08EBH         LINE#         38
  C:08EEH         LINE#         39
  C:08F3H         LINE#         40
  C:08F6H         LINE#         41
  C:08FBH         LINE#         42
  C:0900H         LINE#         43
  C:0903H         LINE#         45
  C:0905H         LINE#         46
  -------         ENDPROC       _AT24C02_READBYTE
  -------         ENDMOD        AT24C02

  -------         MODULE        I2C
  C:0000H         SYMBOL        _ICE_DUMMY_
  B:00A0H.1       PUBLIC        I2C_SCL
  D:00A0H         PUBLIC        P2
  C:0B4BH         PUBLIC        I2C_Start
  C:0B41H         PUBLIC        _I2C_SendAck
  C:0873H         PUBLIC        _I2C_SendByte
  C:0003H         PUBLIC        I2C_Stop
  C:0B21H         PUBLIC        I2C_ReceiveAck
  B:00A0H.0       PUBLIC        I2C_SDA
  C:0957H         PUBLIC        I2C_ReceiveByte
  -------         PROC          I2C_START
  C:0B4BH         LINE#         12
  C:0B4BH         LINE#         13
  C:0B4DH         LINE#         14
  C:0B4FH         LINE#         15
  C:0B51H         LINE#         16
  C:0B53H         LINE#         17
  -------         ENDPROC       I2C_START
  -------         PROC          I2C_STOP
  C:0003H         LINE#         24
BL51 BANKED LINKER/LOCATER V6.22.2.0                                                  10/21/2022  18:40:44  PAGE 13


  C:0003H         LINE#         25
  C:0005H         LINE#         26
  C:0007H         LINE#         27
  C:0009H         LINE#         28
  -------         ENDPROC       I2C_STOP
  -------         PROC          _I2C_SENDBYTE
  D:0005H         SYMBOL        Byte
  -------         DO            
  D:0003H         SYMBOL        i
  -------         ENDDO         
  C:0873H         LINE#         34
  C:0875H         LINE#         36
  C:0881H         LINE#         37
  C:089DH         LINE#         38
  C:089FH         LINE#         39
  C:08A1H         LINE#         40
  C:08A4H         LINE#         41
  -------         ENDPROC       _I2C_SENDBYTE
  -------         PROC          I2C_RECEIVEBYTE
  -------         DO            
  D:0006H         SYMBOL        i
  D:0007H         SYMBOL        Byte
  -------         ENDDO         
  C:0957H         LINE#         47
  C:0957H         LINE#         49
  C:0959H         LINE#         50
  C:0965H         LINE#         51
  C:0967H         LINE#         52
  C:096AH         LINE#         53
  C:0977H         LINE#         54
  C:0977H         LINE#         55
  C:0979H         LINE#         56
  C:097CH         LINE#         58
  C:097CH         LINE#         59
  -------         ENDPROC       I2C_RECEIVEBYTE
  -------         PROC          _I2C_SENDACK
  D:0007H         SYMBOL        AckBit
  C:0B41H         LINE#         65
  C:0B41H         LINE#         66
  C:0B46H         LINE#         67
  C:0B48H         LINE#         68
  C:0B4AH         LINE#         69
  -------         ENDPROC       _I2C_SENDACK
  -------         PROC          I2C_RECEIVEACK
  -------         DO            
  D:0007H         SYMBOL        AckBit
  -------         ENDDO         
  C:0B21H         LINE#         75
  C:0B21H         LINE#         77
  C:0B23H         LINE#         78
  C:0B25H         LINE#         79
  C:0B2AH         LINE#         80
  C:0B2CH         LINE#         81
  C:0B2CH         LINE#         82
  -------         ENDPROC       I2C_RECEIVEACK
  -------         ENDMOD        I2C

BL51 BANKED LINKER/LOCATER V6.22.2.0                                                  10/21/2022  18:40:44  PAGE 14


  -------         MODULE        KEYPLUS
  C:0000H         SYMBOL        _ICE_DUMMY_
  B:00B0H.0       PUBLIC        P3_0
  B:00B0H.1       PUBLIC        P3_1
  B:00B0H.2       PUBLIC        P3_2
  B:00B0H.3       PUBLIC        P3_3
  C:07F6H         PUBLIC        Key_Loop
  C:0B54H         PUBLIC        Key
  C:0AB2H         PUBLIC        Key_GetState
  D:002CH         PUBLIC        KeyNum
  -------         PROC          KEY
  -------         DO            
  D:0007H         SYMBOL        Temp
  -------         ENDDO         
  C:0B54H         LINE#         6
  C:0B54H         LINE#         10
  C:0B56H         LINE#         11
  C:0B59H         LINE#         13
  C:0B59H         LINE#         14
  -------         ENDPROC       KEY
  -------         PROC          KEY_GETSTATE
  -------         DO            
  D:0007H         SYMBOL        KeyNumber
  -------         ENDDO         
  C:0AB2H         LINE#         16
  C:0AB2H         LINE#         18
  C:0AB4H         LINE#         20
  C:0AB8H         LINE#         21
  C:0ABDH         LINE#         22
  C:0AC2H         LINE#         23
  C:0AC7H         LINE#         25
  C:0AC7H         LINE#         26
  -------         ENDPROC       KEY_GETSTATE
  -------         PROC          KEY_LOOP
  -------         DO            
  D:002AH         SYMBOL        NowState
  D:002BH         SYMBOL        LastState
  -------         ENDDO         
  C:07F6H         LINE#         28
  C:07F6H         LINE#         30
  C:07F9H         LINE#         31
  C:07FEH         LINE#         33
  C:080BH         LINE#         34
  C:080BH         LINE#         35
  C:080EH         LINE#         36
  C:080EH         LINE#         37
  C:0818H         LINE#         38
  C:0818H         LINE#         39
  C:081BH         LINE#         40
  C:081BH         LINE#         41
  C:0825H         LINE#         42
  C:0825H         LINE#         43
  C:0828H         LINE#         44
  C:0828H         LINE#         45
  C:0832H         LINE#         46
  C:0832H         LINE#         47
  C:0835H         LINE#         48
BL51 BANKED LINKER/LOCATER V6.22.2.0                                                  10/21/2022  18:40:44  PAGE 15


  C:0835H         LINE#         50
  -------         ENDPROC       KEY_LOOP
  -------         ENDMOD        KEYPLUS

  -------         MODULE        TIMER0
  C:0000H         SYMBOL        _ICE_DUMMY_
  B:00A8H.7       PUBLIC        EA
  C:0A9BH         PUBLIC        Timer0_Init
  D:0089H         PUBLIC        TMOD
  B:00A8H.1       PUBLIC        ET0
  B:0088H.5       PUBLIC        TF0
  D:008CH         PUBLIC        TH0
  D:008AH         PUBLIC        TL0
  B:00B8H.1       PUBLIC        PT0
  B:0088H.4       PUBLIC        TR0
  -------         PROC          TIMER0_INIT
  C:0A9BH         LINE#         3
  C:0A9BH         LINE#         4
  C:0A9BH         LINE#         5
  C:0A9EH         LINE#         6
  C:0AA1H         LINE#         7
  C:0AA4H         LINE#         8
  C:0AA7H         LINE#         9
  C:0AA9H         LINE#         10
  C:0AABH         LINE#         11
  C:0AADH         LINE#         12
  C:0AAFH         LINE#         13
  C:0AB1H         LINE#         14
  -------         ENDPROC       TIMER0_INIT
  -------         ENDMOD        TIMER0

  -------         MODULE        ?C?FPMUL
  C:000EH         PUBLIC        ?C?FPMUL
  -------         ENDMOD        ?C?FPMUL

  -------         MODULE        ?C?FPDIV
  C:0117H         PUBLIC        ?C?FPDIV
  -------         ENDMOD        ?C?FPDIV

  -------         MODULE        ?C?FPCMP
  C:01B6H         PUBLIC        ?C?FPCMP
  C:01B4H         PUBLIC        ?C?FPCMP3
  -------         ENDMOD        ?C?FPCMP

  -------         MODULE        ?C?FPNEG
  C:022DH         PUBLIC        ?C?FPNEG
  -------         ENDMOD        ?C?FPNEG

  -------         MODULE        ?C?FCAST
  C:0248H         PUBLIC        ?C?FCASTC
  C:0243H         PUBLIC        ?C?FCASTI
  C:023EH         PUBLIC        ?C?FCASTL
  -------         ENDMOD        ?C?FCAST

  -------         MODULE        ?C?CASTF
  C:027CH         PUBLIC        ?C?CASTF
  -------         ENDMOD        ?C?CASTF
BL51 BANKED LINKER/LOCATER V6.22.2.0                                                  10/21/2022  18:40:44  PAGE 16



  -------         MODULE        ?C?CLDOPTR
  C:02FDH         PUBLIC        ?C?CLDOPTR
  -------         ENDMOD        ?C?CLDOPTR

  -------         MODULE        ?C?IMUL
  C:032AH         PUBLIC        ?C?IMUL
  -------         ENDMOD        ?C?IMUL

  -------         MODULE        ?C?UIDIV
  C:033CH         PUBLIC        ?C?UIDIV
  -------         ENDMOD        ?C?UIDIV

  -------         MODULE        ?C?ULDIV
  C:03CDH         PUBLIC        ?C?ULDIV
  -------         ENDMOD        ?C?ULDIV

  -------         MODULE        ?C?LNEG
  C:045FH         PUBLIC        ?C?LNEG
  -------         ENDMOD        ?C?LNEG

*** ERROR L104: MULTIPLE PUBLIC DEFINITIONS
    SYMBOL:  KEYNUM
    MODULE:  .\Objects\Keyplus.obj (KEYPLUS)

*** WARNING L16: UNCALLED SEGMENT, IGNORED FOR OVERLAY PROCESS
    SEGMENT: ?PR?_LCD_SHOWHEXNUM?LCD1602

*** WARNING L16: UNCALLED SEGMENT, IGNORED FOR OVERLAY PROCESS
    SEGMENT: ?PR?_LCD_SHOWBINNUM?LCD1602

Program Size: data=46.0 xdata=0 code=2910
LINK/LOCATE RUN COMPLETE.  2 WARNING(S),  1 ERROR(S)
