BL51 BANKED LINKER/LOCATER V6.22.2.0                                                    10/23/2022  23:23:16  PAGE 1


BL51 BANKED LINKER/LOCATER V6.22.2.0, INVOKED BY:
D:\KEIL_V5\C51\BIN\BL51.EXE .\Objects\main.obj, .\Objects\Delay.obj, .\Objects\LCD1602.obj, .\Objects\XPT2046.obj TO .\O
>> bjects\test PRINT (.\Listings\test.m51) RAMSIZE (256)


MEMORY MODEL: SMALL


INPUT MODULES INCLUDED:
  .\Objects\main.obj (MAIN)
  .\Objects\Delay.obj (DELAY)
  .\Objects\LCD1602.obj (LCD1602)
  .\Objects\XPT2046.obj (XPT2046)
  D:\KEIL_V5\C51\LIB\C51S.LIB (?C_STARTUP)
  D:\KEIL_V5\C51\LIB\C51S.LIB (?C?CLDOPTR)
  D:\KEIL_V5\C51\LIB\C51S.LIB (?C?IMUL)
  D:\KEIL_V5\C51\LIB\C51S.LIB (?C?UIDIV)
  D:\KEIL_V5\C51\LIB\C51S.LIB (?C_INIT)


LINK MAP OF MODULE:  .\Objects\test (MAIN)


            TYPE    BASE      LENGTH    RELOCATION   SEGMENT NAME
            -----------------------------------------------------

            * * * * * * *   D A T A   M E M O R Y   * * * * * * *
            REG     0000H     0008H     ABSOLUTE     "REG BANK 0"
            DATA    0008H     0009H     UNIT         _DATA_GROUP_
            DATA    0011H     0007H     UNIT         ?DT?_LCD_SHOWSIGNEDNUM?LCD1602
            DATA    0018H     0005H     UNIT         ?DT?_LCD_SHOWHEXNUM?LCD1602
            DATA    001DH     0005H     UNIT         ?DT?_LCD_SHOWBINNUM?LCD1602
            DATA    0022H     0002H     UNIT         ?DT?MAIN
            IDATA   0024H     0001H     UNIT         ?STACK

            * * * * * * *   C O D E   M E M O R Y   * * * * * * *
            CODE    0000H     0003H     ABSOLUTE     
            CODE    0003H     0094H     UNIT         ?C?LIB_CODE
            CODE    0097H     008CH     UNIT         ?C_C51STARTUP
            CODE    0123H     006BH     UNIT         ?PR?_XPT2046_READAD?XPT2046
            CODE    018EH     005EH     UNIT         ?PR?MAIN?MAIN
            CODE    01ECH     004BH     UNIT         ?PR?_LCD_SHOWHEXNUM?LCD1602
            CODE    0237H     004AH     UNIT         ?PR?_LCD_SHOWSIGNEDNUM?LCD1602
            CODE    0281H     003DH     UNIT         ?PR?_LCD_SHOWBINNUM?LCD1602
            CODE    02BEH     0031H     UNIT         ?PR?_LCD_POW?LCD1602
            CODE    02EFH     0024H     UNIT         ?PR?_LCD_SHOWNUM?LCD1602
            CODE    0313H     0023H     UNIT         ?PR?_LCD_SHOWSTRING?LCD1602
            CODE    0336H     001EH     UNIT         ?PR?_LCD_WRITEDATA?LCD1602
            CODE    0354H     001EH     UNIT         ?PR?_LCD_SETCURSOR?LCD1602
            CODE    0372H     0014H     UNIT         ?PR?_DELAY?DELAY
            CODE    0386H     0014H     UNIT         ?PR?LCD_INIT?LCD1602
            CODE    039AH     000FH     UNIT         ?PR?LCD_DELAY?LCD1602
            CODE    03A9H     000BH     UNIT         ?CO?MAIN
            CODE    03B4H     000AH     UNIT         ?PR?_LCD_WRITECOMMAND?LCD1602
            CODE    03BEH     000AH     UNIT         ?PR?_LCD_SHOWCHAR?LCD1602
            CODE    03C8H     0005H     UNIT         ?C_INITSEG


BL51 BANKED LINKER/LOCATER V6.22.2.0                                                  10/23/2022  23:23:16  PAGE 2



OVERLAY MAP OF MODULE:   .\Objects\test (MAIN)


SEGMENT                                  DATA_GROUP 
  +--> CALLED SEGMENT                  START    LENGTH
------------------------------------------------------
?C_C51STARTUP                          -----    -----
  +--> ?PR?MAIN?MAIN
  +--> ?C_INITSEG

?PR?MAIN?MAIN                          -----    -----
  +--> ?PR?LCD_INIT?LCD1602
  +--> ?CO?MAIN
  +--> ?PR?_LCD_SHOWSTRING?LCD1602
  +--> ?PR?_XPT2046_READAD?XPT2046
  +--> ?PR?_LCD_SHOWNUM?LCD1602
  +--> ?PR?_DELAY?DELAY

?PR?LCD_INIT?LCD1602                   -----    -----
  +--> ?PR?_LCD_WRITECOMMAND?LCD1602

?PR?_LCD_WRITECOMMAND?LCD1602          -----    -----
  +--> ?PR?LCD_DELAY?LCD1602

?PR?_LCD_SHOWSTRING?LCD1602            0008H    0003H
  +--> ?PR?_LCD_SETCURSOR?LCD1602
  +--> ?PR?_LCD_WRITEDATA?LCD1602

?PR?_LCD_SETCURSOR?LCD1602             -----    -----
  +--> ?PR?_LCD_WRITECOMMAND?LCD1602

?PR?_LCD_WRITEDATA?LCD1602             -----    -----
  +--> ?PR?LCD_DELAY?LCD1602

?PR?_XPT2046_READAD?XPT2046            0008H    0002H

?PR?_LCD_SHOWNUM?LCD1602               0008H    0005H
  +--> ?PR?_LCD_SETCURSOR?LCD1602
  +--> ?PR?_LCD_POW?LCD1602
  +--> ?PR?_LCD_WRITEDATA?LCD1602

?PR?_LCD_POW?LCD1602                   000DH    0004H



SYMBOL TABLE OF MODULE:  .\Objects\test (MAIN)

  VALUE           TYPE          NAME
  ----------------------------------

  -------         MODULE        MAIN
  C:0000H         SYMBOL        _ICE_DUMMY_
  D:0022H         PUBLIC        ADValue
  C:018EH         PUBLIC        main
  -------         PROC          MAIN
  C:018EH         LINE#         8
BL51 BANKED LINKER/LOCATER V6.22.2.0                                                  10/23/2022  23:23:16  PAGE 3


  C:018EH         LINE#         9
  C:0191H         LINE#         10
  C:019EH         LINE#         11
  C:019EH         LINE#         12
  C:01A7H         LINE#         13
  C:01B5H         LINE#         14
  C:01BEH         LINE#         15
  C:01CCH         LINE#         16
  C:01D5H         LINE#         17
  C:01E3H         LINE#         18
  C:01EAH         LINE#         19
  -------         ENDPROC       MAIN
  -------         ENDMOD        MAIN

  -------         MODULE        DELAY
  C:0000H         SYMBOL        _ICE_DUMMY_
  C:0372H         PUBLIC        _Delay
  -------         PROC          _DELAY
  D:0006H         SYMBOL        t
  -------         DO            
  D:0005H         SYMBOL        i
  D:0004H         SYMBOL        j
  -------         ENDDO         
  C:0372H         LINE#         2
  C:0372H         LINE#         3
  C:0372H         LINE#         6
  C:0376H         LINE#         7
  C:0378H         LINE#         8
  C:037AH         LINE#         10
  C:037AH         LINE#         11
  C:037CH         LINE#         12
  C:037EH         LINE#         13
  C:0383H         LINE#         14
  C:0385H         LINE#         17
  -------         ENDPROC       _DELAY
  -------         ENDMOD        DELAY

  -------         MODULE        LCD1602
  C:0000H         SYMBOL        _ICE_DUMMY_
  D:0080H         PUBLIC        P0
  D:00A0H         PUBLIC        P2
  C:03B4H         PUBLIC        _LCD_WriteCommand
  C:02EFH         PUBLIC        _LCD_ShowNum
  C:0281H         PUBLIC        _LCD_ShowBinNum
  C:03A0H         PUBLIC        LCD_Delay
  C:01ECH         PUBLIC        _LCD_ShowHexNum
  C:034AH         PUBLIC        _LCD_WriteData
  B:00A0H.7       PUBLIC        LCD_EN
  C:0386H         PUBLIC        LCD_Init
  C:0313H         PUBLIC        _LCD_ShowString
  C:03BEH         PUBLIC        _LCD_ShowChar
  B:00A0H.6       PUBLIC        LCD_RS
  B:00A0H.5       PUBLIC        LCD_RW
  C:0354H         PUBLIC        _LCD_SetCursor
  C:0237H         PUBLIC        _LCD_ShowSignedNum
  C:02C8H         PUBLIC        _LCD_Pow
  -------         PROC          L?0047
BL51 BANKED LINKER/LOCATER V6.22.2.0                                                  10/23/2022  23:23:16  PAGE 4


  -------         ENDPROC       L?0047
  -------         PROC          LCD_DELAY
  -------         DO            
  D:0007H         SYMBOL        i
  D:0006H         SYMBOL        j
  -------         ENDDO         
  C:03A0H         LINE#         15
  C:03A0H         LINE#         16
  C:03A0H         LINE#         19
  C:03A2H         LINE#         20
  C:03A4H         LINE#         22
  C:03A4H         LINE#         23
  C:03A6H         LINE#         24
  C:03A8H         LINE#         25
  -------         ENDPROC       LCD_DELAY
  -------         PROC          _LCD_WRITECOMMAND
  D:0007H         SYMBOL        Command
  C:03B4H         LINE#         32
  C:03B4H         LINE#         33
  C:03B4H         LINE#         34
  C:03B6H         LINE#         35
  C:03B6H         LINE#         36
  C:03B6H         LINE#         37
  C:03B6H         LINE#         38
  C:03B9H         LINE#         39
  C:03BBH         LINE#         40
  -------         ENDPROC       _LCD_WRITECOMMAND
  -------         PROC          L?0045
  -------         ENDPROC       L?0045
  -------         PROC          _LCD_WRITEDATA
  D:0007H         SYMBOL        Data
  C:034AH         LINE#         48
  C:034AH         LINE#         49
  C:034AH         LINE#         50
  C:034CH         LINE#         51
  C:034CH         LINE#         52
  C:034CH         LINE#         53
  C:034CH         LINE#         54
  C:034FH         LINE#         55
  C:0351H         LINE#         56
  -------         ENDPROC       _LCD_WRITEDATA
  -------         PROC          _LCD_SETCURSOR
  D:0006H         SYMBOL        Line
  D:0005H         SYMBOL        Column
  C:0354H         LINE#         65
  C:0356H         LINE#         66
  C:0356H         LINE#         67
  C:035EH         LINE#         68
  C:035EH         LINE#         69
  C:0360H         LINE#         70
  C:0362H         LINE#         71
  C:0368H         LINE#         72
  C:0368H         LINE#         73
  C:0371H         LINE#         74
  C:0371H         LINE#         75
  -------         ENDPROC       _LCD_SETCURSOR
  -------         PROC          LCD_INIT
BL51 BANKED LINKER/LOCATER V6.22.2.0                                                  10/23/2022  23:23:16  PAGE 5


  C:0386H         LINE#         82
  C:0386H         LINE#         83
  C:0386H         LINE#         84
  C:038BH         LINE#         85
  C:0390H         LINE#         86
  C:0395H         LINE#         87
  -------         ENDPROC       LCD_INIT
  -------         PROC          _LCD_SHOWCHAR
  D:0006H         SYMBOL        Line
  D:0005H         SYMBOL        Column
  D:0004H         SYMBOL        Char
  C:03BEH         LINE#         97
  C:03C0H         LINE#         98
  C:03C0H         LINE#         99
  C:03C3H         LINE#         100
  -------         ENDPROC       _LCD_SHOWCHAR
  -------         PROC          _LCD_SHOWSTRING
  D:0007H         SYMBOL        Line
  D:0005H         SYMBOL        Column
  D:0008H         SYMBOL        String
  -------         DO            
  D:0005H         SYMBOL        i
  -------         ENDDO         
  C:0313H         LINE#         110
  C:0319H         LINE#         111
  C:0319H         LINE#         113
  C:031CH         LINE#         114
  C:032FH         LINE#         115
  C:032FH         LINE#         116
  C:0332H         LINE#         117
  C:0335H         LINE#         118
  -------         ENDPROC       _LCD_SHOWSTRING
  -------         PROC          L?0046
  -------         ENDPROC       L?0046
  -------         PROC          _LCD_POW
  D:000DH         SYMBOL        X
  D:000FH         SYMBOL        Y
  -------         DO            
  D:0003H         SYMBOL        i
  D:0006H         SYMBOL        Result
  -------         ENDDO         
  C:02C8H         LINE#         123
  C:02D0H         LINE#         124
  C:02D0H         LINE#         126
  C:02D4H         LINE#         127
  C:02E4H         LINE#         128
  C:02E4H         LINE#         129
  C:02EBH         LINE#         130
  C:02EEH         LINE#         131
  C:02EEH         LINE#         132
  -------         ENDPROC       _LCD_POW
  -------         PROC          _LCD_SHOWNUM
  D:0007H         SYMBOL        Line
  D:0005H         SYMBOL        Column
  D:000AH         SYMBOL        Number
  D:000CH         SYMBOL        Length
  -------         DO            
BL51 BANKED LINKER/LOCATER V6.22.2.0                                                  10/23/2022  23:23:16  PAGE 6


  D:0002H         SYMBOL        i
  -------         ENDDO         
  C:02EFH         LINE#         142
  C:02F3H         LINE#         143
  C:02F3H         LINE#         145
  C:02F6H         LINE#         146
  C:0305H         LINE#         147
  C:0305H         LINE#         148
  C:030FH         LINE#         149
  C:0312H         LINE#         150
  -------         ENDPROC       _LCD_SHOWNUM
  -------         PROC          _LCD_SHOWSIGNEDNUM
  D:0007H         SYMBOL        Line
  D:0005H         SYMBOL        Column
  D:0082H         SYMBOL        Number
  D:0015H         SYMBOL        Length
  -------         DO            
  D:0002H         SYMBOL        i
  D:0016H         SYMBOL        Number1
  -------         ENDDO         
  C:0237H         LINE#         160
  C:023BH         LINE#         161
  C:023BH         LINE#         164
  C:023EH         LINE#         165
  C:0247H         LINE#         166
  C:0247H         LINE#         167
  C:024CH         LINE#         168
  C:0252H         LINE#         169
  C:0254H         LINE#         171
  C:0254H         LINE#         172
  C:0259H         LINE#         173
  C:0264H         LINE#         174
  C:0264H         LINE#         175
  C:0273H         LINE#         176
  C:0273H         LINE#         177
  C:027DH         LINE#         178
  C:0280H         LINE#         179
  -------         ENDPROC       _LCD_SHOWSIGNEDNUM
  -------         PROC          _LCD_SHOWHEXNUM
  D:0007H         SYMBOL        Line
  D:0005H         SYMBOL        Column
  D:001AH         SYMBOL        Number
  D:001CH         SYMBOL        Length
  -------         DO            
  D:0002H         SYMBOL        i
  D:0006H         SYMBOL        SingleNumber
  -------         ENDDO         
  C:01ECH         LINE#         189
  C:01F0H         LINE#         190
  C:01F0H         LINE#         192
  C:01F3H         LINE#         193
  C:01FFH         LINE#         194
  C:01FFH         LINE#         195
  C:021FH         LINE#         196
  C:0229H         LINE#         197
  C:0229H         LINE#         198
  C:022BH         LINE#         199
BL51 BANKED LINKER/LOCATER V6.22.2.0                                                  10/23/2022  23:23:16  PAGE 7


  C:022DH         LINE#         201
  C:022DH         LINE#         202
  C:0233H         LINE#         203
  C:0233H         LINE#         204
  C:0236H         LINE#         205
  -------         ENDPROC       _LCD_SHOWHEXNUM
  -------         PROC          _LCD_SHOWBINNUM
  D:0007H         SYMBOL        Line
  D:0005H         SYMBOL        Column
  D:001FH         SYMBOL        Number
  D:0021H         SYMBOL        Length
  -------         DO            
  D:0002H         SYMBOL        i
  -------         ENDDO         
  C:0281H         LINE#         215
  C:0285H         LINE#         216
  C:0285H         LINE#         218
  C:0288H         LINE#         219
  C:0297H         LINE#         220
  C:0297H         LINE#         221
  C:02BAH         LINE#         222
  C:02BDH         LINE#         223
  -------         ENDPROC       _LCD_SHOWBINNUM
  -------         ENDMOD        LCD1602

  -------         MODULE        XPT2046
  C:0000H         SYMBOL        _ICE_DUMMY_
  D:00B0H         PUBLIC        P3
  B:00B0H.4       PUBLIC        XPT2046_DIN
  C:0123H         PUBLIC        _XPT2046_ReadAD
  B:00B0H.5       PUBLIC        XPT2046_CS
  B:00B0H.6       PUBLIC        XPT2046_DCLK
  B:00B0H.7       PUBLIC        XPT2046_DOUT
  -------         PROC          _XPT2046_READAD
  D:0005H         SYMBOL        Command
  -------         DO            
  D:0008H         SYMBOL        Data
  D:0003H         SYMBOL        i
  -------         ENDDO         
  C:0123H         LINE#         8
  C:0125H         LINE#         9
  C:0125H         LINE#         10
  C:012AH         LINE#         12
  C:012CH         LINE#         13
  C:012EH         LINE#         15
  C:0139H         LINE#         16
  C:0139H         LINE#         17
  C:0155H         LINE#         18
  C:0157H         LINE#         19
  C:0159H         LINE#         20
  C:015CH         LINE#         22
  C:0168H         LINE#         23
  C:0168H         LINE#         24
  C:016AH         LINE#         25
  C:016CH         LINE#         26
  C:0183H         LINE#         27
  C:0186H         LINE#         29
BL51 BANKED LINKER/LOCATER V6.22.2.0                                                  10/23/2022  23:23:16  PAGE 8


  C:0188H         LINE#         30
  C:018DH         LINE#         31
  -------         ENDPROC       _XPT2046_READAD
  -------         ENDMOD        XPT2046

  -------         MODULE        ?C?CLDOPTR
  C:0003H         PUBLIC        ?C?CLDOPTR
  -------         ENDMOD        ?C?CLDOPTR

  -------         MODULE        ?C?IMUL
  C:0030H         PUBLIC        ?C?IMUL
  -------         ENDMOD        ?C?IMUL

  -------         MODULE        ?C?UIDIV
  C:0042H         PUBLIC        ?C?UIDIV
  -------         ENDMOD        ?C?UIDIV

*** WARNING L16: UNCALLED SEGMENT, IGNORED FOR OVERLAY PROCESS
    SEGMENT: ?PR?_LCD_SHOWCHAR?LCD1602

*** WARNING L16: UNCALLED SEGMENT, IGNORED FOR OVERLAY PROCESS
    SEGMENT: ?PR?_LCD_SHOWSIGNEDNUM?LCD1602

*** WARNING L16: UNCALLED SEGMENT, IGNORED FOR OVERLAY PROCESS
    SEGMENT: ?PR?_LCD_SHOWHEXNUM?LCD1602

*** WARNING L16: UNCALLED SEGMENT, IGNORED FOR OVERLAY PROCESS
    SEGMENT: ?PR?_LCD_SHOWBINNUM?LCD1602

Program Size: data=37.0 xdata=0 code=973
LINK/LOCATE RUN COMPLETE.  4 WARNING(S),  0 ERROR(S)
