BL51 BANKED LINKER/LOCATER V6.22.2.0                                                    10/27/2022  16:37:45  PAGE 1


BL51 BANKED LINKER/LOCATER V6.22.2.0, INVOKED BY:
D:\KEIL_V5\C51\BIN\BL51.EXE .\Objects\STARTUP.obj, .\Objects\esimlab2.obj TO .\Objects\esimlab2 PRINT (.\Listings\esimla
>> b2.m51)


MEMORY MODEL: SMALL


INPUT MODULES INCLUDED:
  .\Objects\STARTUP.obj (?C_STARTUP)
  .\Objects\esimlab2.obj (ESIMLAB2)


LINK MAP OF MODULE:  .\Objects\esimlab2 (?C_STARTUP)


            TYPE    BASE      LENGTH    RELOCATION   SEGMENT NAME
            -----------------------------------------------------

            * * * * * * *   D A T A   M E M O R Y   * * * * * * *
            REG     0000H     0008H     ABSOLUTE     "REG BANK 0"
                    0008H     0058H                  *** GAP ***
            DATA    0060H     0011H     ABSOLUTE     
            IDATA   0071H     0001H     UNIT         ?STACK

            * * * * * * *  X D A T A   M E M O R Y  * * * * * * *
                    0000H     4000H                  *** GAP ***
            XDATA   4000H     0011H     ABSOLUTE     

            * * * * * * *   C O D E   M E M O R Y   * * * * * * *
            CODE    0000H     0003H     ABSOLUTE     
            CODE    0003H     0050H     UNIT         ?PR?MAIN?ESIMLAB2
            CODE    0053H     001FH     UNIT         ?PR?DELAY?ESIMLAB2
            CODE    0072H     000CH     UNIT         ?C_C51STARTUP



OVERLAY MAP OF MODULE:   .\Objects\esimlab2 (?C_STARTUP)


SEGMENT
  +--> CALLED SEGMENT
---------------------
?C_C51STARTUP
  +--> ?PR?MAIN?ESIMLAB2

?PR?MAIN?ESIMLAB2
  +--> ?PR?DELAY?ESIMLAB2



SYMBOL TABLE OF MODULE:  .\Objects\esimlab2 (?C_STARTUP)

  VALUE           TYPE          NAME
  ----------------------------------

  -------         MODULE        ?C_STARTUP
  C:0072H         SEGMENT       ?C_C51STARTUP
BL51 BANKED LINKER/LOCATER V6.22.2.0                                                  10/27/2022  16:37:45  PAGE 2


  I:0071H         SEGMENT       ?STACK
  C:0000H         PUBLIC        ?C_STARTUP
  D:00E0H         SYMBOL        ACC
  D:00F0H         SYMBOL        B
  D:0083H         SYMBOL        DPH
  D:0082H         SYMBOL        DPL
  N:0000H         SYMBOL        IBPSTACK
  N:0100H         SYMBOL        IBPSTACKTOP
  N:0080H         SYMBOL        IDATALEN
  C:0075H         SYMBOL        IDATALOOP
  N:0000H         SYMBOL        PBPSTACK
  N:0100H         SYMBOL        PBPSTACKTOP
  N:0000H         SYMBOL        PDATALEN
  N:0000H         SYMBOL        PDATASTART
  N:0000H         SYMBOL        PPAGE
  N:0000H         SYMBOL        PPAGEENABLE
  D:00A0H         SYMBOL        PPAGE_SFR
  D:0081H         SYMBOL        SP
  C:0072H         SYMBOL        STARTUP1
  N:0000H         SYMBOL        XBPSTACK
  N:0000H         SYMBOL        XBPSTACKTOP
  N:0000H         SYMBOL        XDATALEN
  N:0000H         SYMBOL        XDATASTART
  C:0000H         LINE#         126
  C:0072H         LINE#         133
  C:0074H         LINE#         134
  C:0075H         LINE#         135
  C:0076H         LINE#         136
  C:0078H         LINE#         185
  C:007BH         LINE#         196
  -------         ENDMOD        ?C_STARTUP

  -------         MODULE        ESIMLAB2
  C:0000H         SYMBOL        _ICE_DUMMY_
  D:0090H         PUBLIC        P1
  D:00A0H         PUBLIC        P2
  C:0053H         PUBLIC        delay
  C:0003H         PUBLIC        main
  D:0060H         PUBLIC        buffer1
  X:4000H         PUBLIC        buffer2
  B:00A0H.7       PUBLIC        led
  -------         PROC          DELAY
  -------         DO            
  D:0007H         SYMBOL        i
  D:0006H         SYMBOL        j
  -------         ENDDO         
  C:0053H         LINE#         10
  C:0053H         LINE#         11
  C:0053H         LINE#         13
  C:005FH         LINE#         14
  C:0071H         LINE#         15
  -------         ENDPROC       DELAY
  -------         PROC          MAIN
  -------         DO            
  D:0005H         SYMBOL        i
  D:0004H         SYMBOL        temp
  -------         ENDDO         
BL51 BANKED LINKER/LOCATER V6.22.2.0                                                  10/27/2022  16:37:45  PAGE 3


  C:0003H         LINE#         18
  C:0003H         LINE#         19
  C:0003H         LINE#         21
  C:000FH         LINE#         22
  C:000FH         LINE#         23
  C:0019H         LINE#         24
  C:001CH         LINE#         25
  C:0028H         LINE#         26
  C:0028H         LINE#         27
  C:003AH         LINE#         28
  C:0046H         LINE#         29
  C:0049H         LINE#         30
  C:004CH         LINE#         31
  C:004FH         LINE#         32
  C:0051H         LINE#         33
  -------         ENDPROC       MAIN
  -------         ENDMOD        ESIMLAB2

Program Size: data=26.0 xdata=17 code=126
LINK/LOCATE RUN COMPLETE.  0 WARNING(S),  0 ERROR(S)
