BL51 BANKED LINKER/LOCATER V6.22.2.0                                                    11/21/2022  15:18:46  PAGE 1


BL51 BANKED LINKER/LOCATER V6.22.2.0, INVOKED BY:
D:\KEIL_V5\C51\BIN\BL51.EXE .\Objects\STARTUP.obj, .\Objects\esimlab6.obj TO .\Objects\esimlab6 PRINT (.\Listings\esimla
>> b6.m51)


MEMORY MODEL: SMALL


INPUT MODULES INCLUDED:
  .\Objects\STARTUP.obj (?C_STARTUP)
  .\Objects\esimlab6.obj (ESIMLAB6)
  D:\KEIL_V5\C51\LIB\C51S.LIB (?C_INIT)


LINK MAP OF MODULE:  .\Objects\esimlab6 (?C_STARTUP)


            TYPE    BASE      LENGTH    RELOCATION   SEGMENT NAME
            -----------------------------------------------------

            * * * * * * *   D A T A   M E M O R Y   * * * * * * *
            REG     0000H     0008H     ABSOLUTE     "REG BANK 0"
            DATA    0008H     0002H     UNIT         ?DT?ESIMLAB6
            IDATA   000AH     0001H     UNIT         ?STACK

            * * * * * * *   C O D E   M E M O R Y   * * * * * * *
            CODE    0000H     0003H     ABSOLUTE     
            CODE    0003H     0017H     UNIT         ?PR?TIMER1_INIT?ESIMLAB6
                    001AH     0001H                  *** GAP ***
            CODE    001BH     0003H     ABSOLUTE     
            CODE    001EH     008CH     UNIT         ?C_C51STARTUP
            CODE    00AAH     0027H     UNIT         ?PR?TIMER1_ROUTINE?ESIMLAB6
            CODE    00D1H     0007H     UNIT         ?PR?MAIN?ESIMLAB6
            CODE    00D8H     0005H     UNIT         ?C_INITSEG



OVERLAY MAP OF MODULE:   .\Objects\esimlab6 (?C_STARTUP)


SEGMENT
  +--> CALLED SEGMENT
---------------------
?C_C51STARTUP
  +--> ?PR?MAIN?ESIMLAB6
  +--> ?C_INITSEG

?PR?MAIN?ESIMLAB6
  +--> ?PR?TIMER1_INIT?ESIMLAB6



SYMBOL TABLE OF MODULE:  .\Objects\esimlab6 (?C_STARTUP)

  VALUE           TYPE          NAME
  ----------------------------------

  -------         MODULE        ?C_STARTUP
BL51 BANKED LINKER/LOCATER V6.22.2.0                                                  11/21/2022  15:18:46  PAGE 2


  C:001EH         SEGMENT       ?C_C51STARTUP
  I:000AH         SEGMENT       ?STACK
  C:0000H         PUBLIC        ?C_STARTUP
  D:00E0H         SYMBOL        ACC
  D:00F0H         SYMBOL        B
  D:0083H         SYMBOL        DPH
  D:0082H         SYMBOL        DPL
  N:0000H         SYMBOL        IBPSTACK
  N:0100H         SYMBOL        IBPSTACKTOP
  N:0080H         SYMBOL        IDATALEN
  C:0021H         SYMBOL        IDATALOOP
  N:0000H         SYMBOL        PBPSTACK
  N:0100H         SYMBOL        PBPSTACKTOP
  N:0000H         SYMBOL        PDATALEN
  N:0000H         SYMBOL        PDATASTART
  N:0000H         SYMBOL        PPAGE
  N:0000H         SYMBOL        PPAGEENABLE
  D:00A0H         SYMBOL        PPAGE_SFR
  D:0081H         SYMBOL        SP
  C:001EH         SYMBOL        STARTUP1
  N:0000H         SYMBOL        XBPSTACK
  N:0000H         SYMBOL        XBPSTACKTOP
  N:0000H         SYMBOL        XDATALEN
  N:0000H         SYMBOL        XDATASTART
  C:0000H         LINE#         126
  C:001EH         LINE#         133
  C:0020H         LINE#         134
  C:0021H         LINE#         135
  C:0022H         LINE#         136
  C:0024H         LINE#         185
  C:0027H         LINE#         196
  -------         ENDMOD        ?C_STARTUP

  -------         MODULE        ESIMLAB6
  C:0000H         SYMBOL        _ICE_DUMMY_
  C:00AAH         PUBLIC        Timer1_Routine
  B:00A8H.7       PUBLIC        EA
  B:0090H.0       PUBLIC        P1_0
  C:00D1H         PUBLIC        main
  C:0003H         PUBLIC        Timer1_Init
  D:0089H         PUBLIC        TMOD
  B:00A8H.3       PUBLIC        ET1
  B:0088H.7       PUBLIC        TF1
  D:008DH         PUBLIC        TH1
  D:008BH         PUBLIC        TL1
  B:00B8H.3       PUBLIC        PT1
  B:0088H.6       PUBLIC        TR1
  -------         PROC          TIMER1_INIT
  C:0003H         LINE#         5
  C:0003H         LINE#         6
  C:0003H         LINE#         7
  C:0006H         LINE#         8
  C:0009H         LINE#         9
  C:000CH         LINE#         10
  C:000FH         LINE#         11
  C:0011H         LINE#         12
  C:0013H         LINE#         13
BL51 BANKED LINKER/LOCATER V6.22.2.0                                                  11/21/2022  15:18:46  PAGE 3


  C:0015H         LINE#         14
  C:0017H         LINE#         15
  C:0019H         LINE#         16
  -------         ENDPROC       TIMER1_INIT
  -------         PROC          MAIN
  C:00D1H         LINE#         18
  C:00D1H         LINE#         20
  C:00D4H         LINE#         21
  C:00D6H         LINE#         22
  C:00D6H         LINE#         24
  -------         ENDPROC       MAIN
  -------         PROC          TIMER1_ROUTINE
  -------         DO            
  D:0008H         SYMBOL        count1
  -------         ENDDO         
  C:00AAH         LINE#         28
  C:00AEH         LINE#         31
  C:00B1H         LINE#         32
  C:00B4H         LINE#         33
  C:00BCH         LINE#         34
  C:00C4H         LINE#         35
  C:00CAH         LINE#         36
  C:00CCH         LINE#         37
  C:00CCH         LINE#         39
  -------         ENDPROC       TIMER1_ROUTINE
  -------         ENDMOD        ESIMLAB6

Program Size: data=11.0 xdata=0 code=220
LINK/LOCATE RUN COMPLETE.  0 WARNING(S),  0 ERROR(S)
