C51 COMPILER V9.59.0.0   LED                                                               10/06/2022 22:18:36 PAGE 1   


C51 COMPILER V9.59.0.0, COMPILATION OF MODULE LED
OBJECT MODULE PLACED IN .\Objects\LED.obj
COMPILER INVOKED BY: D:\Keil_v5\C51\BIN\C51.EXE LED.c OPTIMIZE(8,SPEED) BROWSE DEBUG OBJECTEXTEND PRINT(.\Listings\LED.l
                    -st) OBJECT(.\Objects\LED.obj)

line level    source

   1          #include <REGX52.H>
   2          #include "Delay.h"
   3          
   4          sbit RCK = P3^5;        //RCLK
   5          sbit SCK = P3^6;        //SRCLK
   6          sbit SER = P3^4;        //SER
   7          
   8          /**
   9            * @brief  74HC595写入一个字节
  10            * @param  要写入的字节
  11            * @retval 无
  12            */
  13          
  14          void _74HC595_WriteByte(unsigned char byet){
  15   1              
  16   1              unsigned char i;
  17   1              for(i=0;i<8;i++){
  18   2                      SER = byet&(0x80>>i);
  19   2                      SCK=1;
  20   2                      SCK=0;
  21   2              }
  22   1              RCK=1;
  23   1              RCK=0;
  24   1      }
  25          
  26          /**
  27            * @brief  点阵屏初始化
  28            * @param  无
  29            * @retval 无
  30            */
  31          
  32          void LED_Init(){
  33   1              SCK=0;
  34   1              RCK=0;
  35   1      }
  36          
  37          /**
  38            * @brief LED 点阵显示一列数据 
  39            * @param  Data 为列显示数据/column为显示的列
  40            * @retval 无
  41            */
  42          
  43          void LED(unsigned char Column,Data){
  44   1              _74HC595_WriteByte(Data);
  45   1              P0 = ~(0x80>>Column);
  46   1              Delay(1);
  47   1              P0=0xFF;
  48   1      }


MODULE INFORMATION:   STATIC OVERLAYABLE
   CODE SIZE        =     93    ----
   CONSTANT SIZE    =   ----    ----
   XDATA SIZE       =   ----    ----
C51 COMPILER V9.59.0.0   LED                                                               10/06/2022 22:18:36 PAGE 2   

   PDATA SIZE       =   ----    ----
   DATA SIZE        =   ----    ----
   IDATA SIZE       =   ----    ----
   BIT SIZE         =   ----    ----
END OF MODULE INFORMATION.


C51 COMPILATION COMPLETE.  0 WARNING(S),  0 ERROR(S)
