BL51 BANKED LINKER/LOCATER V6.22.2.0                                                    10/11/2022  16:04:15  PAGE 1


BL51 BANKED LINKER/LOCATER V6.22.2.0, INVOKED BY:
D:\KEIL_V5\C51\BIN\BL51.EXE .\Objects\main.obj, .\Objects\Delay.obj, .\Objects\LED.obj TO .\Objects\test PRINT (.\Listin
>> gs\test.m51) RAMSIZE (256)


MEMORY MODEL: SMALL


INPUT MODULES INCLUDED:
  .\Objects\main.obj (MAIN)
  .\Objects\Delay.obj (DELAY)
  .\Objects\LED.obj (LED)
  D:\KEIL_V5\C51\LIB\C51S.LIB (?C_STARTUP)


LINK MAP OF MODULE:  .\Objects\test (MAIN)


            TYPE    BASE      LENGTH    RELOCATION   SEGMENT NAME
            -----------------------------------------------------

            * * * * * * *   D A T A   M E M O R Y   * * * * * * *
            REG     0000H     0008H     ABSOLUTE     "REG BANK 0"
            DATA    0008H     0003H     UNIT         _DATA_GROUP_
            IDATA   000BH     0001H     UNIT         ?STACK

            * * * * * * *   C O D E   M E M O R Y   * * * * * * *
            CODE    0000H     0003H     ABSOLUTE     
            CODE    0003H     004EH     UNIT         ?PR?MAIN?MAIN
            CODE    0051H     0036H     UNIT         ?PR?__74HC595_WRITEBYTE?LED
            CODE    0087H     0022H     UNIT         ?PR?_LED?LED
            CODE    00A9H     0020H     UNIT         ?CO?MAIN
            CODE    00C9H     0014H     UNIT         ?PR?_DELAY?DELAY
            CODE    00DDH     000CH     UNIT         ?C_C51STARTUP
            CODE    00E9H     0005H     UNIT         ?PR?LED_INIT?LED



OVERLAY MAP OF MODULE:   .\Objects\test (MAIN)


SEGMENT                               DATA_GROUP 
  +--> CALLED SEGMENT               START    LENGTH
---------------------------------------------------
?C_C51STARTUP                       -----    -----
  +--> ?PR?MAIN?MAIN

?PR?MAIN?MAIN                       0008H    0003H
  +--> ?PR?LED_INIT?LED
  +--> ?CO?MAIN
  +--> ?PR?_LED?LED

?PR?_LED?LED                        -----    -----
  +--> ?PR?__74HC595_WRITEBYTE?LED
  +--> ?PR?_DELAY?DELAY



BL51 BANKED LINKER/LOCATER V6.22.2.0                                                  10/11/2022  16:04:15  PAGE 2


SYMBOL TABLE OF MODULE:  .\Objects\test (MAIN)

  VALUE           TYPE          NAME
  ----------------------------------

  -------         MODULE        MAIN
  C:0000H         SYMBOL        _ICE_DUMMY_
  C:00A9H         PUBLIC        Animation
  C:0003H         PUBLIC        main
  -------         PROC          MAIN
  -------         DO            
  D:0008H         SYMBOL        i
  D:0009H         SYMBOL        offset
  D:000AH         SYMBOL        count
  -------         ENDDO         
  C:0003H         LINE#         11
  C:0003H         LINE#         13
  C:0008H         LINE#         14
  C:000BH         LINE#         15
  C:000BH         LINE#         16
  C:0019H         LINE#         17
  C:0029H         LINE#         18
  C:002DH         LINE#         19
  C:002FH         LINE#         20
  C:003AH         LINE#         21
  C:003DH         LINE#         22
  C:0043H         LINE#         23
  C:004FH         LINE#         24
  C:004FH         LINE#         26
  -------         ENDPROC       MAIN
  -------         ENDMOD        MAIN

  -------         MODULE        DELAY
  C:0000H         SYMBOL        _ICE_DUMMY_
  C:00C9H         PUBLIC        _Delay
  -------         PROC          _DELAY
  D:0006H         SYMBOL        t
  -------         DO            
  D:0005H         SYMBOL        i
  D:0004H         SYMBOL        j
  -------         ENDDO         
  C:00C9H         LINE#         2
  C:00C9H         LINE#         3
  C:00C9H         LINE#         6
  C:00CDH         LINE#         7
  C:00CFH         LINE#         8
  C:00D1H         LINE#         10
  C:00D1H         LINE#         11
  C:00D3H         LINE#         12
  C:00D5H         LINE#         13
  C:00DAH         LINE#         14
  C:00DCH         LINE#         17
  -------         ENDPROC       _DELAY
  -------         ENDMOD        DELAY

  -------         MODULE        LED
  C:0000H         SYMBOL        _ICE_DUMMY_
BL51 BANKED LINKER/LOCATER V6.22.2.0                                                  10/11/2022  16:04:15  PAGE 3


  D:0080H         PUBLIC        P0
  C:0051H         PUBLIC        __74HC595_WriteByte
  D:00B0H         PUBLIC        P3
  C:00E9H         PUBLIC        LED_Init
  C:0087H         PUBLIC        _LED
  B:00B0H.5       PUBLIC        RCK
  B:00B0H.6       PUBLIC        SCK
  B:00B0H.4       PUBLIC        SER
  -------         PROC          __74HC595_WRITEBYTE
  D:0005H         SYMBOL        byet
  -------         DO            
  D:0003H         SYMBOL        i
  -------         ENDDO         
  C:0051H         LINE#         14
  C:0053H         LINE#         17
  C:005FH         LINE#         18
  C:007BH         LINE#         19
  C:007DH         LINE#         20
  C:007FH         LINE#         21
  C:0082H         LINE#         22
  C:0084H         LINE#         23
  C:0086H         LINE#         24
  -------         ENDPROC       __74HC595_WRITEBYTE
  -------         PROC          LED_INIT
  C:00E9H         LINE#         32
  C:00E9H         LINE#         33
  C:00EBH         LINE#         34
  C:00EDH         LINE#         35
  -------         ENDPROC       LED_INIT
  -------         PROC          _LED
  D:0002H         SYMBOL        Column
  D:0004H         SYMBOL        Data
  C:0087H         LINE#         43
  C:0089H         LINE#         44
  C:008EH         LINE#         45
  C:009EH         LINE#         46
  C:00A5H         LINE#         47
  C:00A8H         LINE#         48
  -------         ENDPROC       _LED
  -------         ENDMOD        LED

Program Size: data=12.0 xdata=0 code=238
LINK/LOCATE RUN COMPLETE.  0 WARNING(S),  0 ERROR(S)
