BL51 BANKED LINKER/LOCATER V6.22.2.0                                                    10/24/2022  21:46:51  PAGE 1


BL51 BANKED LINKER/LOCATER V6.22.2.0, INVOKED BY:
D:\KEIL_V5\C51\BIN\BL51.EXE .\Objects\main.obj, .\Objects\Delay.obj, .\Objects\LCD1602.obj, .\Objects\Int0.obj, .\Object
>> s\Timer0.obj, .\Objects\IR.obj TO .\Objects\test PRINT (.\Listings\test.m51) RAMSIZE (256)


MEMORY MODEL: SMALL


INPUT MODULES INCLUDED:
  .\Objects\main.obj (MAIN)
  .\Objects\Delay.obj (DELAY)
  .\Objects\LCD1602.obj (LCD1602)
  .\Objects\Int0.obj (INT0)
  .\Objects\Timer0.obj (TIMER0)
  .\Objects\IR.obj (IR)
  D:\KEIL_V5\C51\LIB\C51S.LIB (?C_STARTUP)
  D:\KEIL_V5\C51\LIB\C51S.LIB (?C?CLDOPTR)
  D:\KEIL_V5\C51\LIB\C51S.LIB (?C?IMUL)
  D:\KEIL_V5\C51\LIB\C51S.LIB (?C?UIDIV)


LINK MAP OF MODULE:  .\Objects\test (MAIN)


            TYPE    BASE      LENGTH    RELOCATION   SEGMENT NAME
            -----------------------------------------------------

            * * * * * * *   D A T A   M E M O R Y   * * * * * * *
            REG     0000H     0008H     ABSOLUTE     "REG BANK 0"
            DATA    0008H     000CH     UNIT         ?DT?IR
            DATA    0014H     0009H     UNIT         _DATA_GROUP_
            DATA    001DH     0007H     UNIT         ?DT?_LCD_SHOWSIGNEDNUM?LCD1602
            DATA    0024H     0005H     UNIT         ?DT?MAIN
            DATA    0029H     0005H     UNIT         ?DT?_LCD_SHOWBINNUM?LCD1602
            IDATA   002EH     0001H     UNIT         ?STACK

            * * * * * * *   C O D E   M E M O R Y   * * * * * * *
            CODE    0000H     0003H     ABSOLUTE     
            CODE    0003H     0003H     ABSOLUTE     
            CODE    0006H     014EH     UNIT         ?PR?INT0_ROUTINE?IR
            CODE    0154H     0094H     UNIT         ?C?LIB_CODE
            CODE    01E8H     0078H     UNIT         ?PR?MAIN?MAIN
            CODE    0260H     004BH     UNIT         ?PR?_LCD_SHOWHEXNUM?LCD1602
            CODE    02ABH     004AH     UNIT         ?PR?_LCD_SHOWSIGNEDNUM?LCD1602
            CODE    02F5H     003DH     UNIT         ?PR?_LCD_SHOWBINNUM?LCD1602
            CODE    0332H     0031H     UNIT         ?PR?_LCD_POW?LCD1602
            CODE    0363H     0024H     UNIT         ?PR?_LCD_SHOWNUM?LCD1602
            CODE    0387H     0023H     UNIT         ?PR?_LCD_SHOWSTRING?LCD1602
            CODE    03AAH     001EH     UNIT         ?CO?MAIN
            CODE    03C8H     001EH     UNIT         ?PR?_LCD_WRITEDATA?LCD1602
            CODE    03E6H     001EH     UNIT         ?PR?_LCD_SETCURSOR?LCD1602
            CODE    0404H     0015H     UNIT         ?PR?_DELAY?DELAY
            CODE    0419H     0014H     UNIT         ?PR?LCD_INIT?LCD1602
            CODE    042DH     0010H     UNIT         ?PR?TIMER0_INIT?TIMER0
            CODE    043DH     000FH     UNIT         ?PR?LCD_DELAY?LCD1602
            CODE    044CH     000EH     UNIT         ?PR?IR_GETDATAFLAG?IR
            CODE    045AH     000EH     UNIT         ?PR?IR_GETREPEATFLAG?IR
            CODE    0468H     000CH     UNIT         ?C_C51STARTUP
BL51 BANKED LINKER/LOCATER V6.22.2.0                                                  10/24/2022  21:46:51  PAGE 2


            CODE    0474H     000BH     UNIT         ?PR?INT0_INIT?INT0
            CODE    047FH     000BH     UNIT         ?PR?_TIMEW0_SETCOUNT?TIMER0
            CODE    048AH     000AH     UNIT         ?PR?_LCD_WRITECOMMAND?LCD1602
            CODE    0494H     000AH     UNIT         ?PR?_LCD_SHOWCHAR?LCD1602
            CODE    049EH     0009H     UNIT         ?PR?TIMEW0_GETCOUNT?TIMER0
            CODE    04A7H     0006H     UNIT         ?PR?_TIMER0_RUN?TIMER0
            CODE    04ADH     0006H     UNIT         ?PR?IR_INIT?IR
            CODE    04B3H     0003H     UNIT         ?PR?IR_GETADDRESS?IR
            CODE    04B6H     0003H     UNIT         ?PR?IR_GETCOMMAND?IR



OVERLAY MAP OF MODULE:   .\Objects\test (MAIN)


SEGMENT                                  DATA_GROUP 
  +--> CALLED SEGMENT                  START    LENGTH
------------------------------------------------------
?PR?INT0_ROUTINE?IR                    -----    -----
  +--> ?PR?_TIMEW0_SETCOUNT?TIMER0
  +--> ?PR?_TIMER0_RUN?TIMER0
  +--> ?PR?TIMEW0_GETCOUNT?TIMER0

*** NEW ROOT ***************************************************

?C_C51STARTUP                          -----    -----
  +--> ?PR?MAIN?MAIN

?PR?MAIN?MAIN                          -----    -----
  +--> ?PR?LCD_INIT?LCD1602
  +--> ?PR?IR_INIT?IR
  +--> ?CO?MAIN
  +--> ?PR?_LCD_SHOWSTRING?LCD1602
  +--> ?PR?IR_GETDATAFLAG?IR
  +--> ?PR?IR_GETREPEATFLAG?IR
  +--> ?PR?IR_GETADDRESS?IR
  +--> ?PR?IR_GETCOMMAND?IR
  +--> ?PR?_LCD_SHOWHEXNUM?LCD1602
  +--> ?PR?_LCD_SHOWNUM?LCD1602

?PR?LCD_INIT?LCD1602                   -----    -----
  +--> ?PR?_LCD_WRITECOMMAND?LCD1602

?PR?_LCD_WRITECOMMAND?LCD1602          -----    -----
  +--> ?PR?LCD_DELAY?LCD1602

?PR?IR_INIT?IR                         -----    -----
  +--> ?PR?INT0_INIT?INT0
  +--> ?PR?TIMER0_INIT?TIMER0

?PR?_LCD_SHOWSTRING?LCD1602            0014H    0003H
  +--> ?PR?_LCD_SETCURSOR?LCD1602
  +--> ?PR?_LCD_WRITEDATA?LCD1602

?PR?_LCD_SETCURSOR?LCD1602             -----    -----
  +--> ?PR?_LCD_WRITECOMMAND?LCD1602

BL51 BANKED LINKER/LOCATER V6.22.2.0                                                  10/24/2022  21:46:51  PAGE 3


?PR?_LCD_WRITEDATA?LCD1602             -----    -----
  +--> ?PR?LCD_DELAY?LCD1602

?PR?_LCD_SHOWHEXNUM?LCD1602            0014H    0005H
  +--> ?PR?_LCD_SETCURSOR?LCD1602
  +--> ?PR?_LCD_POW?LCD1602
  +--> ?PR?_LCD_WRITEDATA?LCD1602

?PR?_LCD_POW?LCD1602                   0019H    0004H

?PR?_LCD_SHOWNUM?LCD1602               0014H    0005H
  +--> ?PR?_LCD_SETCURSOR?LCD1602
  +--> ?PR?_LCD_POW?LCD1602
  +--> ?PR?_LCD_WRITEDATA?LCD1602



SYMBOL TABLE OF MODULE:  .\Objects\test (MAIN)

  VALUE           TYPE          NAME
  ----------------------------------

  -------         MODULE        MAIN
  C:0000H         SYMBOL        _ICE_DUMMY_
  D:0024H         PUBLIC        Time
  C:01E8H         PUBLIC        main
  D:0026H         PUBLIC        Num
  D:0027H         PUBLIC        Command
  D:0028H         PUBLIC        Address
  -------         PROC          MAIN
  C:01E8H         LINE#         10
  C:01E8H         LINE#         11
  C:01EBH         LINE#         12
  C:01EEH         LINE#         13
  C:01FBH         LINE#         14
  C:0208H         LINE#         15
  C:0208H         LINE#         16
  C:0214H         LINE#         17
  C:0214H         LINE#         18
  C:0219H         LINE#         19
  C:021EH         LINE#         21
  C:022DH         LINE#         22
  C:023CH         LINE#         24
  C:0245H         LINE#         25
  C:0245H         LINE#         26
  C:0247H         LINE#         27
  C:0247H         LINE#         28
  C:024DH         LINE#         29
  C:024DH         LINE#         30
  C:024FH         LINE#         31
  C:024FH         LINE#         32
  C:025EH         LINE#         33
  C:025EH         LINE#         34
  -------         ENDPROC       MAIN
  -------         ENDMOD        MAIN

  -------         MODULE        DELAY
BL51 BANKED LINKER/LOCATER V6.22.2.0                                                  10/24/2022  21:46:51  PAGE 4


  C:0000H         SYMBOL        _ICE_DUMMY_
  C:0404H         PUBLIC        _Delay
  -------         PROC          _DELAY
  D:0006H         SYMBOL        t
  -------         DO            
  D:0005H         SYMBOL        i
  D:0004H         SYMBOL        j
  -------         ENDDO         
  C:0404H         LINE#         2
  C:0404H         LINE#         3
  C:0404H         LINE#         6
  C:0408H         LINE#         7
  C:0409H         LINE#         8
  C:040BH         LINE#         9
  C:040DH         LINE#         11
  C:040DH         LINE#         12
  C:040FH         LINE#         13
  C:0411H         LINE#         14
  C:0416H         LINE#         15
  C:0418H         LINE#         18
  -------         ENDPROC       _DELAY
  -------         ENDMOD        DELAY

  -------         MODULE        LCD1602
  C:0000H         SYMBOL        _ICE_DUMMY_
  D:0080H         PUBLIC        P0
  D:00A0H         PUBLIC        P2
  C:048AH         PUBLIC        _LCD_WriteCommand
  C:0363H         PUBLIC        _LCD_ShowNum
  C:02F5H         PUBLIC        _LCD_ShowBinNum
  C:0443H         PUBLIC        LCD_Delay
  C:0260H         PUBLIC        _LCD_ShowHexNum
  C:03DCH         PUBLIC        _LCD_WriteData
  B:00A0H.7       PUBLIC        LCD_EN
  C:0419H         PUBLIC        LCD_Init
  C:0387H         PUBLIC        _LCD_ShowString
  C:0494H         PUBLIC        _LCD_ShowChar
  B:00A0H.6       PUBLIC        LCD_RS
  B:00A0H.5       PUBLIC        LCD_RW
  C:03E6H         PUBLIC        _LCD_SetCursor
  C:02ABH         PUBLIC        _LCD_ShowSignedNum
  C:033CH         PUBLIC        _LCD_Pow
  -------         PROC          L?0047
  -------         ENDPROC       L?0047
  -------         PROC          LCD_DELAY
  -------         DO            
  D:0007H         SYMBOL        i
  D:0006H         SYMBOL        j
  -------         ENDDO         
  C:0443H         LINE#         15
  C:0443H         LINE#         16
  C:0443H         LINE#         19
  C:0445H         LINE#         20
  C:0447H         LINE#         22
  C:0447H         LINE#         23
  C:0449H         LINE#         24
  C:044BH         LINE#         25
BL51 BANKED LINKER/LOCATER V6.22.2.0                                                  10/24/2022  21:46:51  PAGE 5


  -------         ENDPROC       LCD_DELAY
  -------         PROC          _LCD_WRITECOMMAND
  D:0007H         SYMBOL        Command
  C:048AH         LINE#         32
  C:048AH         LINE#         33
  C:048AH         LINE#         34
  C:048CH         LINE#         35
  C:048CH         LINE#         36
  C:048CH         LINE#         37
  C:048CH         LINE#         38
  C:048FH         LINE#         39
  C:0491H         LINE#         40
  -------         ENDPROC       _LCD_WRITECOMMAND
  -------         PROC          L?0045
  -------         ENDPROC       L?0045
  -------         PROC          _LCD_WRITEDATA
  D:0007H         SYMBOL        Data
  C:03DCH         LINE#         48
  C:03DCH         LINE#         49
  C:03DCH         LINE#         50
  C:03DEH         LINE#         51
  C:03DEH         LINE#         52
  C:03DEH         LINE#         53
  C:03DEH         LINE#         54
  C:03E1H         LINE#         55
  C:03E3H         LINE#         56
  -------         ENDPROC       _LCD_WRITEDATA
  -------         PROC          _LCD_SETCURSOR
  D:0006H         SYMBOL        Line
  D:0005H         SYMBOL        Column
  C:03E6H         LINE#         65
  C:03E8H         LINE#         66
  C:03E8H         LINE#         67
  C:03F0H         LINE#         68
  C:03F0H         LINE#         69
  C:03F2H         LINE#         70
  C:03F4H         LINE#         71
  C:03FAH         LINE#         72
  C:03FAH         LINE#         73
  C:0403H         LINE#         74
  C:0403H         LINE#         75
  -------         ENDPROC       _LCD_SETCURSOR
  -------         PROC          LCD_INIT
  C:0419H         LINE#         82
  C:0419H         LINE#         83
  C:0419H         LINE#         84
  C:041EH         LINE#         85
  C:0423H         LINE#         86
  C:0428H         LINE#         87
  -------         ENDPROC       LCD_INIT
  -------         PROC          _LCD_SHOWCHAR
  D:0006H         SYMBOL        Line
  D:0005H         SYMBOL        Column
  D:0004H         SYMBOL        Char
  C:0494H         LINE#         97
  C:0496H         LINE#         98
  C:0496H         LINE#         99
BL51 BANKED LINKER/LOCATER V6.22.2.0                                                  10/24/2022  21:46:51  PAGE 6


  C:0499H         LINE#         100
  -------         ENDPROC       _LCD_SHOWCHAR
  -------         PROC          _LCD_SHOWSTRING
  D:0007H         SYMBOL        Line
  D:0005H         SYMBOL        Column
  D:0014H         SYMBOL        String
  -------         DO            
  D:0005H         SYMBOL        i
  -------         ENDDO         
  C:0387H         LINE#         110
  C:038DH         LINE#         111
  C:038DH         LINE#         113
  C:0390H         LINE#         114
  C:03A3H         LINE#         115
  C:03A3H         LINE#         116
  C:03A6H         LINE#         117
  C:03A9H         LINE#         118
  -------         ENDPROC       _LCD_SHOWSTRING
  -------         PROC          L?0046
  -------         ENDPROC       L?0046
  -------         PROC          _LCD_POW
  D:0019H         SYMBOL        X
  D:001BH         SYMBOL        Y
  -------         DO            
  D:0003H         SYMBOL        i
  D:0006H         SYMBOL        Result
  -------         ENDDO         
  C:033CH         LINE#         123
  C:0344H         LINE#         124
  C:0344H         LINE#         126
  C:0348H         LINE#         127
  C:0358H         LINE#         128
  C:0358H         LINE#         129
  C:035FH         LINE#         130
  C:0362H         LINE#         131
  C:0362H         LINE#         132
  -------         ENDPROC       _LCD_POW
  -------         PROC          _LCD_SHOWNUM
  D:0007H         SYMBOL        Line
  D:0005H         SYMBOL        Column
  D:0016H         SYMBOL        Number
  D:0018H         SYMBOL        Length
  -------         DO            
  D:0002H         SYMBOL        i
  -------         ENDDO         
  C:0363H         LINE#         142
  C:0367H         LINE#         143
  C:0367H         LINE#         145
  C:036AH         LINE#         146
  C:0379H         LINE#         147
  C:0379H         LINE#         148
  C:0383H         LINE#         149
  C:0386H         LINE#         150
  -------         ENDPROC       _LCD_SHOWNUM
  -------         PROC          _LCD_SHOWSIGNEDNUM
  D:0007H         SYMBOL        Line
  D:0005H         SYMBOL        Column
BL51 BANKED LINKER/LOCATER V6.22.2.0                                                  10/24/2022  21:46:51  PAGE 7


  D:0082H         SYMBOL        Number
  D:0021H         SYMBOL        Length
  -------         DO            
  D:0002H         SYMBOL        i
  D:0022H         SYMBOL        Number1
  -------         ENDDO         
  C:02ABH         LINE#         160
  C:02AFH         LINE#         161
  C:02AFH         LINE#         164
  C:02B2H         LINE#         165
  C:02BBH         LINE#         166
  C:02BBH         LINE#         167
  C:02C0H         LINE#         168
  C:02C6H         LINE#         169
  C:02C8H         LINE#         171
  C:02C8H         LINE#         172
  C:02CDH         LINE#         173
  C:02D8H         LINE#         174
  C:02D8H         LINE#         175
  C:02E7H         LINE#         176
  C:02E7H         LINE#         177
  C:02F1H         LINE#         178
  C:02F4H         LINE#         179
  -------         ENDPROC       _LCD_SHOWSIGNEDNUM
  -------         PROC          _LCD_SHOWHEXNUM
  D:0007H         SYMBOL        Line
  D:0005H         SYMBOL        Column
  D:0016H         SYMBOL        Number
  D:0018H         SYMBOL        Length
  -------         DO            
  D:0002H         SYMBOL        i
  D:0006H         SYMBOL        SingleNumber
  -------         ENDDO         
  C:0260H         LINE#         189
  C:0264H         LINE#         190
  C:0264H         LINE#         192
  C:0267H         LINE#         193
  C:0273H         LINE#         194
  C:0273H         LINE#         195
  C:0293H         LINE#         196
  C:029DH         LINE#         197
  C:029DH         LINE#         198
  C:029FH         LINE#         199
  C:02A1H         LINE#         201
  C:02A1H         LINE#         202
  C:02A7H         LINE#         203
  C:02A7H         LINE#         204
  C:02AAH         LINE#         205
  -------         ENDPROC       _LCD_SHOWHEXNUM
  -------         PROC          _LCD_SHOWBINNUM
  D:0007H         SYMBOL        Line
  D:0005H         SYMBOL        Column
  D:002BH         SYMBOL        Number
  D:002DH         SYMBOL        Length
  -------         DO            
  D:0002H         SYMBOL        i
  -------         ENDDO         
BL51 BANKED LINKER/LOCATER V6.22.2.0                                                  10/24/2022  21:46:51  PAGE 8


  C:02F5H         LINE#         215
  C:02F9H         LINE#         216
  C:02F9H         LINE#         218
  C:02FCH         LINE#         219
  C:030BH         LINE#         220
  C:030BH         LINE#         221
  C:032EH         LINE#         222
  C:0331H         LINE#         223
  -------         ENDPROC       _LCD_SHOWBINNUM
  -------         ENDMOD        LCD1602

  -------         MODULE        INT0
  C:0000H         SYMBOL        _ICE_DUMMY_
  B:00A8H.7       PUBLIC        EA
  B:0088H.1       PUBLIC        IE0
  B:00A8H.0       PUBLIC        EX0
  B:0088H.0       PUBLIC        IT0
  C:0474H         PUBLIC        Int0_Init
  B:00B8H.0       PUBLIC        PX0
  -------         PROC          INT0_INIT
  C:0474H         LINE#         3
  C:0474H         LINE#         4
  C:0474H         LINE#         5
  C:0476H         LINE#         6
  C:0478H         LINE#         7
  C:047AH         LINE#         8
  C:047CH         LINE#         9
  C:047EH         LINE#         10
  -------         ENDPROC       INT0_INIT
  -------         ENDMOD        INT0

  -------         MODULE        TIMER0
  C:0000H         SYMBOL        _ICE_DUMMY_
  C:042DH         PUBLIC        Timer0_Init
  D:0089H         PUBLIC        TMOD
  C:049EH         PUBLIC        Timew0_GetCount
  B:0088H.5       PUBLIC        TF0
  C:04A7H         PUBLIC        _Timer0_Run
  D:008CH         PUBLIC        TH0
  D:008AH         PUBLIC        TL0
  C:047FH         PUBLIC        _Timew0_SetCount
  B:0088H.4       PUBLIC        TR0
  -------         PROC          TIMER0_INIT
  C:042DH         LINE#         3
  C:042DH         LINE#         4
  C:042DH         LINE#         5
  C:0430H         LINE#         6
  C:0433H         LINE#         7
  C:0436H         LINE#         8
  C:0438H         LINE#         9
  C:043AH         LINE#         10
  C:043CH         LINE#         11
  -------         ENDPROC       TIMER0_INIT
  -------         PROC          _TIMEW0_SETCOUNT
  D:0004H         SYMBOL        Value
  C:047FH         LINE#         13
  C:0483H         LINE#         14
BL51 BANKED LINKER/LOCATER V6.22.2.0                                                  10/24/2022  21:46:51  PAGE 9


  C:0483H         LINE#         15
  C:0485H         LINE#         16
  C:0489H         LINE#         17
  -------         ENDPROC       _TIMEW0_SETCOUNT
  -------         PROC          TIMEW0_GETCOUNT
  C:049EH         LINE#         19
  C:049EH         LINE#         20
  C:049EH         LINE#         21
  C:04A6H         LINE#         22
  -------         ENDPROC       TIMEW0_GETCOUNT
  -------         PROC          _TIMER0_RUN
  D:0007H         SYMBOL        Flag
  C:04A7H         LINE#         24
  C:04A7H         LINE#         25
  C:04A7H         LINE#         26
  C:04ACH         LINE#         27
  -------         ENDPROC       _TIMER0_RUN
  -------         ENDMOD        TIMER0

  -------         MODULE        IR
  C:0000H         SYMBOL        _ICE_DUMMY_
  C:045AH         PUBLIC        IR_GetRepeatFlag
  D:0008H         PUBLIC        IR_State
  D:0009H         PUBLIC        IR_Time
  C:04ADH         PUBLIC        IR_Init
  C:044CH         PUBLIC        IR_GetDataFlag
  C:0006H         PUBLIC        Int0_Routine
  D:000BH         PUBLIC        IR_Command
  D:000CH         PUBLIC        IR_Address
  D:000DH         PUBLIC        IR_RepeatFlag
  C:04B6H         PUBLIC        IR_GetCommand
  C:04B3H         PUBLIC        IR_GetAddress
  D:000EH         PUBLIC        IR_pData
  D:000FH         PUBLIC        IR_DataFlag
  D:0010H         PUBLIC        IR_Data
  -------         PROC          IR_INIT
  C:04ADH         LINE#         17
  C:04ADH         LINE#         18
  C:04ADH         LINE#         19
  C:04B0H         LINE#         20
  -------         ENDPROC       IR_INIT
  -------         PROC          IR_GETADDRESS
  C:04B3H         LINE#         23
  C:04B3H         LINE#         24
  C:04B3H         LINE#         26
  C:04B5H         LINE#         27
  -------         ENDPROC       IR_GETADDRESS
  -------         PROC          IR_GETCOMMAND
  C:04B6H         LINE#         29
  C:04B6H         LINE#         30
  C:04B6H         LINE#         31
  C:04B8H         LINE#         32
  -------         ENDPROC       IR_GETCOMMAND
  -------         PROC          IR_GETDATAFLAG
  C:044CH         LINE#         34
  C:044CH         LINE#         35
  C:044CH         LINE#         36
BL51 BANKED LINKER/LOCATER V6.22.2.0                                                  10/24/2022  21:46:51  PAGE 10


  C:0452H         LINE#         37
  C:0452H         LINE#         38
  C:0454H         LINE#         39
  C:0457H         LINE#         40
  C:0457H         LINE#         41
  C:0459H         LINE#         42
  -------         ENDPROC       IR_GETDATAFLAG
  -------         PROC          IR_GETREPEATFLAG
  C:045AH         LINE#         43
  C:045AH         LINE#         44
  C:045AH         LINE#         45
  C:0460H         LINE#         46
  C:0460H         LINE#         47
  C:0462H         LINE#         48
  C:0465H         LINE#         49
  C:0465H         LINE#         50
  C:0467H         LINE#         51
  -------         ENDPROC       IR_GETREPEATFLAG
  -------         PROC          INT0_ROUTINE
  C:0006H         LINE#         53
  C:0023H         LINE#         55
  C:0027H         LINE#         56
  C:0027H         LINE#         58
  C:002CH         LINE#         59
  C:0031H         LINE#         60
  C:0031H         LINE#         61
  C:0033H         LINE#         62
  C:0039H         LINE#         63
  C:0039H         LINE#         65
  C:0040H         LINE#         66
  C:0046H         LINE#         67
  C:005BH         LINE#         68
  C:005BH         LINE#         70
  C:005EH         LINE#         71
  C:0061H         LINE#         72
  C:0076H         LINE#         73
  C:0076H         LINE#         74
  C:0079H         LINE#         75
  C:0079H         LINE#         76
  C:0079H         LINE#         77
  C:007CH         LINE#         79
  C:007CH         LINE#         80
  C:007FH         LINE#         81
  C:007FH         LINE#         82
  C:0082H         LINE#         83
  C:008BH         LINE#         84
  C:008BH         LINE#         86
  C:0092H         LINE#         87
  C:0098H         LINE#         88
  C:00ADH         LINE#         89
  C:00ADH         LINE#         91
  C:00CCH         LINE#         92
  C:00CCH         LINE#         93
  C:00CEH         LINE#         94
  C:00E3H         LINE#         95
  C:00E3H         LINE#         96
  C:0104H         LINE#         97
BL51 BANKED LINKER/LOCATER V6.22.2.0                                                  10/24/2022  21:46:51  PAGE 11


  C:0106H         LINE#         98
  C:0108H         LINE#         100
  C:0108H         LINE#         101
  C:010BH         LINE#         102
  C:010EH         LINE#         103
  C:010EH         LINE#         104
  C:0119H         LINE#         105
  C:0119H         LINE#         107
  C:011CH         LINE#         108
  C:0128H         LINE#         109
  C:0128H         LINE#         110
  C:012BH         LINE#         111
  C:012EH         LINE#         112
  C:0131H         LINE#         113
  C:0131H         LINE#         114
  C:0136H         LINE#         115
  C:0139H         LINE#         116
  C:0139H         LINE#         117
  C:0139H         LINE#         118
  -------         ENDPROC       INT0_ROUTINE
  -------         ENDMOD        IR

  -------         MODULE        ?C?CLDOPTR
  C:0154H         PUBLIC        ?C?CLDOPTR
  -------         ENDMOD        ?C?CLDOPTR

  -------         MODULE        ?C?IMUL
  C:0181H         PUBLIC        ?C?IMUL
  -------         ENDMOD        ?C?IMUL

  -------         MODULE        ?C?UIDIV
  C:0193H         PUBLIC        ?C?UIDIV
  -------         ENDMOD        ?C?UIDIV

*** WARNING L16: UNCALLED SEGMENT, IGNORED FOR OVERLAY PROCESS
    SEGMENT: ?PR?_DELAY?DELAY

*** WARNING L16: UNCALLED SEGMENT, IGNORED FOR OVERLAY PROCESS
    SEGMENT: ?PR?_LCD_SHOWCHAR?LCD1602

*** WARNING L16: UNCALLED SEGMENT, IGNORED FOR OVERLAY PROCESS
    SEGMENT: ?PR?_LCD_SHOWSIGNEDNUM?LCD1602

*** WARNING L16: UNCALLED SEGMENT, IGNORED FOR OVERLAY PROCESS
    SEGMENT: ?PR?_LCD_SHOWBINNUM?LCD1602

Program Size: data=47.0 xdata=0 code=1209
LINK/LOCATE RUN COMPLETE.  4 WARNING(S),  0 ERROR(S)
