BL51 BANKED LINKER/LOCATER V6.22.2.0                                                    10/12/2022  09:28:44  PAGE 1


BL51 BANKED LINKER/LOCATER V6.22.2.0, INVOKED BY:
D:\KEIL_V5\C51\BIN\BL51.EXE .\Objects\main.obj, .\Objects\LCD1602.obj, .\Objects\DS1302.obj, .\Objects\Delay.obj TO .\Ob
>> jects\test PRINT (.\Listings\test.m51) RAMSIZE (256)


MEMORY MODEL: SMALL


INPUT MODULES INCLUDED:
  .\Objects\main.obj (MAIN)
  .\Objects\LCD1602.obj (LCD1602)
  .\Objects\DS1302.obj (DS1302)
  .\Objects\Delay.obj (DELAY)
  D:\KEIL_V5\C51\LIB\C51S.LIB (?C_STARTUP)
  D:\KEIL_V5\C51\LIB\C51S.LIB (?C?CLDOPTR)
  D:\KEIL_V5\C51\LIB\C51S.LIB (?C?IMUL)
  D:\KEIL_V5\C51\LIB\C51S.LIB (?C?UIDIV)
  D:\KEIL_V5\C51\LIB\C51S.LIB (?C_INIT)


LINK MAP OF MODULE:  .\Objects\test (MAIN)


            TYPE    BASE      LENGTH    RELOCATION   SEGMENT NAME
            -----------------------------------------------------

            * * * * * * *   D A T A   M E M O R Y   * * * * * * *
            REG     0000H     0008H     ABSOLUTE     "REG BANK 0"
            DATA    0008H     0009H     UNIT         _DATA_GROUP_
            DATA    0011H     0007H     UNIT         ?DT?_LCD_SHOWSIGNEDNUM?LCD1602
            DATA    0018H     0007H     UNIT         ?DT?DS1302
            DATA    001FH     0005H     UNIT         ?DT?_LCD_SHOWHEXNUM?LCD1602
            DATA    0024H     0005H     UNIT         ?DT?_LCD_SHOWBINNUM?LCD1602
            DATA    0029H     0002H     UNIT         ?DT?MAIN
            IDATA   002BH     0001H     UNIT         ?STACK

            * * * * * * *   C O D E   M E M O R Y   * * * * * * *
            CODE    0000H     0003H     ABSOLUTE     
            CODE    0003H     0094H     UNIT         ?C?LIB_CODE
            CODE    0097H     008CH     UNIT         ?C_C51STARTUP
            CODE    0123H     0082H     UNIT         ?PR?MAIN?MAIN
            CODE    01A5H     0069H     UNIT         ?PR?_DS1302_WRITEBYTE?DS1302
            CODE    020EH     0063H     UNIT         ?PR?DS1302_SETTIME?DS1302
            CODE    0271H     0060H     UNIT         ?PR?_DS1302_READBYTE?DS1302
            CODE    02D1H     004BH     UNIT         ?PR?_LCD_SHOWHEXNUM?LCD1602
            CODE    031CH     004AH     UNIT         ?PR?_LCD_SHOWSIGNEDNUM?LCD1602
            CODE    0366H     0041H     UNIT         ?PR?DS1302_READTIME?DS1302
            CODE    03A7H     003DH     UNIT         ?PR?_LCD_SHOWBINNUM?LCD1602
            CODE    03E4H     0031H     UNIT         ?PR?_LCD_POW?LCD1602
            CODE    0415H     0024H     UNIT         ?PR?_LCD_SHOWNUM?LCD1602
            CODE    0439H     0023H     UNIT         ?PR?_LCD_SHOWSTRING?LCD1602
            CODE    045CH     001EH     UNIT         ?PR?_LCD_WRITEDATA?LCD1602
            CODE    047AH     001EH     UNIT         ?PR?_LCD_SETCURSOR?LCD1602
            CODE    0498H     0014H     UNIT         ?PR?LCD_INIT?LCD1602
            CODE    04ACH     0014H     UNIT         ?PR?_DELAY?DELAY
            CODE    04C0H     0013H     UNIT         ?PR?_BCD_10?DS1302
            CODE    04D3H     0012H     UNIT         ?CO?MAIN
            CODE    04E5H     0012H     UNIT         ?PR?_TEN_BCD?DS1302
BL51 BANKED LINKER/LOCATER V6.22.2.0                                                  10/12/2022  09:28:44  PAGE 2


            CODE    04F7H     000FH     UNIT         ?PR?LCD_DELAY?LCD1602
            CODE    0506H     000AH     UNIT         ?PR?_LCD_WRITECOMMAND?LCD1602
            CODE    0510H     000AH     UNIT         ?PR?_LCD_SHOWCHAR?LCD1602
            CODE    051AH     000AH     UNIT         ?C_INITSEG
            CODE    0524H     0005H     UNIT         ?PR?DS1302_INIT?DS1302



OVERLAY MAP OF MODULE:   .\Objects\test (MAIN)


SEGMENT                                  DATA_GROUP 
  +--> CALLED SEGMENT                  START    LENGTH
------------------------------------------------------
?C_C51STARTUP                          -----    -----
  +--> ?PR?MAIN?MAIN
  +--> ?C_INITSEG

?PR?MAIN?MAIN                          -----    -----
  +--> ?PR?LCD_INIT?LCD1602
  +--> ?PR?DS1302_INIT?DS1302
  +--> ?PR?DS1302_SETTIME?DS1302
  +--> ?CO?MAIN
  +--> ?PR?_LCD_SHOWSTRING?LCD1602
  +--> ?PR?DS1302_READTIME?DS1302
  +--> ?PR?_LCD_SHOWNUM?LCD1602

?PR?LCD_INIT?LCD1602                   -----    -----
  +--> ?PR?_LCD_WRITECOMMAND?LCD1602

?PR?_LCD_WRITECOMMAND?LCD1602          -----    -----
  +--> ?PR?LCD_DELAY?LCD1602

?PR?DS1302_SETTIME?DS1302              -----    -----
  +--> ?PR?_DS1302_WRITEBYTE?DS1302
  +--> ?PR?_BCD_10?DS1302

?PR?_DS1302_WRITEBYTE?DS1302           0008H    0002H

?PR?_LCD_SHOWSTRING?LCD1602            0008H    0003H
  +--> ?PR?_LCD_SETCURSOR?LCD1602
  +--> ?PR?_LCD_WRITEDATA?LCD1602

?PR?_LCD_SETCURSOR?LCD1602             -----    -----
  +--> ?PR?_LCD_WRITECOMMAND?LCD1602

?PR?_LCD_WRITEDATA?LCD1602             -----    -----
  +--> ?PR?LCD_DELAY?LCD1602

?PR?DS1302_READTIME?DS1302             -----    -----
  +--> ?PR?_TEN_BCD?DS1302
  +--> ?PR?_DS1302_READBYTE?DS1302

?PR?_TEN_BCD?DS1302                    -----    -----
  +--> ?PR?_DS1302_READBYTE?DS1302

?PR?_LCD_SHOWNUM?LCD1602               0008H    0005H
BL51 BANKED LINKER/LOCATER V6.22.2.0                                                  10/12/2022  09:28:44  PAGE 3


  +--> ?PR?_LCD_SETCURSOR?LCD1602
  +--> ?PR?_LCD_POW?LCD1602
  +--> ?PR?_LCD_WRITEDATA?LCD1602

?PR?_LCD_POW?LCD1602                   000DH    0004H



SYMBOL TABLE OF MODULE:  .\Objects\test (MAIN)

  VALUE           TYPE          NAME
  ----------------------------------

  -------         MODULE        MAIN
  C:0000H         SYMBOL        _ICE_DUMMY_
  C:0123H         PUBLIC        main
  D:0029H         PUBLIC        Second
  D:002AH         PUBLIC        Minute
  -------         PROC          MAIN
  C:0123H         LINE#         7
  C:0123H         LINE#         8
  C:0126H         LINE#         9
  C:0129H         LINE#         11
  C:012CH         LINE#         12
  C:0139H         LINE#         13
  C:0146H         LINE#         16
  C:0146H         LINE#         17
  C:0149H         LINE#         18
  C:0158H         LINE#         19
  C:0167H         LINE#         20
  C:0176H         LINE#         21
  C:0185H         LINE#         22
  C:0194H         LINE#         23
  C:01A3H         LINE#         24
  -------         ENDPROC       MAIN
  -------         ENDMOD        MAIN

  -------         MODULE        LCD1602
  C:0000H         SYMBOL        _ICE_DUMMY_
  D:0080H         PUBLIC        P0
  D:00A0H         PUBLIC        P2
  C:0506H         PUBLIC        _LCD_WriteCommand
  C:0415H         PUBLIC        _LCD_ShowNum
  C:03A7H         PUBLIC        _LCD_ShowBinNum
  C:04FDH         PUBLIC        LCD_Delay
  C:02D1H         PUBLIC        _LCD_ShowHexNum
  C:0470H         PUBLIC        _LCD_WriteData
  B:00A0H.7       PUBLIC        LCD_EN
  C:0498H         PUBLIC        LCD_Init
  C:0439H         PUBLIC        _LCD_ShowString
  C:0510H         PUBLIC        _LCD_ShowChar
  B:00A0H.6       PUBLIC        LCD_RS
  B:00A0H.5       PUBLIC        LCD_RW
  C:047AH         PUBLIC        _LCD_SetCursor
  C:031CH         PUBLIC        _LCD_ShowSignedNum
  C:03EEH         PUBLIC        _LCD_Pow
  -------         PROC          L?0047
BL51 BANKED LINKER/LOCATER V6.22.2.0                                                  10/12/2022  09:28:44  PAGE 4


  -------         ENDPROC       L?0047
  -------         PROC          LCD_DELAY
  -------         DO            
  D:0007H         SYMBOL        i
  D:0006H         SYMBOL        j
  -------         ENDDO         
  C:04FDH         LINE#         15
  C:04FDH         LINE#         16
  C:04FDH         LINE#         19
  C:04FFH         LINE#         20
  C:0501H         LINE#         22
  C:0501H         LINE#         23
  C:0503H         LINE#         24
  C:0505H         LINE#         25
  -------         ENDPROC       LCD_DELAY
  -------         PROC          _LCD_WRITECOMMAND
  D:0007H         SYMBOL        Command
  C:0506H         LINE#         32
  C:0506H         LINE#         33
  C:0506H         LINE#         34
  C:0508H         LINE#         35
  C:0508H         LINE#         36
  C:0508H         LINE#         37
  C:0508H         LINE#         38
  C:050BH         LINE#         39
  C:050DH         LINE#         40
  -------         ENDPROC       _LCD_WRITECOMMAND
  -------         PROC          L?0045
  -------         ENDPROC       L?0045
  -------         PROC          _LCD_WRITEDATA
  D:0007H         SYMBOL        Data
  C:0470H         LINE#         48
  C:0470H         LINE#         49
  C:0470H         LINE#         50
  C:0472H         LINE#         51
  C:0472H         LINE#         52
  C:0472H         LINE#         53
  C:0472H         LINE#         54
  C:0475H         LINE#         55
  C:0477H         LINE#         56
  -------         ENDPROC       _LCD_WRITEDATA
  -------         PROC          _LCD_SETCURSOR
  D:0006H         SYMBOL        Line
  D:0005H         SYMBOL        Column
  C:047AH         LINE#         65
  C:047CH         LINE#         66
  C:047CH         LINE#         67
  C:0484H         LINE#         68
  C:0484H         LINE#         69
  C:0486H         LINE#         70
  C:0488H         LINE#         71
  C:048EH         LINE#         72
  C:048EH         LINE#         73
  C:0497H         LINE#         74
  C:0497H         LINE#         75
  -------         ENDPROC       _LCD_SETCURSOR
  -------         PROC          LCD_INIT
BL51 BANKED LINKER/LOCATER V6.22.2.0                                                  10/12/2022  09:28:44  PAGE 5


  C:0498H         LINE#         82
  C:0498H         LINE#         83
  C:0498H         LINE#         84
  C:049DH         LINE#         85
  C:04A2H         LINE#         86
  C:04A7H         LINE#         87
  -------         ENDPROC       LCD_INIT
  -------         PROC          _LCD_SHOWCHAR
  D:0006H         SYMBOL        Line
  D:0005H         SYMBOL        Column
  D:0004H         SYMBOL        Char
  C:0510H         LINE#         97
  C:0512H         LINE#         98
  C:0512H         LINE#         99
  C:0515H         LINE#         100
  -------         ENDPROC       _LCD_SHOWCHAR
  -------         PROC          _LCD_SHOWSTRING
  D:0007H         SYMBOL        Line
  D:0005H         SYMBOL        Column
  D:0008H         SYMBOL        String
  -------         DO            
  D:0005H         SYMBOL        i
  -------         ENDDO         
  C:0439H         LINE#         110
  C:043FH         LINE#         111
  C:043FH         LINE#         113
  C:0442H         LINE#         114
  C:0455H         LINE#         115
  C:0455H         LINE#         116
  C:0458H         LINE#         117
  C:045BH         LINE#         118
  -------         ENDPROC       _LCD_SHOWSTRING
  -------         PROC          L?0046
  -------         ENDPROC       L?0046
  -------         PROC          _LCD_POW
  D:000DH         SYMBOL        X
  D:000FH         SYMBOL        Y
  -------         DO            
  D:0003H         SYMBOL        i
  D:0006H         SYMBOL        Result
  -------         ENDDO         
  C:03EEH         LINE#         123
  C:03F6H         LINE#         124
  C:03F6H         LINE#         126
  C:03FAH         LINE#         127
  C:040AH         LINE#         128
  C:040AH         LINE#         129
  C:0411H         LINE#         130
  C:0414H         LINE#         131
  C:0414H         LINE#         132
  -------         ENDPROC       _LCD_POW
  -------         PROC          _LCD_SHOWNUM
  D:0007H         SYMBOL        Line
  D:0005H         SYMBOL        Column
  D:000AH         SYMBOL        Number
  D:000CH         SYMBOL        Length
  -------         DO            
BL51 BANKED LINKER/LOCATER V6.22.2.0                                                  10/12/2022  09:28:44  PAGE 6


  D:0002H         SYMBOL        i
  -------         ENDDO         
  C:0415H         LINE#         142
  C:0419H         LINE#         143
  C:0419H         LINE#         145
  C:041CH         LINE#         146
  C:042BH         LINE#         147
  C:042BH         LINE#         148
  C:0435H         LINE#         149
  C:0438H         LINE#         150
  -------         ENDPROC       _LCD_SHOWNUM
  -------         PROC          _LCD_SHOWSIGNEDNUM
  D:0007H         SYMBOL        Line
  D:0005H         SYMBOL        Column
  D:0082H         SYMBOL        Number
  D:0015H         SYMBOL        Length
  -------         DO            
  D:0002H         SYMBOL        i
  D:0016H         SYMBOL        Number1
  -------         ENDDO         
  C:031CH         LINE#         160
  C:0320H         LINE#         161
  C:0320H         LINE#         164
  C:0323H         LINE#         165
  C:032CH         LINE#         166
  C:032CH         LINE#         167
  C:0331H         LINE#         168
  C:0337H         LINE#         169
  C:0339H         LINE#         171
  C:0339H         LINE#         172
  C:033EH         LINE#         173
  C:0349H         LINE#         174
  C:0349H         LINE#         175
  C:0358H         LINE#         176
  C:0358H         LINE#         177
  C:0362H         LINE#         178
  C:0365H         LINE#         179
  -------         ENDPROC       _LCD_SHOWSIGNEDNUM
  -------         PROC          _LCD_SHOWHEXNUM
  D:0007H         SYMBOL        Line
  D:0005H         SYMBOL        Column
  D:0021H         SYMBOL        Number
  D:0023H         SYMBOL        Length
  -------         DO            
  D:0002H         SYMBOL        i
  D:0006H         SYMBOL        SingleNumber
  -------         ENDDO         
  C:02D1H         LINE#         189
  C:02D5H         LINE#         190
  C:02D5H         LINE#         192
  C:02D8H         LINE#         193
  C:02E4H         LINE#         194
  C:02E4H         LINE#         195
  C:0304H         LINE#         196
  C:030EH         LINE#         197
  C:030EH         LINE#         198
  C:0310H         LINE#         199
BL51 BANKED LINKER/LOCATER V6.22.2.0                                                  10/12/2022  09:28:44  PAGE 7


  C:0312H         LINE#         201
  C:0312H         LINE#         202
  C:0318H         LINE#         203
  C:0318H         LINE#         204
  C:031BH         LINE#         205
  -------         ENDPROC       _LCD_SHOWHEXNUM
  -------         PROC          _LCD_SHOWBINNUM
  D:0007H         SYMBOL        Line
  D:0005H         SYMBOL        Column
  D:0026H         SYMBOL        Number
  D:0028H         SYMBOL        Length
  -------         DO            
  D:0002H         SYMBOL        i
  -------         ENDDO         
  C:03A7H         LINE#         215
  C:03ABH         LINE#         216
  C:03ABH         LINE#         218
  C:03AEH         LINE#         219
  C:03BDH         LINE#         220
  C:03BDH         LINE#         221
  C:03E0H         LINE#         222
  C:03E3H         LINE#         223
  -------         ENDPROC       _LCD_SHOWBINNUM
  -------         ENDMOD        LCD1602

  -------         MODULE        DS1302
  C:0000H         SYMBOL        _ICE_DUMMY_
  C:020EH         PUBLIC        DS1302_SetTime
  D:00B0H         PUBLIC        P3
  C:04C0H         PUBLIC        _BCD_10
  B:00B0H.5       PUBLIC        DS1302_CE
  C:0366H         PUBLIC        DS1302_ReadTime
  D:0018H         PUBLIC        DS1302_Time
  C:04E8H         PUBLIC        _Ten_BCD
  C:0271H         PUBLIC        _DS1302_ReadByte
  C:0524H         PUBLIC        DS1302_Init
  B:00B0H.4       PUBLIC        DS1302_IO
  C:01A5H         PUBLIC        _DS1302_WriteByte
  B:00B0H.6       PUBLIC        DS1302_SCLK
  -------         PROC          _BCD_10
  D:0007H         SYMBOL        Num
  -------         DO            
  D:0007H         SYMBOL        Temp
  -------         ENDDO         
  C:04C0H         LINE#         24
  C:04C0H         LINE#         26
  C:04D2H         LINE#         27
  C:04D2H         LINE#         28
  -------         ENDPROC       _BCD_10
  -------         PROC          L?0029
  -------         ENDPROC       L?0029
  -------         PROC          _TEN_BCD
  D:0007H         SYMBOL        Num
  -------         DO            
  D:0007H         SYMBOL        Temp
  -------         ENDDO         
  C:04E8H         LINE#         36
BL51 BANKED LINKER/LOCATER V6.22.2.0                                                  10/12/2022  09:28:44  PAGE 8


  C:04E8H         LINE#         38
  C:04F6H         LINE#         39
  C:04F6H         LINE#         40
  -------         ENDPROC       _TEN_BCD
  -------         PROC          DS1302_INIT
  C:0524H         LINE#         42
  C:0524H         LINE#         43
  C:0526H         LINE#         44
  C:0528H         LINE#         45
  -------         ENDPROC       DS1302_INIT
  -------         PROC          _DS1302_WRITEBYTE
  D:0003H         SYMBOL        Command
  D:0008H         SYMBOL        Data
  -------         DO            
  D:0005H         SYMBOL        i
  -------         ENDDO         
  C:01A5H         LINE#         47
  C:01ABH         LINE#         49
  C:01ADH         LINE#         51
  C:01B9H         LINE#         52
  C:01D4H         LINE#         53
  C:01D6H         LINE#         54
  C:01D8H         LINE#         55
  C:01DBH         LINE#         56
  C:01E7H         LINE#         57
  C:0204H         LINE#         58
  C:0206H         LINE#         59
  C:0208H         LINE#         60
  C:020BH         LINE#         61
  C:020DH         LINE#         62
  -------         ENDPROC       _DS1302_WRITEBYTE
  -------         PROC          _DS1302_READBYTE
  D:0005H         SYMBOL        Command
  -------         DO            
  D:0003H         SYMBOL        i
  D:0001H         SYMBOL        Data
  -------         ENDDO         
  C:0271H         LINE#         64
  C:0273H         LINE#         66
  C:0275H         LINE#         67
  C:0278H         LINE#         68
  C:027AH         LINE#         69
  C:0285H         LINE#         70
  C:02A0H         LINE#         71
  C:02A2H         LINE#         72
  C:02A4H         LINE#         73
  C:02A7H         LINE#         74
  C:02B3H         LINE#         75
  C:02B5H         LINE#         76
  C:02B7H         LINE#         77
  C:02C7H         LINE#         78
  C:02CAH         LINE#         79
  C:02CCH         LINE#         80
  C:02CEH         LINE#         81
  C:02D0H         LINE#         82
  -------         ENDPROC       _DS1302_READBYTE
  -------         PROC          DS1302_SETTIME
BL51 BANKED LINKER/LOCATER V6.22.2.0                                                  10/12/2022  09:28:44  PAGE 9


  C:020EH         LINE#         84
  C:020EH         LINE#         85
  C:0216H         LINE#         86
  C:0222H         LINE#         87
  C:022EH         LINE#         88
  C:023AH         LINE#         89
  C:0246H         LINE#         90
  C:0252H         LINE#         91
  C:025EH         LINE#         92
  C:026AH         LINE#         93
  -------         ENDPROC       DS1302_SETTIME
  -------         PROC          DS1302_READTIME
  C:0366H         LINE#         96
  C:0366H         LINE#         98
  C:036DH         LINE#         99
  C:0374H         LINE#         100
  C:037EH         LINE#         101
  C:0388H         LINE#         102
  C:0392H         LINE#         103
  C:039CH         LINE#         104
  C:03A6H         LINE#         105
  -------         ENDPROC       DS1302_READTIME
  -------         ENDMOD        DS1302

  -------         MODULE        DELAY
  C:0000H         SYMBOL        _ICE_DUMMY_
  C:04ACH         PUBLIC        _Delay
  -------         PROC          _DELAY
  D:0006H         SYMBOL        t
  -------         DO            
  D:0005H         SYMBOL        i
  D:0004H         SYMBOL        j
  -------         ENDDO         
  C:04ACH         LINE#         2
  C:04ACH         LINE#         3
  C:04ACH         LINE#         6
  C:04B0H         LINE#         7
  C:04B2H         LINE#         8
  C:04B4H         LINE#         10
  C:04B4H         LINE#         11
  C:04B6H         LINE#         12
  C:04B8H         LINE#         13
  C:04BDH         LINE#         14
  C:04BFH         LINE#         17
  -------         ENDPROC       _DELAY
  -------         ENDMOD        DELAY

  -------         MODULE        ?C?CLDOPTR
  C:0003H         PUBLIC        ?C?CLDOPTR
  -------         ENDMOD        ?C?CLDOPTR

  -------         MODULE        ?C?IMUL
  C:0030H         PUBLIC        ?C?IMUL
  -------         ENDMOD        ?C?IMUL

  -------         MODULE        ?C?UIDIV
  C:0042H         PUBLIC        ?C?UIDIV
BL51 BANKED LINKER/LOCATER V6.22.2.0                                                  10/12/2022  09:28:44  PAGE 10


  -------         ENDMOD        ?C?UIDIV

*** WARNING L16: UNCALLED SEGMENT, IGNORED FOR OVERLAY PROCESS
    SEGMENT: ?PR?_LCD_SHOWCHAR?LCD1602

*** WARNING L16: UNCALLED SEGMENT, IGNORED FOR OVERLAY PROCESS
    SEGMENT: ?PR?_LCD_SHOWSIGNEDNUM?LCD1602

*** WARNING L16: UNCALLED SEGMENT, IGNORED FOR OVERLAY PROCESS
    SEGMENT: ?PR?_LCD_SHOWHEXNUM?LCD1602

*** WARNING L16: UNCALLED SEGMENT, IGNORED FOR OVERLAY PROCESS
    SEGMENT: ?PR?_LCD_SHOWBINNUM?LCD1602

*** WARNING L16: UNCALLED SEGMENT, IGNORED FOR OVERLAY PROCESS
    SEGMENT: ?PR?_DELAY?DELAY

Program Size: data=44.0 xdata=0 code=1321
LINK/LOCATE RUN COMPLETE.  5 WARNING(S),  0 ERROR(S)
