C51 COMPILER V9.59.0.0   BUZZER                                                            10/13/2022 20:29:24 PAGE 1   


C51 COMPILER V9.59.0.0, COMPILATION OF MODULE BUZZER
OBJECT MODULE PLACED IN .\Objects\Buzzer.obj
COMPILER INVOKED BY: D:\Keil_v5\C51\BIN\C51.EXE Buzzer.c OPTIMIZE(8,SPEED) BROWSE DEBUG OBJECTEXTEND PRINT(.\Listings\Bu
                    -zzer.lst) OBJECT(.\Objects\Buzzer.obj)

line level    source

   1          #include <REGX51.H>
   2          #include <INTRINS.H>
   3          sbit Buzzer = P2^5;
   4          unsigned int i;
   5          
   6          void Buzzer_Delay500ms()                //@12.000MHz
   7          {
   8   1              unsigned char i, j, k;
   9   1      
  10   1              _nop_();
  11   1              _nop_();
  12   1              i = 23;
  13   1              j = 205;
  14   1              k = 120;
  15   1              do
  16   1              {
  17   2                      do
  18   2                      {
  19   3                              while (--k);
  20   3                      } while (--j);
  21   2              } while (--i);
  22   1      }
  23          
  24          
  25          void Buzzer_Time(unsigned int ms){
  26   1              for(i=0;i<ms*2;i++){
  27   2                      Buzzer = !Buzzer;
  28   2                      Buzzer_Delay500us();
*** WARNING C206 IN LINE 28 OF Buzzer.c: 'Buzzer_Delay500us': missing function-prototype
  29   2              }
  30   1      }


MODULE INFORMATION:   STATIC OVERLAYABLE
   CODE SIZE        =     58    ----
   CONSTANT SIZE    =   ----    ----
   XDATA SIZE       =   ----    ----
   PDATA SIZE       =   ----    ----
   DATA SIZE        =      2       2
   IDATA SIZE       =   ----    ----
   BIT SIZE         =   ----    ----
END OF MODULE INFORMATION.


C51 COMPILATION COMPLETE.  1 WARNING(S),  0 ERROR(S)
