BL51 BANKED LINKER/LOCATER V6.22.2.0                                                    10/21/2022  13:51:34  PAGE 1


BL51 BANKED LINKER/LOCATER V6.22.2.0, INVOKED BY:
D:\KEIL_V5\C51\BIN\BL51.EXE .\Objects\main.obj, .\Objects\Delay.obj, .\Objects\LCD1602.obj, .\Objects\DS18B20.obj, .\Obj
>> ects\OneWire.obj TO .\Objects\test PRINT (.\Listings\test.m51) RAMSIZE (256)


MEMORY MODEL: SMALL WITH FLOATING POINT ARITHMETIC


INPUT MODULES INCLUDED:
  .\Objects\main.obj (MAIN)
  .\Objects\Delay.obj (DELAY)
  .\Objects\LCD1602.obj (LCD1602)
  .\Objects\DS18B20.obj (DS18B20)
  .\Objects\OneWire.obj (ONEWIRE)
  D:\KEIL_V5\C51\LIB\C51FPS.LIB (?C?FPMUL)
  D:\KEIL_V5\C51\LIB\C51FPS.LIB (?C?FPDIV)
  D:\KEIL_V5\C51\LIB\C51FPS.LIB (?C?FPCMP)
  D:\KEIL_V5\C51\LIB\C51FPS.LIB (?C?FPNEG)
  D:\KEIL_V5\C51\LIB\C51FPS.LIB (?C?FCAST)
  D:\KEIL_V5\C51\LIB\C51FPS.LIB (?C?CASTF)
  D:\KEIL_V5\C51\LIB\C51FPS.LIB (?C?FPGETOPN)
  D:\KEIL_V5\C51\LIB\C51S.LIB (?C_STARTUP)
  D:\KEIL_V5\C51\LIB\C51S.LIB (?C?CLDOPTR)
  D:\KEIL_V5\C51\LIB\C51S.LIB (?C?IMUL)
  D:\KEIL_V5\C51\LIB\C51S.LIB (?C?UIDIV)
  D:\KEIL_V5\C51\LIB\C51S.LIB (?C?ULDIV)
  D:\KEIL_V5\C51\LIB\C51S.LIB (?C?LNEG)


LINK MAP OF MODULE:  .\Objects\test (MAIN)


            TYPE    BASE      LENGTH    RELOCATION   SEGMENT NAME
            -----------------------------------------------------

            * * * * * * *   D A T A   M E M O R Y   * * * * * * *
            REG     0000H     0008H     ABSOLUTE     "REG BANK 0"
            DATA    0008H     0009H     UNIT         _DATA_GROUP_
            DATA    0011H     0007H     UNIT         ?DT?_LCD_SHOWSIGNEDNUM?LCD1602
            DATA    0018H     0005H     UNIT         ?DT?_LCD_SHOWHEXNUM?LCD1602
            DATA    001DH     0005H     UNIT         ?DT?_LCD_SHOWBINNUM?LCD1602
            DATA    0022H     0004H     UNIT         ?DT?MAIN
            IDATA   0026H     0001H     UNIT         ?STACK

            * * * * * * *   C O D E   M E M O R Y   * * * * * * *
            CODE    0000H     0003H     ABSOLUTE     
            CODE    0003H     045FH     UNIT         ?C?LIB_CODE
            CODE    0462H     00A6H     UNIT         ?PR?MAIN?MAIN
            CODE    0508H     004BH     UNIT         ?PR?_LCD_SHOWHEXNUM?LCD1602
            CODE    0553H     004AH     UNIT         ?PR?_LCD_SHOWSIGNEDNUM?LCD1602
            CODE    059DH     003DH     UNIT         ?PR?_LCD_SHOWBINNUM?LCD1602
            CODE    05DAH     0031H     UNIT         ?PR?_LCD_POW?LCD1602
            CODE    060BH     002BH     UNIT         ?PR?DS18B20_READT?DS18B20
            CODE    0636H     0026H     UNIT         ?PR?ONEWIRE_RECEIVEBYTE?ONEWIRE
            CODE    065CH     0024H     UNIT         ?PR?_LCD_SHOWNUM?LCD1602
            CODE    0680H     0023H     UNIT         ?PR?_LCD_SHOWSTRING?LCD1602
            CODE    06A3H     0022H     UNIT         ?PR?_ONEWIRE_SENDBYTE?ONEWIRE
            CODE    06C5H     001EH     UNIT         ?PR?_LCD_WRITEDATA?LCD1602
BL51 BANKED LINKER/LOCATER V6.22.2.0                                                  10/21/2022  13:51:34  PAGE 2


            CODE    06E3H     001EH     UNIT         ?PR?_LCD_SETCURSOR?LCD1602
            CODE    0701H     001DH     UNIT         ?PR?ONEWIRE_INIT?ONEWIRE
            CODE    071EH     001AH     UNIT         ?PR?ONEWIRE_RECEIVEBIT?ONEWIRE
            CODE    0738H     0015H     UNIT         ?PR?_ONEWIRE_SENDBIT?ONEWIRE
            CODE    074DH     0014H     UNIT         ?PR?_DELAY?DELAY
            CODE    0761H     0014H     UNIT         ?PR?LCD_INIT?LCD1602
            CODE    0775H     000FH     UNIT         ?PR?LCD_DELAY?LCD1602
            CODE    0784H     000DH     UNIT         ?CO?MAIN
            CODE    0791H     000DH     UNIT         ?PR?DS18B20_CONVERTT?DS18B20
            CODE    079EH     000CH     UNIT         ?C_C51STARTUP
            CODE    07AAH     000AH     UNIT         ?PR?_LCD_WRITECOMMAND?LCD1602
            CODE    07B4H     000AH     UNIT         ?PR?_LCD_SHOWCHAR?LCD1602



OVERLAY MAP OF MODULE:   .\Objects\test (MAIN)


SEGMENT                                   DATA_GROUP 
  +--> CALLED SEGMENT                   START    LENGTH
-------------------------------------------------------
?C_C51STARTUP                           -----    -----
  +--> ?PR?MAIN?MAIN

?PR?MAIN?MAIN                           -----    -----
  +--> ?PR?LCD_INIT?LCD1602
  +--> ?CO?MAIN
  +--> ?PR?_LCD_SHOWSTRING?LCD1602
  +--> ?PR?DS18B20_CONVERTT?DS18B20
  +--> ?PR?DS18B20_READT?DS18B20
  +--> ?PR?_LCD_SHOWCHAR?LCD1602
  +--> ?PR?_LCD_SHOWNUM?LCD1602

?PR?LCD_INIT?LCD1602                    -----    -----
  +--> ?PR?_LCD_WRITECOMMAND?LCD1602

?PR?_LCD_WRITECOMMAND?LCD1602           -----    -----
  +--> ?PR?LCD_DELAY?LCD1602

?PR?_LCD_SHOWSTRING?LCD1602             0008H    0003H
  +--> ?PR?_LCD_SETCURSOR?LCD1602
  +--> ?PR?_LCD_WRITEDATA?LCD1602

?PR?_LCD_SETCURSOR?LCD1602              -----    -----
  +--> ?PR?_LCD_WRITECOMMAND?LCD1602

?PR?_LCD_WRITEDATA?LCD1602              -----    -----
  +--> ?PR?LCD_DELAY?LCD1602

?PR?DS18B20_CONVERTT?DS18B20            -----    -----
  +--> ?PR?ONEWIRE_INIT?ONEWIRE
  +--> ?PR?_ONEWIRE_SENDBYTE?ONEWIRE

?PR?_ONEWIRE_SENDBYTE?ONEWIRE           -----    -----
  +--> ?PR?_ONEWIRE_SENDBIT?ONEWIRE

?PR?DS18B20_READT?DS18B20               0008H    0001H
BL51 BANKED LINKER/LOCATER V6.22.2.0                                                  10/21/2022  13:51:34  PAGE 3


  +--> ?PR?ONEWIRE_INIT?ONEWIRE
  +--> ?PR?_ONEWIRE_SENDBYTE?ONEWIRE
  +--> ?PR?ONEWIRE_RECEIVEBYTE?ONEWIRE

?PR?ONEWIRE_RECEIVEBYTE?ONEWIRE         -----    -----
  +--> ?PR?ONEWIRE_RECEIVEBIT?ONEWIRE

?PR?_LCD_SHOWCHAR?LCD1602               -----    -----
  +--> ?PR?_LCD_SETCURSOR?LCD1602
  +--> ?PR?_LCD_WRITEDATA?LCD1602

?PR?_LCD_SHOWNUM?LCD1602                0008H    0005H
  +--> ?PR?_LCD_SETCURSOR?LCD1602
  +--> ?PR?_LCD_POW?LCD1602
  +--> ?PR?_LCD_WRITEDATA?LCD1602

?PR?_LCD_POW?LCD1602                    000DH    0004H



SYMBOL TABLE OF MODULE:  .\Objects\test (MAIN)

  VALUE           TYPE          NAME
  ----------------------------------

  -------         MODULE        MAIN
  C:0000H         SYMBOL        _ICE_DUMMY_
  C:0462H         PUBLIC        main
  D:0022H         PUBLIC        T
  -------         PROC          MAIN
  C:0462H         LINE#         7
  C:0462H         LINE#         8
  C:0465H         LINE#         9
  C:0472H         LINE#         11
  C:0472H         LINE#         12
  C:0475H         LINE#         13
  C:0480H         LINE#         15
  C:0492H         LINE#         16
  C:049BH         LINE#         17
  C:04AEH         LINE#         18
  C:04B0H         LINE#         19
  C:04B9H         LINE#         20
  C:04B9H         LINE#         21
  C:04D2H         LINE#         22
  C:04DBH         LINE#         23
  C:0505H         LINE#         24
  -------         ENDPROC       MAIN
  -------         ENDMOD        MAIN

  -------         MODULE        DELAY
  C:0000H         SYMBOL        _ICE_DUMMY_
  C:074DH         PUBLIC        _Delay
  -------         PROC          _DELAY
  D:0006H         SYMBOL        t
  -------         DO            
  D:0005H         SYMBOL        i
  D:0004H         SYMBOL        j
BL51 BANKED LINKER/LOCATER V6.22.2.0                                                  10/21/2022  13:51:34  PAGE 4


  -------         ENDDO         
  C:074DH         LINE#         2
  C:074DH         LINE#         3
  C:074DH         LINE#         6
  C:0751H         LINE#         7
  C:0753H         LINE#         8
  C:0755H         LINE#         10
  C:0755H         LINE#         11
  C:0757H         LINE#         12
  C:0759H         LINE#         13
  C:075EH         LINE#         14
  C:0760H         LINE#         17
  -------         ENDPROC       _DELAY
  -------         ENDMOD        DELAY

  -------         MODULE        LCD1602
  C:0000H         SYMBOL        _ICE_DUMMY_
  D:0080H         PUBLIC        P0
  D:00A0H         PUBLIC        P2
  C:07AAH         PUBLIC        _LCD_WriteCommand
  C:065CH         PUBLIC        _LCD_ShowNum
  C:059DH         PUBLIC        _LCD_ShowBinNum
  C:077BH         PUBLIC        LCD_Delay
  C:0508H         PUBLIC        _LCD_ShowHexNum
  C:06D9H         PUBLIC        _LCD_WriteData
  B:00A0H.7       PUBLIC        LCD_EN
  C:0761H         PUBLIC        LCD_Init
  C:0680H         PUBLIC        _LCD_ShowString
  C:07B4H         PUBLIC        _LCD_ShowChar
  B:00A0H.6       PUBLIC        LCD_RS
  B:00A0H.5       PUBLIC        LCD_RW
  C:06E3H         PUBLIC        _LCD_SetCursor
  C:0553H         PUBLIC        _LCD_ShowSignedNum
  C:05E4H         PUBLIC        _LCD_Pow
  -------         PROC          L?0047
  -------         ENDPROC       L?0047
  -------         PROC          LCD_DELAY
  -------         DO            
  D:0007H         SYMBOL        i
  D:0006H         SYMBOL        j
  -------         ENDDO         
  C:077BH         LINE#         15
  C:077BH         LINE#         16
  C:077BH         LINE#         19
  C:077DH         LINE#         20
  C:077FH         LINE#         22
  C:077FH         LINE#         23
  C:0781H         LINE#         24
  C:0783H         LINE#         25
  -------         ENDPROC       LCD_DELAY
  -------         PROC          _LCD_WRITECOMMAND
  D:0007H         SYMBOL        Command
  C:07AAH         LINE#         32
  C:07AAH         LINE#         33
  C:07AAH         LINE#         34
  C:07ACH         LINE#         35
  C:07ACH         LINE#         36
BL51 BANKED LINKER/LOCATER V6.22.2.0                                                  10/21/2022  13:51:34  PAGE 5


  C:07ACH         LINE#         37
  C:07ACH         LINE#         38
  C:07AFH         LINE#         39
  C:07B1H         LINE#         40
  -------         ENDPROC       _LCD_WRITECOMMAND
  -------         PROC          L?0045
  -------         ENDPROC       L?0045
  -------         PROC          _LCD_WRITEDATA
  D:0007H         SYMBOL        Data
  C:06D9H         LINE#         48
  C:06D9H         LINE#         49
  C:06D9H         LINE#         50
  C:06DBH         LINE#         51
  C:06DBH         LINE#         52
  C:06DBH         LINE#         53
  C:06DBH         LINE#         54
  C:06DEH         LINE#         55
  C:06E0H         LINE#         56
  -------         ENDPROC       _LCD_WRITEDATA
  -------         PROC          _LCD_SETCURSOR
  D:0006H         SYMBOL        Line
  D:0005H         SYMBOL        Column
  C:06E3H         LINE#         65
  C:06E5H         LINE#         66
  C:06E5H         LINE#         67
  C:06EDH         LINE#         68
  C:06EDH         LINE#         69
  C:06EFH         LINE#         70
  C:06F1H         LINE#         71
  C:06F7H         LINE#         72
  C:06F7H         LINE#         73
  C:0700H         LINE#         74
  C:0700H         LINE#         75
  -------         ENDPROC       _LCD_SETCURSOR
  -------         PROC          LCD_INIT
  C:0761H         LINE#         82
  C:0761H         LINE#         83
  C:0761H         LINE#         84
  C:0766H         LINE#         85
  C:076BH         LINE#         86
  C:0770H         LINE#         87
  -------         ENDPROC       LCD_INIT
  -------         PROC          _LCD_SHOWCHAR
  D:0006H         SYMBOL        Line
  D:0005H         SYMBOL        Column
  D:0004H         SYMBOL        Char
  C:07B4H         LINE#         97
  C:07B6H         LINE#         98
  C:07B6H         LINE#         99
  C:07B9H         LINE#         100
  -------         ENDPROC       _LCD_SHOWCHAR
  -------         PROC          _LCD_SHOWSTRING
  D:0007H         SYMBOL        Line
  D:0005H         SYMBOL        Column
  D:0008H         SYMBOL        String
  -------         DO            
  D:0005H         SYMBOL        i
BL51 BANKED LINKER/LOCATER V6.22.2.0                                                  10/21/2022  13:51:34  PAGE 6


  -------         ENDDO         
  C:0680H         LINE#         110
  C:0686H         LINE#         111
  C:0686H         LINE#         113
  C:0689H         LINE#         114
  C:069CH         LINE#         115
  C:069CH         LINE#         116
  C:069FH         LINE#         117
  C:06A2H         LINE#         118
  -------         ENDPROC       _LCD_SHOWSTRING
  -------         PROC          L?0046
  -------         ENDPROC       L?0046
  -------         PROC          _LCD_POW
  D:000DH         SYMBOL        X
  D:000FH         SYMBOL        Y
  -------         DO            
  D:0003H         SYMBOL        i
  D:0006H         SYMBOL        Result
  -------         ENDDO         
  C:05E4H         LINE#         123
  C:05ECH         LINE#         124
  C:05ECH         LINE#         126
  C:05F0H         LINE#         127
  C:0600H         LINE#         128
  C:0600H         LINE#         129
  C:0607H         LINE#         130
  C:060AH         LINE#         131
  C:060AH         LINE#         132
  -------         ENDPROC       _LCD_POW
  -------         PROC          _LCD_SHOWNUM
  D:0007H         SYMBOL        Line
  D:0005H         SYMBOL        Column
  D:000AH         SYMBOL        Number
  D:000CH         SYMBOL        Length
  -------         DO            
  D:0002H         SYMBOL        i
  -------         ENDDO         
  C:065CH         LINE#         142
  C:0660H         LINE#         143
  C:0660H         LINE#         145
  C:0663H         LINE#         146
  C:0672H         LINE#         147
  C:0672H         LINE#         148
  C:067CH         LINE#         149
  C:067FH         LINE#         150
  -------         ENDPROC       _LCD_SHOWNUM
  -------         PROC          _LCD_SHOWSIGNEDNUM
  D:0007H         SYMBOL        Line
  D:0005H         SYMBOL        Column
  D:0082H         SYMBOL        Number
  D:0015H         SYMBOL        Length
  -------         DO            
  D:0002H         SYMBOL        i
  D:0016H         SYMBOL        Number1
  -------         ENDDO         
  C:0553H         LINE#         160
  C:0557H         LINE#         161
BL51 BANKED LINKER/LOCATER V6.22.2.0                                                  10/21/2022  13:51:34  PAGE 7


  C:0557H         LINE#         164
  C:055AH         LINE#         165
  C:0563H         LINE#         166
  C:0563H         LINE#         167
  C:0568H         LINE#         168
  C:056EH         LINE#         169
  C:0570H         LINE#         171
  C:0570H         LINE#         172
  C:0575H         LINE#         173
  C:0580H         LINE#         174
  C:0580H         LINE#         175
  C:058FH         LINE#         176
  C:058FH         LINE#         177
  C:0599H         LINE#         178
  C:059CH         LINE#         179
  -------         ENDPROC       _LCD_SHOWSIGNEDNUM
  -------         PROC          _LCD_SHOWHEXNUM
  D:0007H         SYMBOL        Line
  D:0005H         SYMBOL        Column
  D:001AH         SYMBOL        Number
  D:001CH         SYMBOL        Length
  -------         DO            
  D:0002H         SYMBOL        i
  D:0006H         SYMBOL        SingleNumber
  -------         ENDDO         
  C:0508H         LINE#         189
  C:050CH         LINE#         190
  C:050CH         LINE#         192
  C:050FH         LINE#         193
  C:051BH         LINE#         194
  C:051BH         LINE#         195
  C:053BH         LINE#         196
  C:0545H         LINE#         197
  C:0545H         LINE#         198
  C:0547H         LINE#         199
  C:0549H         LINE#         201
  C:0549H         LINE#         202
  C:054FH         LINE#         203
  C:054FH         LINE#         204
  C:0552H         LINE#         205
  -------         ENDPROC       _LCD_SHOWHEXNUM
  -------         PROC          _LCD_SHOWBINNUM
  D:0007H         SYMBOL        Line
  D:0005H         SYMBOL        Column
  D:001FH         SYMBOL        Number
  D:0021H         SYMBOL        Length
  -------         DO            
  D:0002H         SYMBOL        i
  -------         ENDDO         
  C:059DH         LINE#         215
  C:05A1H         LINE#         216
  C:05A1H         LINE#         218
  C:05A4H         LINE#         219
  C:05B3H         LINE#         220
  C:05B3H         LINE#         221
  C:05D6H         LINE#         222
  C:05D9H         LINE#         223
BL51 BANKED LINKER/LOCATER V6.22.2.0                                                  10/21/2022  13:51:34  PAGE 8


  -------         ENDPROC       _LCD_SHOWBINNUM
  -------         ENDMOD        LCD1602

  -------         MODULE        DS18B20
  C:0000H         SYMBOL        _ICE_DUMMY_
  C:0791H         PUBLIC        DS18B20_ConvertT
  C:060BH         PUBLIC        DS18B20_ReadT
  -------         PROC          DS18B20_CONVERTT
  C:0791H         LINE#         8
  C:0791H         LINE#         9
  C:0794H         LINE#         10
  C:0799H         LINE#         11
  -------         ENDPROC       DS18B20_CONVERTT
  -------         PROC          DS18B20_READT
  -------         DO            
  D:0008H         SYMBOL        TLSB
  D:0007H         SYMBOL        TMSB
  D:0006H         SYMBOL        Temp
  D:0004H         SYMBOL        T
  -------         ENDDO         
  C:060BH         LINE#         15
  C:060BH         LINE#         19
  C:060EH         LINE#         20
  C:0613H         LINE#         21
  C:0618H         LINE#         22
  C:061DH         LINE#         23
  C:0620H         LINE#         24
  C:0625H         LINE#         25
  -------         ENDPROC       DS18B20_READT
  -------         ENDMOD        DS18B20

  -------         MODULE        ONEWIRE
  C:0000H         SYMBOL        _ICE_DUMMY_
  D:00B0H         PUBLIC        P3
  C:071EH         PUBLIC        OneWire_ReceiveBit
  B:00B0H.7       PUBLIC        OneWire_DQ
  C:0701H         PUBLIC        OneWire_Init
  C:06A3H         PUBLIC        _OneWire_SendByte
  C:0738H         PUBLIC        _OneWire_SendBit
  C:0636H         PUBLIC        OneWire_ReceiveByte
  -------         PROC          ONEWIRE_INIT
  -------         DO            
  D:0007H         SYMBOL        i
  D:0006H         SYMBOL        AckBit
  -------         ENDDO         
  C:0701H         LINE#         7
  C:0701H         LINE#         10
  C:0703H         LINE#         11
  C:0705H         LINE#         13
  C:070AH         LINE#         15
  C:070CH         LINE#         16
  C:0711H         LINE#         17
  C:0716H         LINE#         18
  C:071BH         LINE#         20
  C:071DH         LINE#         21
  -------         ENDPROC       ONEWIRE_INIT
  -------         PROC          _ONEWIRE_SENDBIT
BL51 BANKED LINKER/LOCATER V6.22.2.0                                                  10/21/2022  13:51:34  PAGE 9


  D:0007H         SYMBOL        Bit
  -------         DO            
  D:0006H         SYMBOL        i
  -------         ENDDO         
  C:0738H         LINE#         23
  C:0738H         LINE#         25
  C:073AH         LINE#         26
  C:073CH         LINE#         27
  C:0741H         LINE#         28
  C:0746H         LINE#         29
  C:074AH         LINE#         30
  C:074CH         LINE#         31
  -------         ENDPROC       _ONEWIRE_SENDBIT
  -------         PROC          ONEWIRE_RECEIVEBIT
  -------         DO            
  D:0007H         SYMBOL        i
  D:0006H         SYMBOL        Bit
  -------         ENDDO         
  C:071EH         LINE#         33
  C:071EH         LINE#         36
  C:0720H         LINE#         37
  C:0725H         LINE#         38
  C:0727H         LINE#         39
  C:072CH         LINE#         40
  C:0731H         LINE#         41
  C:0735H         LINE#         43
  C:0737H         LINE#         44
  -------         ENDPROC       ONEWIRE_RECEIVEBIT
  -------         PROC          _ONEWIRE_SENDBYTE
  D:0005H         SYMBOL        Byte
  -------         DO            
  D:0004H         SYMBOL        i
  -------         ENDDO         
  C:06A3H         LINE#         45
  C:06A5H         LINE#         47
  C:06B1H         LINE#         48
  C:06C1H         LINE#         49
  C:06C4H         LINE#         50
  -------         ENDPROC       _ONEWIRE_SENDBYTE
  -------         PROC          ONEWIRE_RECEIVEBYTE
  -------         DO            
  D:0004H         SYMBOL        i
  D:0005H         SYMBOL        Byte
  -------         ENDDO         
  C:0636H         LINE#         52
  C:0636H         LINE#         54
  C:0638H         LINE#         55
  C:0643H         LINE#         56
  C:0656H         LINE#         57
  C:0659H         LINE#         58
  C:065BH         LINE#         59
  -------         ENDPROC       ONEWIRE_RECEIVEBYTE
  -------         ENDMOD        ONEWIRE

  -------         MODULE        ?C?FPMUL
  C:0003H         PUBLIC        ?C?FPMUL
  -------         ENDMOD        ?C?FPMUL
BL51 BANKED LINKER/LOCATER V6.22.2.0                                                  10/21/2022  13:51:34  PAGE 10



  -------         MODULE        ?C?FPDIV
  C:010CH         PUBLIC        ?C?FPDIV
  -------         ENDMOD        ?C?FPDIV

  -------         MODULE        ?C?FPCMP
  C:01ABH         PUBLIC        ?C?FPCMP
  C:01A9H         PUBLIC        ?C?FPCMP3
  -------         ENDMOD        ?C?FPCMP

  -------         MODULE        ?C?FPNEG
  C:0222H         PUBLIC        ?C?FPNEG
  -------         ENDMOD        ?C?FPNEG

  -------         MODULE        ?C?FCAST
  C:023DH         PUBLIC        ?C?FCASTC
  C:0238H         PUBLIC        ?C?FCASTI
  C:0233H         PUBLIC        ?C?FCASTL
  -------         ENDMOD        ?C?FCAST

  -------         MODULE        ?C?CASTF
  C:0271H         PUBLIC        ?C?CASTF
  -------         ENDMOD        ?C?CASTF

  -------         MODULE        ?C?CLDOPTR
  C:02F2H         PUBLIC        ?C?CLDOPTR
  -------         ENDMOD        ?C?CLDOPTR

  -------         MODULE        ?C?IMUL
  C:031FH         PUBLIC        ?C?IMUL
  -------         ENDMOD        ?C?IMUL

  -------         MODULE        ?C?UIDIV
  C:0331H         PUBLIC        ?C?UIDIV
  -------         ENDMOD        ?C?UIDIV

  -------         MODULE        ?C?ULDIV
  C:03C2H         PUBLIC        ?C?ULDIV
  -------         ENDMOD        ?C?ULDIV

  -------         MODULE        ?C?LNEG
  C:0454H         PUBLIC        ?C?LNEG
  -------         ENDMOD        ?C?LNEG

*** WARNING L16: UNCALLED SEGMENT, IGNORED FOR OVERLAY PROCESS
    SEGMENT: ?PR?_DELAY?DELAY

*** WARNING L16: UNCALLED SEGMENT, IGNORED FOR OVERLAY PROCESS
    SEGMENT: ?PR?_LCD_SHOWSIGNEDNUM?LCD1602

*** WARNING L16: UNCALLED SEGMENT, IGNORED FOR OVERLAY PROCESS
    SEGMENT: ?PR?_LCD_SHOWHEXNUM?LCD1602

*** WARNING L16: UNCALLED SEGMENT, IGNORED FOR OVERLAY PROCESS
    SEGMENT: ?PR?_LCD_SHOWBINNUM?LCD1602

Program Size: data=39.0 xdata=0 code=1982
BL51 BANKED LINKER/LOCATER V6.22.2.0                                                  10/21/2022  13:51:34  PAGE 11


LINK/LOCATE RUN COMPLETE.  4 WARNING(S),  0 ERROR(S)
