BL51 BANKED LINKER/LOCATER V6.22.2.0                                                    12/05/2022  18:40:05  PAGE 1


BL51 BANKED LINKER/LOCATER V6.22.2.0, INVOKED BY:
D:\KEIL_V5\C51\BIN\BL51.EXE .\Objects\STARTUP.obj, .\Objects\esimlab8.obj TO .\Objects\esimlab8 PRINT (.\Listings\esimla
>> b8.m51)


MEMORY MODEL: SMALL


INPUT MODULES INCLUDED:
  .\Objects\STARTUP.obj (?C_STARTUP)
  .\Objects\esimlab8.obj (ESIMLAB8)
  D:\KEIL_V5\C51\LIB\C51S.LIB (?C_INIT)


LINK MAP OF MODULE:  .\Objects\esimlab8 (?C_STARTUP)


            TYPE    BASE      LENGTH    RELOCATION   SEGMENT NAME
            -----------------------------------------------------

            * * * * * * *   D A T A   M E M O R Y   * * * * * * *
            REG     0000H     0008H     ABSOLUTE     "REG BANK 0"
            DATA    0008H     000DH     UNIT         ?DT?ESIMLAB8
            IDATA   0015H     0001H     UNIT         ?STACK

            * * * * * * *   C O D E   M E M O R Y   * * * * * * *
            CODE    0000H     0003H     ABSOLUTE     
            CODE    0003H     0015H     UNIT         ?PR?INIT_T1?ESIMLAB8
                    0018H     0003H                  *** GAP ***
            CODE    001BH     0003H     ABSOLUTE     
            CODE    001EH     0014H     UNIT         ?C_INITSEG
                    0032H     0009H                  *** GAP ***
            CODE    003BH     0003H     ABSOLUTE     
            CODE    003EH     00C3H     UNIT         ?PR?MAIN?ESIMLAB8
            CODE    0101H     008CH     UNIT         ?C_C51STARTUP
            CODE    018DH     0037H     UNIT         ?PR?_DELAY_S?ESIMLAB8
            CODE    01C4H     000FH     UNIT         ?PR?INIT_8255?ESIMLAB8
            CODE    01D3H     000DH     UNIT         ?PR?TIMER1?ESIMLAB8



OVERLAY MAP OF MODULE:   .\Objects\esimlab8 (?C_STARTUP)


SEGMENT
  +--> CALLED SEGMENT
---------------------
?C_C51STARTUP
  +--> ?PR?MAIN?ESIMLAB8
  +--> ?C_INITSEG

?PR?MAIN?ESIMLAB8
  +--> ?PR?INIT_8255?ESIMLAB8
  +--> ?PR?INIT_T1?ESIMLAB8
  +--> ?PR?_DELAY_S?ESIMLAB8



BL51 BANKED LINKER/LOCATER V6.22.2.0                                                  12/05/2022  18:40:05  PAGE 2


SYMBOL TABLE OF MODULE:  .\Objects\esimlab8 (?C_STARTUP)

  VALUE           TYPE          NAME
  ----------------------------------

  -------         MODULE        ?C_STARTUP
  C:0101H         SEGMENT       ?C_C51STARTUP
  I:0015H         SEGMENT       ?STACK
  C:0000H         PUBLIC        ?C_STARTUP
  D:00E0H         SYMBOL        ACC
  D:00F0H         SYMBOL        B
  D:0083H         SYMBOL        DPH
  D:0082H         SYMBOL        DPL
  N:0000H         SYMBOL        IBPSTACK
  N:0100H         SYMBOL        IBPSTACKTOP
  N:0080H         SYMBOL        IDATALEN
  C:0104H         SYMBOL        IDATALOOP
  N:0000H         SYMBOL        PBPSTACK
  N:0100H         SYMBOL        PBPSTACKTOP
  N:0000H         SYMBOL        PDATALEN
  N:0000H         SYMBOL        PDATASTART
  N:0000H         SYMBOL        PPAGE
  N:0000H         SYMBOL        PPAGEENABLE
  D:00A0H         SYMBOL        PPAGE_SFR
  D:0081H         SYMBOL        SP
  C:0101H         SYMBOL        STARTUP1
  N:0000H         SYMBOL        XBPSTACK
  N:0000H         SYMBOL        XBPSTACKTOP
  N:0000H         SYMBOL        XDATALEN
  N:0000H         SYMBOL        XDATASTART
  C:0000H         LINE#         126
  C:0101H         LINE#         133
  C:0103H         LINE#         134
  C:0104H         LINE#         135
  C:0105H         LINE#         136
  C:0107H         LINE#         185
  C:010AH         LINE#         196
  -------         ENDMOD        ?C_STARTUP

  -------         MODULE        ESIMLAB8
  C:0000H         SYMBOL        _ICE_DUMMY_
  D:0090H         PUBLIC        P1
  D:00B0H         PUBLIC        P3
  B:00A8H.7       PUBLIC        EA
  D:00A8H         PUBLIC        IE
  D:00B8H         PUBLIC        IP
  C:0003H         PUBLIC        init_T1
  C:003EH         PUBLIC        main
  D:0008H         PUBLIC        total
  D:0009H         PUBLIC        count
  D:0098H         PUBLIC        SCON
  D:0089H         PUBLIC        TMOD
  D:0088H         PUBLIC        TCON
  B:00A8H.3       PUBLIC        ET1
  B:0088H.7       PUBLIC        TF1
  D:008DH         PUBLIC        TH1
  D:008BH         PUBLIC        TL1
BL51 BANKED LINKER/LOCATER V6.22.2.0                                                  12/05/2022  18:40:05  PAGE 3


  C:01D3H         PUBLIC        timer1
  B:0088H.6       PUBLIC        TR1
  D:000AH         PUBLIC        Second
  C:01ABH         PUBLIC        _delay_s
  D:00C8H         PUBLIC        T2CON
  C:01C4H         PUBLIC        init_8255
  C:003BH         PUBLIC        dx516
  D:00D0H         PUBLIC        PSW
  -------         PROC          INIT_8255
  C:01C4H         LINE#         15
  C:01C4H         LINE#         16
  C:01C4H         LINE#         17
  C:01CAH         LINE#         18
  C:01D0H         LINE#         19
  C:01D2H         LINE#         20
  -------         ENDPROC       INIT_8255
  -------         PROC          INIT_T1
  C:0003H         LINE#         23
  C:0003H         LINE#         24
  C:0003H         LINE#         25
  C:0006H         LINE#         26
  C:0009H         LINE#         27
  C:000CH         LINE#         28
  C:000FH         LINE#         29
  C:0011H         LINE#         30
  C:0013H         LINE#         31
  C:0015H         LINE#         32
  C:0017H         LINE#         33
  -------         ENDPROC       INIT_T1
  -------         PROC          L?0029
  -------         ENDPROC       L?0029
  -------         PROC          _DELAY_S
  D:0007H         SYMBOL        t
  C:01ABH         LINE#         39
  C:01ABH         LINE#         40
  C:01ABH         LINE#         41
  C:01ADH         LINE#         42
  C:01B4H         LINE#         43
  C:01B7H         LINE#         44
  C:01B7H         LINE#         45
  C:01B7H         LINE#         46
  C:01BCH         LINE#         47
  C:01BCH         LINE#         48
  C:01BFH         LINE#         49
  C:01C1H         LINE#         50
  C:01C3H         LINE#         52
  C:01C3H         LINE#         53
  C:01C3H         LINE#         54
  -------         ENDPROC       _DELAY_S
  -------         PROC          TIMER1
  C:01D3H         LINE#         56
  C:01D3H         LINE#         58
  C:01D5H         LINE#         59
  C:01D8H         LINE#         60
  C:01DBH         LINE#         61
  C:01DDH         LINE#         62
  C:01DFH         LINE#         63
BL51 BANKED LINKER/LOCATER V6.22.2.0                                                  12/05/2022  18:40:05  PAGE 4


  -------         ENDPROC       TIMER1
  -------         PROC          MAIN
  -------         DO            
  D:0006H         SYMBOL        i
  -------         ENDDO         
  C:003EH         LINE#         65
  C:003EH         LINE#         66
  C:003EH         LINE#         67
  C:0040H         LINE#         68
  C:0043H         LINE#         69
  C:0046H         LINE#         70
  C:0046H         LINE#         71
  C:0046H         LINE#         73
  C:0055H         LINE#         74
  C:0055H         LINE#         75
  C:005EH         LINE#         76
  C:006BH         LINE#         77
  C:006BH         LINE#         78
  C:006EH         LINE#         79
  C:0070H         LINE#         80
  C:0075H         LINE#         81
  C:007BH         LINE#         82
  C:007FH         LINE#         83
  C:007FH         LINE#         84
  C:0081H         LINE#         86
  C:0081H         LINE#         87
  C:0084H         LINE#         88
  C:0088H         LINE#         89
  C:008DH         LINE#         90
  C:008DH         LINE#         91
  C:0090H         LINE#         93
  C:009CH         LINE#         94
  C:009CH         LINE#         95
  C:009CH         LINE#         96
  C:009CH         LINE#         97
  C:009CH         LINE#         98
  C:009CH         LINE#         99
  C:009CH         LINE#         100
  C:009CH         LINE#         101
  C:009FH         LINE#         102
  C:00A2H         LINE#         105
  C:00B1H         LINE#         106
  C:00B1H         LINE#         107
  C:00BAH         LINE#         108
  C:00C7H         LINE#         109
  C:00C7H         LINE#         110
  C:00CAH         LINE#         111
  C:00CCH         LINE#         112
  C:00D1H         LINE#         113
  C:00D7H         LINE#         114
  C:00DBH         LINE#         115
  C:00DBH         LINE#         116
  C:00DDH         LINE#         118
  C:00DDH         LINE#         119
  C:00E0H         LINE#         120
  C:00E4H         LINE#         121
  C:00E9H         LINE#         122
BL51 BANKED LINKER/LOCATER V6.22.2.0                                                  12/05/2022  18:40:05  PAGE 5


  C:00E9H         LINE#         123
  C:00ECH         LINE#         125
  C:00FBH         LINE#         126
  C:00FBH         LINE#         127
  C:00FBH         LINE#         128
  C:00FBH         LINE#         129
  C:00FBH         LINE#         130
  C:00FBH         LINE#         131
  C:00FBH         LINE#         132
  C:00FBH         LINE#         133
  C:00FEH         LINE#         134
  -------         ENDPROC       MAIN
  -------         ENDMOD        ESIMLAB8

Program Size: data=22.0 xdata=0 code=468
LINK/LOCATE RUN COMPLETE.  0 WARNING(S),  0 ERROR(S)
