BL51 BANKED LINKER/LOCATER V6.22.2.0                                                    10/23/2022  19:30:46  PAGE 1


BL51 BANKED LINKER/LOCATER V6.22.2.0, INVOKED BY:
D:\KEIL_V5\C51\BIN\BL51.EXE .\Objects\LCD1602.obj, .\Objects\main.obj, .\Objects\Delay.obj TO .\Objects\test PRINT (.\Li
>> stings\test.m51) RAMSIZE (256)


MEMORY MODEL: SMALL


INPUT MODULES INCLUDED:
  .\Objects\LCD1602.obj (LCD1602)
  .\Objects\main.obj (MAIN)
  .\Objects\Delay.obj (DELAY)
  D:\KEIL_V5\C51\LIB\C51S.LIB (?C_STARTUP)
  D:\KEIL_V5\C51\LIB\C51S.LIB (?C?CLDOPTR)
  D:\KEIL_V5\C51\LIB\C51S.LIB (?C?IMUL)
  D:\KEIL_V5\C51\LIB\C51S.LIB (?C?UIDIV)


LINK MAP OF MODULE:  .\Objects\test (LCD1602)


            TYPE    BASE      LENGTH    RELOCATION   SEGMENT NAME
            -----------------------------------------------------

            * * * * * * *   D A T A   M E M O R Y   * * * * * * *
            REG     0000H     0008H     ABSOLUTE     "REG BANK 0"
            DATA    0008H     000AH     UNIT         _DATA_GROUP_
            DATA    0012H     0008H     UNIT         ?DT?_LCD_SHOWSIGNEDNUM?LCD1602
            DATA    001AH     0007H     UNIT         ?DT?_LCD_SHOWHEXDNUM?LCD1602
            DATA    0021H     0006H     UNIT         ?DT?_LCD_SHOWNUM?LCD1602
            DATA    0027H     0001H     UNIT         ?DT?_LCD_SHOWCHAR?LCD1602
            IDATA   0028H     0001H     UNIT         ?STACK

            * * * * * * *   C O D E   M E M O R Y   * * * * * * *
            CODE    0000H     0003H     ABSOLUTE     
            CODE    0003H     0094H     UNIT         ?C?LIB_CODE
            CODE    0097H     0051H     UNIT         ?PR?_LCD_SHOWSIGNEDNUM?LCD1602
            CODE    00E8H     0051H     UNIT         ?PR?_LCD_SHOWHEXDNUM?LCD1602
            CODE    0139H     0040H     UNIT         ?PR?_LCD_SHOWBINNUM?LCD1602
            CODE    0179H     0040H     UNIT         ?PR?MAIN?MAIN
            CODE    01B9H     0031H     UNIT         ?PR?_LCD_POW?LCD1602
            CODE    01EAH     0027H     UNIT         ?PR?_LCD_SHOWNUM?LCD1602
            CODE    0211H     0026H     UNIT         ?PR?_LCD_SHOWSTRING?LCD1602
            CODE    0237H     001EH     UNIT         ?PR?_LCD_WRITEDATA?LCD1602
            CODE    0255H     0017H     UNIT         ?PR?_LCD_SETCURSOR?LCD1602
            CODE    026CH     0017H     UNIT         ?CO?MAIN
            CODE    0283H     0014H     UNIT         ?PR?LCD_INIT?LCD1602
            CODE    0297H     0014H     UNIT         ?PR?_DELAY?DELAY
            CODE    02ABH     0010H     UNIT         ?PR?LCD_DELAY1MS?LCD1602
            CODE    02BBH     000CH     UNIT         ?C_C51STARTUP
            CODE    02C7H     000AH     UNIT         ?PR?_LCD_WRITECOMMAND?LCD1602
            CODE    02D1H     000AH     UNIT         ?PR?_LCD_SHOWCHAR?LCD1602



OVERLAY MAP OF MODULE:   .\Objects\test (LCD1602)


BL51 BANKED LINKER/LOCATER V6.22.2.0                                                  10/23/2022  19:30:46  PAGE 2


SEGMENT                                  DATA_GROUP 
  +--> CALLED SEGMENT                  START    LENGTH
------------------------------------------------------
?C_C51STARTUP                          -----    -----
  +--> ?PR?MAIN?MAIN

?PR?MAIN?MAIN                          -----    -----
  +--> ?PR?LCD_INIT?LCD1602
  +--> ?CO?MAIN
  +--> ?PR?_LCD_SHOWSTRING?LCD1602
  +--> ?PR?_LCD_SHOWBINNUM?LCD1602
  +--> ?PR?_DELAY?DELAY
  +--> ?PR?_LCD_WRITECOMMAND?LCD1602

?PR?LCD_INIT?LCD1602                   -----    -----
  +--> ?PR?_LCD_WRITECOMMAND?LCD1602

?PR?_LCD_WRITECOMMAND?LCD1602          -----    -----
  +--> ?PR?LCD_DELAY1MS?LCD1602

?PR?_LCD_SHOWSTRING?LCD1602            0008H    0004H
  +--> ?PR?_LCD_SETCURSOR?LCD1602
  +--> ?PR?_LCD_WRITEDATA?LCD1602

?PR?_LCD_SETCURSOR?LCD1602             000EH    0001H
  +--> ?PR?_LCD_WRITECOMMAND?LCD1602

?PR?_LCD_WRITEDATA?LCD1602             -----    -----
  +--> ?PR?LCD_DELAY1MS?LCD1602

?PR?_LCD_SHOWBINNUM?LCD1602            0008H    0006H
  +--> ?PR?_LCD_SETCURSOR?LCD1602
  +--> ?PR?_LCD_POW?LCD1602
  +--> ?PR?_LCD_WRITEDATA?LCD1602

?PR?_LCD_POW?LCD1602                   000EH    0004H



SYMBOL TABLE OF MODULE:  .\Objects\test (LCD1602)

  VALUE           TYPE          NAME
  ----------------------------------

  -------         MODULE        LCD1602
  C:0000H         SYMBOL        _ICE_DUMMY_
  D:0080H         PUBLIC        P0
  D:00A0H         PUBLIC        P2
  C:02C7H         PUBLIC        _LCD_WriteCommand
  C:01EAH         PUBLIC        _LCD_ShowNum
  C:00E8H         PUBLIC        _LCD_ShowHexdNum
  C:0139H         PUBLIC        _LCD_ShowBinNum
  C:02B1H         PUBLIC        LCD_Delay1ms
  C:024BH         PUBLIC        _LCD_WriteData
  C:0283H         PUBLIC        LCD_Init
  C:0211H         PUBLIC        _LCD_ShowString
  C:02D1H         PUBLIC        _LCD_ShowChar
BL51 BANKED LINKER/LOCATER V6.22.2.0                                                  10/23/2022  19:30:46  PAGE 3


  B:00A0H.6       PUBLIC        LCD_RS
  B:00A0H.5       PUBLIC        LCD_RW
  C:0255H         PUBLIC        _LCD_SetCursor
  C:0097H         PUBLIC        _LCD_ShowSignedNum
  C:01C3H         PUBLIC        _LCD_Pow
  B:00A0H.7       PUBLIC        LCD_E
  -------         PROC          _LCD_WRITECOMMAND
  D:0007H         SYMBOL        Command
  C:02C7H         LINE#         12
  C:02C7H         LINE#         13
  C:02C7H         LINE#         14
  C:02C9H         LINE#         15
  C:02C9H         LINE#         16
  C:02C9H         LINE#         17
  C:02C9H         LINE#         18
  C:02CCH         LINE#         19
  C:02CEH         LINE#         20
  -------         ENDPROC       _LCD_WRITECOMMAND
  -------         PROC          L?0045
  -------         ENDPROC       L?0045
  -------         PROC          _LCD_WRITEDATA
  D:0007H         SYMBOL        Data
  C:024BH         LINE#         23
  C:024BH         LINE#         24
  C:024BH         LINE#         25
  C:024DH         LINE#         26
  C:024DH         LINE#         27
  C:024DH         LINE#         28
  C:024DH         LINE#         29
  C:0250H         LINE#         30
  C:0252H         LINE#         31
  -------         ENDPROC       _LCD_WRITEDATA
  -------         PROC          LCD_INIT
  C:0283H         LINE#         34
  C:0283H         LINE#         35
  C:0283H         LINE#         36
  C:0288H         LINE#         37
  C:028DH         LINE#         38
  C:0292H         LINE#         39
  -------         ENDPROC       LCD_INIT
  -------         PROC          _LCD_SHOWCHAR
  D:0007H         SYMBOL        Line
  D:0005H         SYMBOL        Colum
  D:0027H         SYMBOL        Char
  C:02D1H         LINE#         47
  C:02D3H         LINE#         48
  C:02D3H         LINE#         49
  C:02D6H         LINE#         50
  -------         ENDPROC       _LCD_SHOWCHAR
  -------         PROC          _LCD_SHOWSTRING
  D:0007H         SYMBOL        Line
  D:0005H         SYMBOL        Colum
  D:0008H         SYMBOL        String
  -------         DO            
  D:000BH         SYMBOL        i
  -------         ENDDO         
  C:0211H         LINE#         58
BL51 BANKED LINKER/LOCATER V6.22.2.0                                                  10/23/2022  19:30:46  PAGE 4


  C:0217H         LINE#         59
  C:0217H         LINE#         61
  C:021AH         LINE#         62
  C:022FH         LINE#         63
  C:022FH         LINE#         64
  C:0232H         LINE#         65
  C:0236H         LINE#         66
  -------         ENDPROC       _LCD_SHOWSTRING
  -------         PROC          L?0044
  -------         ENDPROC       L?0044
  -------         PROC          _LCD_POW
  D:000EH         SYMBOL        x
  D:0010H         SYMBOL        y
  -------         DO            
  D:0003H         SYMBOL        i
  D:0006H         SYMBOL        result
  -------         ENDDO         
  C:01C3H         LINE#         73
  C:01CBH         LINE#         74
  C:01CBH         LINE#         76
  C:01CFH         LINE#         77
  C:01DFH         LINE#         78
  C:01DFH         LINE#         79
  C:01E6H         LINE#         80
  C:01E9H         LINE#         81
  C:01E9H         LINE#         82
  -------         ENDPROC       _LCD_POW
  -------         PROC          _LCD_SHOWNUM
  D:0007H         SYMBOL        Line
  D:0005H         SYMBOL        Colum
  D:0023H         SYMBOL        Number
  D:0025H         SYMBOL        Lenght
  -------         DO            
  D:0026H         SYMBOL        i
  -------         ENDDO         
  C:01EAH         LINE#         89
  C:01EEH         LINE#         90
  C:01EEH         LINE#         92
  C:01F1H         LINE#         93
  C:0202H         LINE#         94
  C:0202H         LINE#         95
  C:020CH         LINE#         96
  C:0210H         LINE#         97
  -------         ENDPROC       _LCD_SHOWNUM
  -------         PROC          _LCD_SHOWSIGNEDNUM
  D:0007H         SYMBOL        Line
  D:0005H         SYMBOL        Colum
  D:0014H         SYMBOL        Number
  D:0016H         SYMBOL        Lenght
  -------         DO            
  D:0017H         SYMBOL        i
  D:0018H         SYMBOL        Num
  -------         ENDDO         
  C:0097H         LINE#         104
  C:009BH         LINE#         105
  C:009BH         LINE#         108
  C:009EH         LINE#         109
BL51 BANKED LINKER/LOCATER V6.22.2.0                                                  10/23/2022  19:30:46  PAGE 5


  C:00ABH         LINE#         110
  C:00ABH         LINE#         111
  C:00B0H         LINE#         112
  C:00B6H         LINE#         113
  C:00B8H         LINE#         115
  C:00B8H         LINE#         116
  C:00BDH         LINE#         117
  C:00C8H         LINE#         118
  C:00C8H         LINE#         119
  C:00D9H         LINE#         120
  C:00D9H         LINE#         121
  C:00E3H         LINE#         122
  C:00E7H         LINE#         123
  -------         ENDPROC       _LCD_SHOWSIGNEDNUM
  -------         PROC          _LCD_SHOWBINNUM
  D:0007H         SYMBOL        Line
  D:0005H         SYMBOL        Colum
  D:000AH         SYMBOL        Number
  D:000CH         SYMBOL        Lenght
  -------         DO            
  D:000DH         SYMBOL        i
  -------         ENDDO         
  C:0139H         LINE#         130
  C:013DH         LINE#         131
  C:013DH         LINE#         133
  C:0140H         LINE#         134
  C:0151H         LINE#         135
  C:0151H         LINE#         136
  C:0174H         LINE#         137
  C:0178H         LINE#         138
  -------         ENDPROC       _LCD_SHOWBINNUM
  -------         PROC          _LCD_SHOWHEXDNUM
  D:0007H         SYMBOL        Line
  D:0005H         SYMBOL        Colum
  D:001CH         SYMBOL        Number
  D:001EH         SYMBOL        Lenght
  -------         DO            
  D:001FH         SYMBOL        i
  D:0020H         SYMBOL        SingleNumber
  -------         ENDDO         
  C:00E8H         LINE#         145
  C:00ECH         LINE#         146
  C:00ECH         LINE#         149
  C:00EFH         LINE#         151
  C:0100H         LINE#         152
  C:0100H         LINE#         153
  C:011FH         LINE#         154
  C:012AH         LINE#         155
  C:012AH         LINE#         156
  C:012CH         LINE#         157
  C:012EH         LINE#         159
  C:012EH         LINE#         160
  C:0134H         LINE#         161
  C:0134H         LINE#         162
  C:0138H         LINE#         163
  -------         ENDPROC       _LCD_SHOWHEXDNUM
  -------         PROC          _LCD_SETCURSOR
BL51 BANKED LINKER/LOCATER V6.22.2.0                                                  10/23/2022  19:30:46  PAGE 6


  D:0007H         SYMBOL        Line
  D:000EH         SYMBOL        Colum
  C:0255H         LINE#         171
  C:0257H         LINE#         172
  C:0257H         LINE#         173
  C:025CH         LINE#         174
  C:025CH         LINE#         175
  C:025FH         LINE#         176
  C:0261H         LINE#         178
  C:0261H         LINE#         179
  C:026BH         LINE#         180
  C:026BH         LINE#         181
  -------         ENDPROC       _LCD_SETCURSOR
  -------         PROC          L?0046
  -------         ENDPROC       L?0046
  -------         PROC          LCD_DELAY1MS
  -------         DO            
  D:0007H         SYMBOL        i
  D:0006H         SYMBOL        j
  -------         ENDDO         
  C:02B1H         LINE#         185
  C:02B1H         LINE#         186
  C:02B1H         LINE#         189
  C:02B2H         LINE#         190
  C:02B4H         LINE#         191
  C:02B6H         LINE#         193
  C:02B6H         LINE#         194
  C:02B8H         LINE#         195
  C:02BAH         LINE#         196
  -------         ENDPROC       LCD_DELAY1MS
  -------         ENDMOD        LCD1602

  -------         MODULE        MAIN
  C:0000H         SYMBOL        _ICE_DUMMY_
  C:0179H         PUBLIC        main
  -------         PROC          MAIN
  C:0179H         LINE#         5
  C:0179H         LINE#         6
  C:017CH         LINE#         8
  C:0189H         LINE#         9
  C:0197H         LINE#         10
  C:01A4H         LINE#         11
  C:01A4H         LINE#         12
  C:01ABH         LINE#         13
  C:01B0H         LINE#         14
  C:01B7H         LINE#         16
  -------         ENDPROC       MAIN
  -------         ENDMOD        MAIN

  -------         MODULE        DELAY
  C:0000H         SYMBOL        _ICE_DUMMY_
  C:0297H         PUBLIC        _Delay
  -------         PROC          _DELAY
  D:0006H         SYMBOL        t
  -------         DO            
  D:0005H         SYMBOL        i
  D:0004H         SYMBOL        j
BL51 BANKED LINKER/LOCATER V6.22.2.0                                                  10/23/2022  19:30:46  PAGE 7


  -------         ENDDO         
  C:0297H         LINE#         2
  C:0297H         LINE#         3
  C:0297H         LINE#         6
  C:029BH         LINE#         7
  C:029DH         LINE#         8
  C:029FH         LINE#         10
  C:029FH         LINE#         11
  C:02A1H         LINE#         12
  C:02A3H         LINE#         13
  C:02A8H         LINE#         14
  C:02AAH         LINE#         17
  -------         ENDPROC       _DELAY
  -------         ENDMOD        DELAY

  -------         MODULE        ?C?CLDOPTR
  C:0003H         PUBLIC        ?C?CLDOPTR
  -------         ENDMOD        ?C?CLDOPTR

  -------         MODULE        ?C?IMUL
  C:0030H         PUBLIC        ?C?IMUL
  -------         ENDMOD        ?C?IMUL

  -------         MODULE        ?C?UIDIV
  C:0042H         PUBLIC        ?C?UIDIV
  -------         ENDMOD        ?C?UIDIV

*** WARNING L16: UNCALLED SEGMENT, IGNORED FOR OVERLAY PROCESS
    SEGMENT: ?PR?_LCD_SHOWCHAR?LCD1602

*** WARNING L16: UNCALLED SEGMENT, IGNORED FOR OVERLAY PROCESS
    SEGMENT: ?PR?_LCD_SHOWNUM?LCD1602

*** WARNING L16: UNCALLED SEGMENT, IGNORED FOR OVERLAY PROCESS
    SEGMENT: ?PR?_LCD_SHOWSIGNEDNUM?LCD1602

*** WARNING L16: UNCALLED SEGMENT, IGNORED FOR OVERLAY PROCESS
    SEGMENT: ?PR?_LCD_SHOWHEXDNUM?LCD1602

Program Size: data=41.0 xdata=0 code=731
LINK/LOCATE RUN COMPLETE.  4 WARNING(S),  0 ERROR(S)
