BL51 BANKED LINKER/LOCATER V6.22.2.0                                                    10/02/2022  22:41:34  PAGE 1


BL51 BANKED LINKER/LOCATER V6.22.2.0, INVOKED BY:
D:\KEIL_V5\C51\BIN\BL51.EXE .\Objects\main.obj TO .\Objects\test PRINT (.\Listings\test.m51) RAMSIZE (256)


MEMORY MODEL: SMALL


INPUT MODULES INCLUDED:
  .\Objects\main.obj (MAIN)
  D:\KEIL_V5\C51\LIB\C51S.LIB (?C_STARTUP)
  D:\KEIL_V5\C51\LIB\C51S.LIB (?C_INIT)


LINK MAP OF MODULE:  .\Objects\test (MAIN)


            TYPE    BASE      LENGTH    RELOCATION   SEGMENT NAME
            -----------------------------------------------------

            * * * * * * *   D A T A   M E M O R Y   * * * * * * *
            REG     0000H     0008H     ABSOLUTE     "REG BANK 0"
            DATA    0008H     000AH     UNIT         ?DT?MAIN
            IDATA   0012H     0001H     UNIT         ?STACK

            * * * * * * *   C O D E   M E M O R Y   * * * * * * *
            CODE    0000H     0003H     ABSOLUTE     
            CODE    0003H     008CH     UNIT         ?C_C51STARTUP
            CODE    008FH     006DH     UNIT         ?PR?_SHU?MAIN
            CODE    00FCH     001DH     UNIT         ?PR?MAIN?MAIN
            CODE    0119H     0014H     UNIT         ?PR?_DELAY?MAIN
            CODE    012DH     000DH     UNIT         ?C_INITSEG



OVERLAY MAP OF MODULE:   .\Objects\test (MAIN)


SEGMENT
  +--> CALLED SEGMENT
---------------------
?C_C51STARTUP
  +--> ?PR?MAIN?MAIN
  +--> ?C_INITSEG

?PR?MAIN?MAIN
  +--> ?PR?_SHU?MAIN

?PR?_SHU?MAIN
  +--> ?PR?_DELAY?MAIN



SYMBOL TABLE OF MODULE:  .\Objects\test (MAIN)

  VALUE           TYPE          NAME
  ----------------------------------

  -------         MODULE        MAIN
BL51 BANKED LINKER/LOCATER V6.22.2.0                                                  10/02/2022  22:41:34  PAGE 2


  C:0000H         SYMBOL        _ICE_DUMMY_
  D:0080H         PUBLIC        P0
  B:00A0H.2       PUBLIC        P2_2
  B:00A0H.3       PUBLIC        P2_3
  B:00A0H.4       PUBLIC        P2_4
  C:00FCH         PUBLIC        main
  C:008FH         PUBLIC        _Shu
  D:0008H         PUBLIC        Number
  C:0119H         PUBLIC        _Delay
  -------         PROC          MAIN
  C:00FCH         LINE#         8
  C:00FCH         LINE#         9
  C:00FCH         LINE#         10
  C:0105H         LINE#         12
  C:010EH         LINE#         14
  C:0117H         LINE#         16
  -------         ENDPROC       MAIN
  -------         PROC          _SHU
  D:0007H         SYMBOL        location
  D:0004H         SYMBOL        number
  C:008FH         LINE#         19
  C:008FH         LINE#         20
  C:00BCH         LINE#         21
  C:00C0H         LINE#         22
  C:00C4H         LINE#         23
  C:00C8H         LINE#         24
  C:00CCH         LINE#         25
  C:00D4H         LINE#         26
  C:00DCH         LINE#         27
  C:00E4H         LINE#         28
  C:00EAH         LINE#         29
  C:00EAH         LINE#         30
  C:00F1H         LINE#         31
  C:00F8H         LINE#         32
  C:00FBH         LINE#         33
  -------         ENDPROC       _SHU
  -------         PROC          _DELAY
  D:0006H         SYMBOL        t
  -------         DO            
  D:0005H         SYMBOL        i
  D:0004H         SYMBOL        j
  -------         ENDDO         
  C:0119H         LINE#         34
  C:0119H         LINE#         35
  C:0119H         LINE#         38
  C:011DH         LINE#         39
  C:011FH         LINE#         40
  C:0121H         LINE#         42
  C:0121H         LINE#         43
  C:0123H         LINE#         44
  C:0125H         LINE#         45
  C:012AH         LINE#         46
  C:012CH         LINE#         49
  -------         ENDPROC       _DELAY
  -------         ENDMOD        MAIN

Program Size: data=19.0 xdata=0 code=314
BL51 BANKED LINKER/LOCATER V6.22.2.0                                                  10/02/2022  22:41:34  PAGE 3


LINK/LOCATE RUN COMPLETE.  0 WARNING(S),  0 ERROR(S)
