BL51 BANKED LINKER/LOCATER V6.22.2.0                                                    10/02/2022  23:33:29  PAGE 1


BL51 BANKED LINKER/LOCATER V6.22.2.0, INVOKED BY:
D:\KEIL_V5\C51\BIN\BL51.EXE .\Objects\main.obj, .\Objects\Delay.obj, .\Objects\Shu.obj TO .\Objects\test PRINT (.\Listin
>> gs\test.m51) RAMSIZE (256)


MEMORY MODEL: SMALL


INPUT MODULES INCLUDED:
  .\Objects\main.obj (MAIN)
  .\Objects\Delay.obj (DELAY)
  .\Objects\Shu.obj (SHU)
  D:\KEIL_V5\C51\LIB\C51S.LIB (?C_STARTUP)
  D:\KEIL_V5\C51\LIB\C51S.LIB (?C_INIT)


LINK MAP OF MODULE:  .\Objects\test (MAIN)


            TYPE    BASE      LENGTH    RELOCATION   SEGMENT NAME
            -----------------------------------------------------

            * * * * * * *   D A T A   M E M O R Y   * * * * * * *
            REG     0000H     0008H     ABSOLUTE     "REG BANK 0"
            DATA    0008H     000AH     UNIT         ?DT?SHU
            IDATA   0012H     0001H     UNIT         ?STACK

            * * * * * * *   C O D E   M E M O R Y   * * * * * * *
            CODE    0000H     0003H     ABSOLUTE     
            CODE    0003H     008CH     UNIT         ?C_C51STARTUP
            CODE    008FH     006DH     UNIT         ?PR?_SHU?SHU
            CODE    00FCH     0038H     UNIT         ?PR?MAIN?MAIN
            CODE    0134H     0014H     UNIT         ?PR?_DELAY?DELAY
            CODE    0148H     000DH     UNIT         ?C_INITSEG



OVERLAY MAP OF MODULE:   .\Objects\test (MAIN)


SEGMENT
  +--> CALLED SEGMENT
---------------------
?C_C51STARTUP
  +--> ?PR?MAIN?MAIN
  +--> ?C_INITSEG

?PR?MAIN?MAIN
  +--> ?PR?_SHU?SHU

?PR?_SHU?SHU
  +--> ?PR?_DELAY?DELAY



SYMBOL TABLE OF MODULE:  .\Objects\test (MAIN)

  VALUE           TYPE          NAME
BL51 BANKED LINKER/LOCATER V6.22.2.0                                                  10/02/2022  23:33:29  PAGE 2


  ----------------------------------

  -------         MODULE        MAIN
  C:0000H         SYMBOL        _ICE_DUMMY_
  C:00FCH         PUBLIC        main
  -------         PROC          MAIN
  C:00FCH         LINE#         5
  C:00FCH         LINE#         6
  C:00FCH         LINE#         8
  C:0105H         LINE#         9
  C:010EH         LINE#         10
  C:0117H         LINE#         11
  C:0120H         LINE#         12
  C:0129H         LINE#         13
  C:0132H         LINE#         14
  -------         ENDPROC       MAIN
  -------         ENDMOD        MAIN

  -------         MODULE        DELAY
  C:0000H         SYMBOL        _ICE_DUMMY_
  C:0134H         PUBLIC        _Delay
  -------         PROC          _DELAY
  D:0006H         SYMBOL        t
  -------         DO            
  D:0005H         SYMBOL        i
  D:0004H         SYMBOL        j
  -------         ENDDO         
  C:0134H         LINE#         2
  C:0134H         LINE#         3
  C:0134H         LINE#         6
  C:0138H         LINE#         7
  C:013AH         LINE#         8
  C:013CH         LINE#         10
  C:013CH         LINE#         11
  C:013EH         LINE#         12
  C:0140H         LINE#         13
  C:0145H         LINE#         14
  C:0147H         LINE#         17
  -------         ENDPROC       _DELAY
  -------         ENDMOD        DELAY

  -------         MODULE        SHU
  C:0000H         SYMBOL        _ICE_DUMMY_
  D:0080H         PUBLIC        P0
  B:00A0H.2       PUBLIC        P2_2
  B:00A0H.3       PUBLIC        P2_3
  B:00A0H.4       PUBLIC        P2_4
  C:008FH         PUBLIC        _Shu
  D:0008H         PUBLIC        Number
  -------         PROC          _SHU
  D:0007H         SYMBOL        location
  D:0004H         SYMBOL        number
  C:008FH         LINE#         6
  C:008FH         LINE#         7
  C:00BCH         LINE#         8
  C:00C0H         LINE#         9
  C:00C4H         LINE#         10
BL51 BANKED LINKER/LOCATER V6.22.2.0                                                  10/02/2022  23:33:29  PAGE 3


  C:00C8H         LINE#         11
  C:00CCH         LINE#         12
  C:00D4H         LINE#         13
  C:00DCH         LINE#         14
  C:00E4H         LINE#         15
  C:00EAH         LINE#         16
  C:00EAH         LINE#         17
  C:00F1H         LINE#         18
  C:00F8H         LINE#         19
  C:00FBH         LINE#         20
  -------         ENDPROC       _SHU
  -------         ENDMOD        SHU

Program Size: data=19.0 xdata=0 code=341
LINK/LOCATE RUN COMPLETE.  0 WARNING(S),  0 ERROR(S)
