BL51 BANKED LINKER/LOCATER V6.22.2.0                                                    10/11/2022  16:09:56  PAGE 1


BL51 BANKED LINKER/LOCATER V6.22.2.0, INVOKED BY:
D:\KEIL_V5\C51\BIN\BL51.EXE .\Objects\main.obj, .\Objects\Delay.obj TO .\Objects\test PRINT (.\Listings\test.m51) RAMSIZ
>> E (256)


MEMORY MODEL: SMALL


INPUT MODULES INCLUDED:
  .\Objects\main.obj (MAIN)
  .\Objects\Delay.obj (DELAY)
  D:\KEIL_V5\C51\LIB\C51S.LIB (?C_STARTUP)


LINK MAP OF MODULE:  .\Objects\test (MAIN)


            TYPE    BASE      LENGTH    RELOCATION   SEGMENT NAME
            -----------------------------------------------------

            * * * * * * *   D A T A   M E M O R Y   * * * * * * *
            REG     0000H     0008H     ABSOLUTE     "REG BANK 0"
            IDATA   0008H     0001H     UNIT         ?STACK

            * * * * * * *   C O D E   M E M O R Y   * * * * * * *
            CODE    0000H     0003H     ABSOLUTE     
            CODE    0003H     004EH     UNIT         ?PR?MAIN?MAIN
            CODE    0051H     0036H     UNIT         ?PR?__74HC595_WRITEBYTE?MAIN
            CODE    0087H     0022H     UNIT         ?PR?_LED?MAIN
            CODE    00A9H     0014H     UNIT         ?PR?_DELAY?DELAY
            CODE    00BDH     000CH     UNIT         ?C_C51STARTUP



OVERLAY MAP OF MODULE:   .\Objects\test (MAIN)


SEGMENT
  +--> CALLED SEGMENT
---------------------
?C_C51STARTUP
  +--> ?PR?MAIN?MAIN

?PR?MAIN?MAIN
  +--> ?PR?_LED?MAIN

?PR?_LED?MAIN
  +--> ?PR?__74HC595_WRITEBYTE?MAIN
  +--> ?PR?_DELAY?DELAY



SYMBOL TABLE OF MODULE:  .\Objects\test (MAIN)

  VALUE           TYPE          NAME
  ----------------------------------

  -------         MODULE        MAIN
BL51 BANKED LINKER/LOCATER V6.22.2.0                                                  10/11/2022  16:09:56  PAGE 2


  C:0000H         SYMBOL        _ICE_DUMMY_
  D:0080H         PUBLIC        P0
  C:0051H         PUBLIC        __74HC595_WriteByte
  D:00B0H         PUBLIC        P3
  C:0003H         PUBLIC        main
  C:0087H         PUBLIC        _LED
  B:00B0H.5       PUBLIC        RCK
  B:00B0H.6       PUBLIC        SCK
  B:00B0H.4       PUBLIC        SER
  -------         PROC          __74HC595_WRITEBYTE
  D:0005H         SYMBOL        byet
  -------         DO            
  D:0003H         SYMBOL        i
  -------         ENDDO         
  C:0051H         LINE#         14
  C:0053H         LINE#         17
  C:005FH         LINE#         18
  C:007BH         LINE#         19
  C:007DH         LINE#         20
  C:007FH         LINE#         21
  C:0082H         LINE#         22
  C:0084H         LINE#         23
  C:0086H         LINE#         24
  -------         ENDPROC       __74HC595_WRITEBYTE
  -------         PROC          _LED
  D:0002H         SYMBOL        Column
  D:0004H         SYMBOL        Data
  C:0087H         LINE#         32
  C:0089H         LINE#         33
  C:008EH         LINE#         34
  C:009EH         LINE#         35
  C:00A5H         LINE#         36
  C:00A8H         LINE#         37
  -------         ENDPROC       _LED
  -------         PROC          MAIN
  C:0003H         LINE#         39
  C:0003H         LINE#         40
  C:0005H         LINE#         41
  C:0007H         LINE#         43
  C:0007H         LINE#         44
  C:0010H         LINE#         45
  C:0019H         LINE#         46
  C:0022H         LINE#         47
  C:002BH         LINE#         48
  C:0034H         LINE#         49
  C:003DH         LINE#         50
  C:0046H         LINE#         51
  C:004FH         LINE#         52
  -------         ENDPROC       MAIN
  -------         ENDMOD        MAIN

  -------         MODULE        DELAY
  C:0000H         SYMBOL        _ICE_DUMMY_
  C:00A9H         PUBLIC        _Delay
  -------         PROC          _DELAY
  D:0006H         SYMBOL        t
  -------         DO            
BL51 BANKED LINKER/LOCATER V6.22.2.0                                                  10/11/2022  16:09:56  PAGE 3


  D:0005H         SYMBOL        i
  D:0004H         SYMBOL        j
  -------         ENDDO         
  C:00A9H         LINE#         2
  C:00A9H         LINE#         3
  C:00A9H         LINE#         6
  C:00ADH         LINE#         7
  C:00AFH         LINE#         8
  C:00B1H         LINE#         10
  C:00B1H         LINE#         11
  C:00B3H         LINE#         12
  C:00B5H         LINE#         13
  C:00BAH         LINE#         14
  C:00BCH         LINE#         17
  -------         ENDPROC       _DELAY
  -------         ENDMOD        DELAY

Program Size: data=9.0 xdata=0 code=201
LINK/LOCATE RUN COMPLETE.  0 WARNING(S),  0 ERROR(S)
