BL51 BANKED LINKER/LOCATER V6.22.2.0                                                    10/18/2022  19:04:20  PAGE 1


BL51 BANKED LINKER/LOCATER V6.22.2.0, INVOKED BY:
D:\KEIL_V5\C51\BIN\BL51.EXE .\Objects\main.obj, .\Objects\Delay.obj, .\Objects\Key.obj, .\Objects\LCD1602.obj, .\Objects
>> \AT24C02.obj, .\Objects\I2C.obj TO .\Objects\test PRINT (.\Listings\test.m51) RAMSIZE (256)


MEMORY MODEL: SMALL


INPUT MODULES INCLUDED:
  .\Objects\main.obj (MAIN)
  .\Objects\Delay.obj (DELAY)
  .\Objects\Key.obj (KEY)
  .\Objects\LCD1602.obj (LCD1602)
  .\Objects\AT24C02.obj (AT24C02)
  .\Objects\I2C.obj (I2C)
  D:\KEIL_V5\C51\LIB\C51S.LIB (?C_STARTUP)
  D:\KEIL_V5\C51\LIB\C51S.LIB (?C?CLDOPTR)
  D:\KEIL_V5\C51\LIB\C51S.LIB (?C?IMUL)
  D:\KEIL_V5\C51\LIB\C51S.LIB (?C?UIDIV)


LINK MAP OF MODULE:  .\Objects\test (MAIN)


            TYPE    BASE      LENGTH    RELOCATION   SEGMENT NAME
            -----------------------------------------------------

            * * * * * * *   D A T A   M E M O R Y   * * * * * * *
            REG     0000H     0008H     ABSOLUTE     "REG BANK 0"
            DATA    0008H     0009H     UNIT         _DATA_GROUP_
            DATA    0011H     0007H     UNIT         ?DT?_LCD_SHOWSIGNEDNUM?LCD1602
            DATA    0018H     0005H     UNIT         ?DT?_LCD_SHOWHEXNUM?LCD1602
            DATA    001DH     0005H     UNIT         ?DT?_LCD_SHOWBINNUM?LCD1602
            DATA    0022H     0003H     UNIT         ?DT?MAIN
            IDATA   0025H     0001H     UNIT         ?STACK

            * * * * * * *   C O D E   M E M O R Y   * * * * * * *
            CODE    0000H     0003H     ABSOLUTE     
            CODE    0003H     00D8H     UNIT         ?PR?MAIN?MAIN
            CODE    00DBH     0094H     UNIT         ?C?LIB_CODE
            CODE    016FH     0061H     UNIT         ?PR?KEY?KEY
            CODE    01D0H     004BH     UNIT         ?PR?_LCD_SHOWHEXNUM?LCD1602
            CODE    021BH     004AH     UNIT         ?PR?_LCD_SHOWSIGNEDNUM?LCD1602
            CODE    0265H     003DH     UNIT         ?PR?_LCD_SHOWBINNUM?LCD1602
            CODE    02A2H     0032H     UNIT         ?PR?_I2C_SENDBYTE?I2C
            CODE    02D4H     0031H     UNIT         ?PR?_LCD_POW?LCD1602
            CODE    0305H     0030H     UNIT         ?PR?_AT24C02_READBYTE?AT24C02
            CODE    0335H     0026H     UNIT         ?PR?I2C_RECEIVEBYTE?I2C
            CODE    035BH     0024H     UNIT         ?PR?_LCD_SHOWNUM?LCD1602
            CODE    037FH     0024H     UNIT         ?PR?_AT24C02_WRITEBYTE?AT24C02
            CODE    03A3H     0023H     UNIT         ?PR?_LCD_SHOWSTRING?LCD1602
            CODE    03C6H     001EH     UNIT         ?PR?_LCD_WRITEDATA?LCD1602
            CODE    03E4H     001EH     UNIT         ?PR?_LCD_SETCURSOR?LCD1602
            CODE    0402H     001BH     UNIT         ?CO?MAIN
            CODE    041DH     0014H     UNIT         ?PR?_DELAY?DELAY
            CODE    0431H     0014H     UNIT         ?PR?LCD_INIT?LCD1602
            CODE    0445H     000FH     UNIT         ?PR?LCD_DELAY?LCD1602
            CODE    0454H     000CH     UNIT         ?PR?I2C_RECEIVEACK?I2C
BL51 BANKED LINKER/LOCATER V6.22.2.0                                                  10/18/2022  19:04:20  PAGE 2


            CODE    0460H     000CH     UNIT         ?C_C51STARTUP
            CODE    046CH     000AH     UNIT         ?PR?_LCD_WRITECOMMAND?LCD1602
            CODE    0476H     000AH     UNIT         ?PR?_LCD_SHOWCHAR?LCD1602
            CODE    0480H     000AH     UNIT         ?PR?_I2C_SENDACK?I2C
            CODE    048AH     0009H     UNIT         ?PR?I2C_START?I2C
            CODE    0493H     0007H     UNIT         ?PR?I2C_STOP?I2C



OVERLAY MAP OF MODULE:   .\Objects\test (MAIN)


SEGMENT                                  DATA_GROUP 
  +--> CALLED SEGMENT                  START    LENGTH
------------------------------------------------------
?C_C51STARTUP                          -----    -----
  +--> ?PR?MAIN?MAIN

?PR?MAIN?MAIN                          -----    -----
  +--> ?PR?LCD_INIT?LCD1602
  +--> ?PR?KEY?KEY
  +--> ?PR?_LCD_SHOWNUM?LCD1602
  +--> ?PR?_AT24C02_WRITEBYTE?AT24C02
  +--> ?PR?_DELAY?DELAY
  +--> ?CO?MAIN
  +--> ?PR?_LCD_SHOWSTRING?LCD1602
  +--> ?PR?_AT24C02_READBYTE?AT24C02

?PR?LCD_INIT?LCD1602                   -----    -----
  +--> ?PR?_LCD_WRITECOMMAND?LCD1602

?PR?_LCD_WRITECOMMAND?LCD1602          -----    -----
  +--> ?PR?LCD_DELAY?LCD1602

?PR?KEY?KEY                            0008H    0001H
  +--> ?PR?_DELAY?DELAY

?PR?_LCD_SHOWNUM?LCD1602               0008H    0005H
  +--> ?PR?_LCD_SETCURSOR?LCD1602
  +--> ?PR?_LCD_POW?LCD1602
  +--> ?PR?_LCD_WRITEDATA?LCD1602

?PR?_LCD_SETCURSOR?LCD1602             -----    -----
  +--> ?PR?_LCD_WRITECOMMAND?LCD1602

?PR?_LCD_POW?LCD1602                   000DH    0004H

?PR?_LCD_WRITEDATA?LCD1602             -----    -----
  +--> ?PR?LCD_DELAY?LCD1602

?PR?_AT24C02_WRITEBYTE?AT24C02         0008H    0003H
  +--> ?PR?I2C_START?I2C
  +--> ?PR?_I2C_SENDBYTE?I2C
  +--> ?PR?I2C_RECEIVEACK?I2C
  +--> ?PR?I2C_STOP?I2C

?PR?_LCD_SHOWSTRING?LCD1602            0008H    0003H
BL51 BANKED LINKER/LOCATER V6.22.2.0                                                  10/18/2022  19:04:20  PAGE 3


  +--> ?PR?_LCD_SETCURSOR?LCD1602
  +--> ?PR?_LCD_WRITEDATA?LCD1602

?PR?_AT24C02_READBYTE?AT24C02          0008H    0002H
  +--> ?PR?I2C_START?I2C
  +--> ?PR?_I2C_SENDBYTE?I2C
  +--> ?PR?I2C_RECEIVEACK?I2C
  +--> ?PR?I2C_RECEIVEBYTE?I2C
  +--> ?PR?_I2C_SENDACK?I2C
  +--> ?PR?I2C_STOP?I2C



SYMBOL TABLE OF MODULE:  .\Objects\test (MAIN)

  VALUE           TYPE          NAME
  ----------------------------------

  -------         MODULE        MAIN
  C:0000H         SYMBOL        _ICE_DUMMY_
  C:0003H         PUBLIC        main
  D:0022H         PUBLIC        Num
  D:0024H         PUBLIC        KeyNum
  -------         PROC          MAIN
  C:0003H         LINE#         10
  C:0003H         LINE#         12
  C:0006H         LINE#         13
  C:0008H         LINE#         15
  C:0008H         LINE#         16
  C:000DH         LINE#         17
  C:0012H         LINE#         18
  C:001AH         LINE#         19
  C:001EH         LINE#         20
  C:0020H         LINE#         21
  C:0026H         LINE#         22
  C:002EH         LINE#         23
  C:003CH         LINE#         24
  C:003EH         LINE#         25
  C:0044H         LINE#         26
  C:004BH         LINE#         27
  C:0052H         LINE#         28
  C:005CH         LINE#         29
  C:0063H         LINE#         30
  C:0070H         LINE#         31
  C:0077H         LINE#         32
  C:0084H         LINE#         33
  C:0086H         LINE#         34
  C:008FH         LINE#         35
  C:0098H         LINE#         36
  C:00A2H         LINE#         37
  C:00A9H         LINE#         38
  C:00B7H         LINE#         39
  C:00C4H         LINE#         40
  C:00CBH         LINE#         41
  C:00D8H         LINE#         42
  C:00D8H         LINE#         43
  -------         ENDPROC       MAIN
BL51 BANKED LINKER/LOCATER V6.22.2.0                                                  10/18/2022  19:04:20  PAGE 4


  -------         ENDMOD        MAIN

  -------         MODULE        DELAY
  C:0000H         SYMBOL        _ICE_DUMMY_
  C:041DH         PUBLIC        _Delay
  -------         PROC          _DELAY
  D:0006H         SYMBOL        t
  -------         DO            
  D:0005H         SYMBOL        i
  D:0004H         SYMBOL        j
  -------         ENDDO         
  C:041DH         LINE#         2
  C:041DH         LINE#         3
  C:041DH         LINE#         6
  C:0421H         LINE#         7
  C:0423H         LINE#         8
  C:0425H         LINE#         10
  C:0425H         LINE#         11
  C:0427H         LINE#         12
  C:0429H         LINE#         13
  C:042EH         LINE#         14
  C:0430H         LINE#         17
  -------         ENDPROC       _DELAY
  -------         ENDMOD        DELAY

  -------         MODULE        KEY
  C:0000H         SYMBOL        _ICE_DUMMY_
  B:00B0H.0       PUBLIC        P3_0
  B:00B0H.1       PUBLIC        P3_1
  B:00B0H.2       PUBLIC        P3_2
  B:00B0H.3       PUBLIC        P3_3
  C:016FH         PUBLIC        Key
  -------         PROC          KEY
  -------         DO            
  D:0008H         SYMBOL        KeyNumber
  -------         ENDDO         
  C:016FH         LINE#         10
  C:016FH         LINE#         11
  C:0172H         LINE#         13
  C:0188H         LINE#         14
  C:019FH         LINE#         15
  C:01B6H         LINE#         16
  C:01CDH         LINE#         18
  C:01CFH         LINE#         19
  -------         ENDPROC       KEY
  -------         ENDMOD        KEY

  -------         MODULE        LCD1602
  C:0000H         SYMBOL        _ICE_DUMMY_
  D:0080H         PUBLIC        P0
  D:00A0H         PUBLIC        P2
  C:046CH         PUBLIC        _LCD_WriteCommand
  C:035BH         PUBLIC        _LCD_ShowNum
  C:0265H         PUBLIC        _LCD_ShowBinNum
  C:044BH         PUBLIC        LCD_Delay
  C:01D0H         PUBLIC        _LCD_ShowHexNum
  C:03DAH         PUBLIC        _LCD_WriteData
BL51 BANKED LINKER/LOCATER V6.22.2.0                                                  10/18/2022  19:04:20  PAGE 5


  B:00A0H.7       PUBLIC        LCD_EN
  C:0431H         PUBLIC        LCD_Init
  C:03A3H         PUBLIC        _LCD_ShowString
  C:0476H         PUBLIC        _LCD_ShowChar
  B:00A0H.6       PUBLIC        LCD_RS
  B:00A0H.5       PUBLIC        LCD_RW
  C:03E4H         PUBLIC        _LCD_SetCursor
  C:021BH         PUBLIC        _LCD_ShowSignedNum
  C:02DEH         PUBLIC        _LCD_Pow
  -------         PROC          L?0047
  -------         ENDPROC       L?0047
  -------         PROC          LCD_DELAY
  -------         DO            
  D:0007H         SYMBOL        i
  D:0006H         SYMBOL        j
  -------         ENDDO         
  C:044BH         LINE#         15
  C:044BH         LINE#         16
  C:044BH         LINE#         19
  C:044DH         LINE#         20
  C:044FH         LINE#         22
  C:044FH         LINE#         23
  C:0451H         LINE#         24
  C:0453H         LINE#         25
  -------         ENDPROC       LCD_DELAY
  -------         PROC          _LCD_WRITECOMMAND
  D:0007H         SYMBOL        Command
  C:046CH         LINE#         32
  C:046CH         LINE#         33
  C:046CH         LINE#         34
  C:046EH         LINE#         35
  C:046EH         LINE#         36
  C:046EH         LINE#         37
  C:046EH         LINE#         38
  C:0471H         LINE#         39
  C:0473H         LINE#         40
  -------         ENDPROC       _LCD_WRITECOMMAND
  -------         PROC          L?0045
  -------         ENDPROC       L?0045
  -------         PROC          _LCD_WRITEDATA
  D:0007H         SYMBOL        Data
  C:03DAH         LINE#         48
  C:03DAH         LINE#         49
  C:03DAH         LINE#         50
  C:03DCH         LINE#         51
  C:03DCH         LINE#         52
  C:03DCH         LINE#         53
  C:03DCH         LINE#         54
  C:03DFH         LINE#         55
  C:03E1H         LINE#         56
  -------         ENDPROC       _LCD_WRITEDATA
  -------         PROC          _LCD_SETCURSOR
  D:0006H         SYMBOL        Line
  D:0005H         SYMBOL        Column
  C:03E4H         LINE#         65
  C:03E6H         LINE#         66
  C:03E6H         LINE#         67
BL51 BANKED LINKER/LOCATER V6.22.2.0                                                  10/18/2022  19:04:20  PAGE 6


  C:03EEH         LINE#         68
  C:03EEH         LINE#         69
  C:03F0H         LINE#         70
  C:03F2H         LINE#         71
  C:03F8H         LINE#         72
  C:03F8H         LINE#         73
  C:0401H         LINE#         74
  C:0401H         LINE#         75
  -------         ENDPROC       _LCD_SETCURSOR
  -------         PROC          LCD_INIT
  C:0431H         LINE#         82
  C:0431H         LINE#         83
  C:0431H         LINE#         84
  C:0436H         LINE#         85
  C:043BH         LINE#         86
  C:0440H         LINE#         87
  -------         ENDPROC       LCD_INIT
  -------         PROC          _LCD_SHOWCHAR
  D:0006H         SYMBOL        Line
  D:0005H         SYMBOL        Column
  D:0004H         SYMBOL        Char
  C:0476H         LINE#         97
  C:0478H         LINE#         98
  C:0478H         LINE#         99
  C:047BH         LINE#         100
  -------         ENDPROC       _LCD_SHOWCHAR
  -------         PROC          _LCD_SHOWSTRING
  D:0007H         SYMBOL        Line
  D:0005H         SYMBOL        Column
  D:0008H         SYMBOL        String
  -------         DO            
  D:0005H         SYMBOL        i
  -------         ENDDO         
  C:03A3H         LINE#         110
  C:03A9H         LINE#         111
  C:03A9H         LINE#         113
  C:03ACH         LINE#         114
  C:03BFH         LINE#         115
  C:03BFH         LINE#         116
  C:03C2H         LINE#         117
  C:03C5H         LINE#         118
  -------         ENDPROC       _LCD_SHOWSTRING
  -------         PROC          L?0046
  -------         ENDPROC       L?0046
  -------         PROC          _LCD_POW
  D:000DH         SYMBOL        X
  D:000FH         SYMBOL        Y
  -------         DO            
  D:0003H         SYMBOL        i
  D:0006H         SYMBOL        Result
  -------         ENDDO         
  C:02DEH         LINE#         123
  C:02E6H         LINE#         124
  C:02E6H         LINE#         126
  C:02EAH         LINE#         127
  C:02FAH         LINE#         128
  C:02FAH         LINE#         129
BL51 BANKED LINKER/LOCATER V6.22.2.0                                                  10/18/2022  19:04:20  PAGE 7


  C:0301H         LINE#         130
  C:0304H         LINE#         131
  C:0304H         LINE#         132
  -------         ENDPROC       _LCD_POW
  -------         PROC          _LCD_SHOWNUM
  D:0007H         SYMBOL        Line
  D:0005H         SYMBOL        Column
  D:000AH         SYMBOL        Number
  D:000CH         SYMBOL        Length
  -------         DO            
  D:0002H         SYMBOL        i
  -------         ENDDO         
  C:035BH         LINE#         142
  C:035FH         LINE#         143
  C:035FH         LINE#         145
  C:0362H         LINE#         146
  C:0371H         LINE#         147
  C:0371H         LINE#         148
  C:037BH         LINE#         149
  C:037EH         LINE#         150
  -------         ENDPROC       _LCD_SHOWNUM
  -------         PROC          _LCD_SHOWSIGNEDNUM
  D:0007H         SYMBOL        Line
  D:0005H         SYMBOL        Column
  D:0082H         SYMBOL        Number
  D:0015H         SYMBOL        Length
  -------         DO            
  D:0002H         SYMBOL        i
  D:0016H         SYMBOL        Number1
  -------         ENDDO         
  C:021BH         LINE#         160
  C:021FH         LINE#         161
  C:021FH         LINE#         164
  C:0222H         LINE#         165
  C:022BH         LINE#         166
  C:022BH         LINE#         167
  C:0230H         LINE#         168
  C:0236H         LINE#         169
  C:0238H         LINE#         171
  C:0238H         LINE#         172
  C:023DH         LINE#         173
  C:0248H         LINE#         174
  C:0248H         LINE#         175
  C:0257H         LINE#         176
  C:0257H         LINE#         177
  C:0261H         LINE#         178
  C:0264H         LINE#         179
  -------         ENDPROC       _LCD_SHOWSIGNEDNUM
  -------         PROC          _LCD_SHOWHEXNUM
  D:0007H         SYMBOL        Line
  D:0005H         SYMBOL        Column
  D:001AH         SYMBOL        Number
  D:001CH         SYMBOL        Length
  -------         DO            
  D:0002H         SYMBOL        i
  D:0006H         SYMBOL        SingleNumber
  -------         ENDDO         
BL51 BANKED LINKER/LOCATER V6.22.2.0                                                  10/18/2022  19:04:20  PAGE 8


  C:01D0H         LINE#         189
  C:01D4H         LINE#         190
  C:01D4H         LINE#         192
  C:01D7H         LINE#         193
  C:01E3H         LINE#         194
  C:01E3H         LINE#         195
  C:0203H         LINE#         196
  C:020DH         LINE#         197
  C:020DH         LINE#         198
  C:020FH         LINE#         199
  C:0211H         LINE#         201
  C:0211H         LINE#         202
  C:0217H         LINE#         203
  C:0217H         LINE#         204
  C:021AH         LINE#         205
  -------         ENDPROC       _LCD_SHOWHEXNUM
  -------         PROC          _LCD_SHOWBINNUM
  D:0007H         SYMBOL        Line
  D:0005H         SYMBOL        Column
  D:001FH         SYMBOL        Number
  D:0021H         SYMBOL        Length
  -------         DO            
  D:0002H         SYMBOL        i
  -------         ENDDO         
  C:0265H         LINE#         215
  C:0269H         LINE#         216
  C:0269H         LINE#         218
  C:026CH         LINE#         219
  C:027BH         LINE#         220
  C:027BH         LINE#         221
  C:029EH         LINE#         222
  C:02A1H         LINE#         223
  -------         ENDPROC       _LCD_SHOWBINNUM
  -------         ENDMOD        LCD1602

  -------         MODULE        AT24C02
  C:0000H         SYMBOL        _ICE_DUMMY_
  C:0305H         PUBLIC        _AT24C02_ReadByte
  C:037FH         PUBLIC        _AT24C02_WriteByte
  -------         PROC          _AT24C02_WRITEBYTE
  D:0008H         SYMBOL        WordAddress
  D:0009H         SYMBOL        Data
  C:037FH         LINE#         12
  C:0385H         LINE#         13
  C:0388H         LINE#         14
  C:038DH         LINE#         15
  C:0390H         LINE#         16
  C:0395H         LINE#         17
  C:0398H         LINE#         18
  C:039DH         LINE#         19
  C:03A0H         LINE#         20
  -------         ENDPROC       _AT24C02_WRITEBYTE
  -------         PROC          _AT24C02_READBYTE
  D:0008H         SYMBOL        WordAddress
  -------         DO            
  D:0009H         SYMBOL        Data
  -------         ENDDO         
BL51 BANKED LINKER/LOCATER V6.22.2.0                                                  10/18/2022  19:04:20  PAGE 9


  C:0305H         LINE#         29
  C:0307H         LINE#         32
  C:030AH         LINE#         33
  C:030FH         LINE#         34
  C:0312H         LINE#         35
  C:0317H         LINE#         36
  C:031AH         LINE#         38
  C:031DH         LINE#         39
  C:0322H         LINE#         40
  C:0325H         LINE#         41
  C:032AH         LINE#         42
  C:032FH         LINE#         43
  C:0332H         LINE#         45
  C:0334H         LINE#         46
  -------         ENDPROC       _AT24C02_READBYTE
  -------         ENDMOD        AT24C02

  -------         MODULE        I2C
  C:0000H         SYMBOL        _ICE_DUMMY_
  B:00A0H.1       PUBLIC        I2C_SCL
  D:00A0H         PUBLIC        P2
  C:048AH         PUBLIC        I2C_Start
  C:0480H         PUBLIC        _I2C_SendAck
  C:02A2H         PUBLIC        _I2C_SendByte
  C:0493H         PUBLIC        I2C_Stop
  C:0454H         PUBLIC        I2C_ReceiveAck
  B:00A0H.0       PUBLIC        I2C_SDA
  C:0335H         PUBLIC        I2C_ReceiveByte
  -------         PROC          I2C_START
  C:048AH         LINE#         12
  C:048AH         LINE#         13
  C:048CH         LINE#         14
  C:048EH         LINE#         15
  C:0490H         LINE#         16
  C:0492H         LINE#         17
  -------         ENDPROC       I2C_START
  -------         PROC          I2C_STOP
  C:0493H         LINE#         24
  C:0493H         LINE#         25
  C:0495H         LINE#         26
  C:0497H         LINE#         27
  C:0499H         LINE#         28
  -------         ENDPROC       I2C_STOP
  -------         PROC          _I2C_SENDBYTE
  D:0005H         SYMBOL        Byte
  -------         DO            
  D:0003H         SYMBOL        i
  -------         ENDDO         
  C:02A2H         LINE#         34
  C:02A4H         LINE#         36
  C:02B0H         LINE#         37
  C:02CCH         LINE#         38
  C:02CEH         LINE#         39
  C:02D0H         LINE#         40
  C:02D3H         LINE#         41
  -------         ENDPROC       _I2C_SENDBYTE
  -------         PROC          I2C_RECEIVEBYTE
BL51 BANKED LINKER/LOCATER V6.22.2.0                                                  10/18/2022  19:04:20  PAGE 10


  -------         DO            
  D:0006H         SYMBOL        i
  D:0007H         SYMBOL        Byte
  -------         ENDDO         
  C:0335H         LINE#         47
  C:0335H         LINE#         49
  C:0337H         LINE#         50
  C:0343H         LINE#         51
  C:0345H         LINE#         52
  C:0348H         LINE#         53
  C:0355H         LINE#         54
  C:0355H         LINE#         55
  C:0357H         LINE#         56
  C:035AH         LINE#         58
  C:035AH         LINE#         59
  -------         ENDPROC       I2C_RECEIVEBYTE
  -------         PROC          _I2C_SENDACK
  D:0007H         SYMBOL        AckBit
  C:0480H         LINE#         65
  C:0480H         LINE#         66
  C:0485H         LINE#         67
  C:0487H         LINE#         68
  C:0489H         LINE#         69
  -------         ENDPROC       _I2C_SENDACK
  -------         PROC          I2C_RECEIVEACK
  -------         DO            
  D:0007H         SYMBOL        AckBit
  -------         ENDDO         
  C:0454H         LINE#         75
  C:0454H         LINE#         77
  C:0456H         LINE#         78
  C:0458H         LINE#         79
  C:045DH         LINE#         80
  C:045FH         LINE#         81
  C:045FH         LINE#         82
  -------         ENDPROC       I2C_RECEIVEACK
  -------         ENDMOD        I2C

  -------         MODULE        ?C?CLDOPTR
  C:00DBH         PUBLIC        ?C?CLDOPTR
  -------         ENDMOD        ?C?CLDOPTR

  -------         MODULE        ?C?IMUL
  C:0108H         PUBLIC        ?C?IMUL
  -------         ENDMOD        ?C?IMUL

  -------         MODULE        ?C?UIDIV
  C:011AH         PUBLIC        ?C?UIDIV
  -------         ENDMOD        ?C?UIDIV

*** WARNING L16: UNCALLED SEGMENT, IGNORED FOR OVERLAY PROCESS
    SEGMENT: ?PR?_LCD_SHOWCHAR?LCD1602

*** WARNING L16: UNCALLED SEGMENT, IGNORED FOR OVERLAY PROCESS
    SEGMENT: ?PR?_LCD_SHOWSIGNEDNUM?LCD1602

*** WARNING L16: UNCALLED SEGMENT, IGNORED FOR OVERLAY PROCESS
BL51 BANKED LINKER/LOCATER V6.22.2.0                                                  10/18/2022  19:04:20  PAGE 11


    SEGMENT: ?PR?_LCD_SHOWHEXNUM?LCD1602

*** WARNING L16: UNCALLED SEGMENT, IGNORED FOR OVERLAY PROCESS
    SEGMENT: ?PR?_LCD_SHOWBINNUM?LCD1602

Program Size: data=38.0 xdata=0 code=1178
LINK/LOCATE RUN COMPLETE.  4 WARNING(S),  0 ERROR(S)
